
> vite_react_shadcn_ts@0.0.0 test
> vitest --run --reporter=verbose


[1m[46m RUN [49m[22m [36mv4.0.8 [39m[90m/workspaces/indigenous-rising-ai[39m

ReferenceError: ResizeObserver is not defined
    at file:///workspaces/indigenous-rising-ai/node_modules/@radix-ui/react-use-size/dist/index.mjs:9:30
    at commitHookEffectListMount (/workspaces/indigenous-rising-ai/node_modules/react-dom/cjs/react-dom.development.js:23189:26)
    at commitLayoutEffectOnFiber (/workspaces/indigenous-rising-ai/node_modules/react-dom/cjs/react-dom.development.js:23312:15)
    at commitLayoutMountEffects_complete (/workspaces/indigenous-rising-ai/node_modules/react-dom/cjs/react-dom.development.js:24727:9)
    at commitLayoutEffects_begin (/workspaces/indigenous-rising-ai/node_modules/react-dom/cjs/react-dom.development.js:24713:7)
    at commitLayoutEffects (/workspaces/indigenous-rising-ai/node_modules/react-dom/cjs/react-dom.development.js:24651:3)
    at commitRootImpl (/workspaces/indigenous-rising-ai/node_modules/react-dom/cjs/react-dom.development.js:26862:5)
    at commitRoot (/workspaces/indigenous-rising-ai/node_modules/react-dom/cjs/react-dom.development.js:26721:5)
    at performSyncWorkOnRoot (/workspaces/indigenous-rising-ai/node_modules/react-dom/cjs/react-dom.development.js:26156:3)
    at flushSyncCallbacks (/workspaces/indigenous-rising-ai/node_modules/react-dom/cjs/react-dom.development.js:12042:22)
ReferenceError: ResizeObserver is not defined
    at file:///workspaces/indigenous-rising-ai/node_modules/@radix-ui/react-use-size/dist/index.mjs:9:30
    at commitHookEffectListMount (/workspaces/indigenous-rising-ai/node_modules/react-dom/cjs/react-dom.development.js:23189:26)
    at commitLayoutEffectOnFiber (/workspaces/indigenous-rising-ai/node_modules/react-dom/cjs/react-dom.development.js:23312:15)
    at commitLayoutMountEffects_complete (/workspaces/indigenous-rising-ai/node_modules/react-dom/cjs/react-dom.development.js:24727:9)
    at commitLayoutEffects_begin (/workspaces/indigenous-rising-ai/node_modules/react-dom/cjs/react-dom.development.js:24713:7)
    at commitLayoutEffects (/workspaces/indigenous-rising-ai/node_modules/react-dom/cjs/react-dom.development.js:24651:3)
    at commitRootImpl (/workspaces/indigenous-rising-ai/node_modules/react-dom/cjs/react-dom.development.js:26862:5)
    at commitRoot (/workspaces/indigenous-rising-ai/node_modules/react-dom/cjs/react-dom.development.js:26721:5)
    at performSyncWorkOnRoot (/workspaces/indigenous-rising-ai/node_modules/react-dom/cjs/react-dom.development.js:26156:3)
    at flushSyncCallbacks (/workspaces/indigenous-rising-ai/node_modules/react-dom/cjs/react-dom.development.js:12042:22)
ReferenceError: ResizeObserver is not defined
    at file:///workspaces/indigenous-rising-ai/node_modules/@radix-ui/react-use-size/dist/index.mjs:9:30
    at commitHookEffectListMount (/workspaces/indigenous-rising-ai/node_modules/react-dom/cjs/react-dom.development.js:23189:26)
    at commitLayoutEffectOnFiber (/workspaces/indigenous-rising-ai/node_modules/react-dom/cjs/react-dom.development.js:23312:15)
    at commitLayoutMountEffects_complete (/workspaces/indigenous-rising-ai/node_modules/react-dom/cjs/react-dom.development.js:24727:9)
    at commitLayoutEffects_begin (/workspaces/indigenous-rising-ai/node_modules/react-dom/cjs/react-dom.development.js:24713:7)
    at commitLayoutEffects (/workspaces/indigenous-rising-ai/node_modules/react-dom/cjs/react-dom.development.js:24651:3)
    at commitRootImpl (/workspaces/indigenous-rising-ai/node_modules/react-dom/cjs/react-dom.development.js:26862:5)
    at commitRoot (/workspaces/indigenous-rising-ai/node_modules/react-dom/cjs/react-dom.development.js:26721:5)
    at performSyncWorkOnRoot (/workspaces/indigenous-rising-ai/node_modules/react-dom/cjs/react-dom.development.js:26156:3)
    at flushSyncCallbacks (/workspaces/indigenous-rising-ai/node_modules/react-dom/cjs/react-dom.development.js:12042:22)
ReferenceError: ResizeObserver is not defined
    at file:///workspaces/indigenous-rising-ai/node_modules/@radix-ui/react-use-size/dist/index.mjs:9:30
    at commitHookEffectListMount (/workspaces/indigenous-rising-ai/node_modules/react-dom/cjs/react-dom.development.js:23189:26)
    at commitLayoutEffectOnFiber (/workspaces/indigenous-rising-ai/node_modules/react-dom/cjs/react-dom.development.js:23312:15)
    at commitLayoutMountEffects_complete (/workspaces/indigenous-rising-ai/node_modules/react-dom/cjs/react-dom.development.js:24727:9)
    at commitLayoutEffects_begin (/workspaces/indigenous-rising-ai/node_modules/react-dom/cjs/react-dom.development.js:24713:7)
    at commitLayoutEffects (/workspaces/indigenous-rising-ai/node_modules/react-dom/cjs/react-dom.development.js:24651:3)
    at commitRootImpl (/workspaces/indigenous-rising-ai/node_modules/react-dom/cjs/react-dom.development.js:26862:5)
    at commitRoot (/workspaces/indigenous-rising-ai/node_modules/react-dom/cjs/react-dom.development.js:26721:5)
    at performSyncWorkOnRoot (/workspaces/indigenous-rising-ai/node_modules/react-dom/cjs/react-dom.development.js:26156:3)
    at flushSyncCallbacks (/workspaces/indigenous-rising-ai/node_modules/react-dom/cjs/react-dom.development.js:12042:22)
ReferenceError: ResizeObserver is not defined
    at file:///workspaces/indigenous-rising-ai/node_modules/@radix-ui/react-use-size/dist/index.mjs:9:30
    at commitHookEffectListMount (/workspaces/indigenous-rising-ai/node_modules/react-dom/cjs/react-dom.development.js:23189:26)
    at commitLayoutEffectOnFiber (/workspaces/indigenous-rising-ai/node_modules/react-dom/cjs/react-dom.development.js:23312:15)
    at commitLayoutMountEffects_complete (/workspaces/indigenous-rising-ai/node_modules/react-dom/cjs/react-dom.development.js:24727:9)
    at commitLayoutEffects_begin (/workspaces/indigenous-rising-ai/node_modules/react-dom/cjs/react-dom.development.js:24713:7)
    at commitLayoutEffects (/workspaces/indigenous-rising-ai/node_modules/react-dom/cjs/react-dom.development.js:24651:3)
    at commitRootImpl (/workspaces/indigenous-rising-ai/node_modules/react-dom/cjs/react-dom.development.js:26862:5)
    at commitRoot (/workspaces/indigenous-rising-ai/node_modules/react-dom/cjs/react-dom.development.js:26721:5)
    at performSyncWorkOnRoot (/workspaces/indigenous-rising-ai/node_modules/react-dom/cjs/react-dom.development.js:26156:3)
    at flushSyncCallbacks (/workspaces/indigenous-rising-ai/node_modules/react-dom/cjs/react-dom.development.js:12042:22)
[90mstderr[2m | src/components/DataRequestForm.test.tsx[2m > [22m[2mDataRequestForm[2m > [22m[2mrenders data request form with all fields
[22m[39m⚠️ React Router Future Flag Warning: React Router will begin wrapping state updates in `React.startTransition` in v7. You can use the `v7_startTransition` future flag to opt-in early. For more information, see https://reactrouter.com/v6/upgrading/future#v7_starttransition.
⚠️ React Router Future Flag Warning: Relative route resolution within Splat routes is changing in v7. You can use the `v7_relativeSplatPath` future flag to opt-in early. For more information, see https://reactrouter.com/v6/upgrading/future#v7_relativesplatpath.
The above error occurred in the <RadioBubbleInput> component:

    at file:///workspaces/indigenous-rising-ai/node_modules/@radix-ui/react-radio-group/dist/index.mjs:104:5
    at Provider (file:///workspaces/indigenous-rising-ai/node_modules/@radix-ui/react-context/dist/index.mjs:27:15)
    at file:///workspaces/indigenous-rising-ai/node_modules/@radix-ui/react-radio-group/dist/index.mjs:30:7
    at file:///workspaces/indigenous-rising-ai/node_modules/@radix-ui/react-slot/dist/index.mjs:33:13
    at file:///workspaces/indigenous-rising-ai/node_modules/@radix-ui/react-slot/dist/index.mjs:9:13
    at file:///workspaces/indigenous-rising-ai/node_modules/@radix-ui/react-primitive/dist/index.mjs:28:13
    at file:///workspaces/indigenous-rising-ai/node_modules/@radix-ui/react-slot/dist/index.mjs:33:13
    at file:///workspaces/indigenous-rising-ai/node_modules/@radix-ui/react-slot/dist/index.mjs:9:13
    at file:///workspaces/indigenous-rising-ai/node_modules/@radix-ui/react-collection/dist/index.mjs:39:15
    at file:///workspaces/indigenous-rising-ai/node_modules/@radix-ui/react-roving-focus/dist/index.mjs:124:7
    at file:///workspaces/indigenous-rising-ai/node_modules/@radix-ui/react-radio-group/dist/index.mjs:228:13
    at /workspaces/indigenous-rising-ai/src/components/ui/radio-group.tsx:25:74
    at div
    at div
    at file:///workspaces/indigenous-rising-ai/node_modules/@radix-ui/react-primitive/dist/index.mjs:28:13
    at file:///workspaces/indigenous-rising-ai/node_modules/@radix-ui/react-slot/dist/index.mjs:33:13
    at file:///workspaces/indigenous-rising-ai/node_modules/@radix-ui/react-slot/dist/index.mjs:9:13
    at file:///workspaces/indigenous-rising-ai/node_modules/@radix-ui/react-primitive/dist/index.mjs:28:13
    at Provider (file:///workspaces/indigenous-rising-ai/node_modules/@radix-ui/react-context/dist/index.mjs:27:15)
    at file:///workspaces/indigenous-rising-ai/node_modules/@radix-ui/react-roving-focus/dist/index.mjs:32:5
    at file:///workspaces/indigenous-rising-ai/node_modules/@radix-ui/react-slot/dist/index.mjs:33:13
    at file:///workspaces/indigenous-rising-ai/node_modules/@radix-ui/react-slot/dist/index.mjs:9:13
    at file:///workspaces/indigenous-rising-ai/node_modules/@radix-ui/react-collection/dist/index.mjs:27:15
    at Provider (file:///workspaces/indigenous-rising-ai/node_modules/@radix-ui/react-context/dist/index.mjs:27:15)
    at CollectionProvider (file:///workspaces/indigenous-rising-ai/node_modules/@radix-ui/react-collection/dist/index.mjs:17:13)
    at file:///workspaces/indigenous-rising-ai/node_modules/@radix-ui/react-roving-focus/dist/index.mjs:26:68
    at Provider (file:///workspaces/indigenous-rising-ai/node_modules/@radix-ui/react-context/dist/index.mjs:27:15)
    at file:///workspaces/indigenous-rising-ai/node_modules/@radix-ui/react-radio-group/dist/index.mjs:169:7
    at /workspaces/indigenous-rising-ai/src/components/ui/radio-group.tsx:13:70
    at div
    at form
    at div
    at div
    at /workspaces/indigenous-rising-ai/src/components/ui/card.tsx:13:64
    at DataRequestForm (/workspaces/indigenous-rising-ai/src/components/DataRequestForm.tsx:37:77)
    at Router (/workspaces/indigenous-rising-ai/node_modules/react-router/dist/umd/react-router.development.js:1207:17)
    at BrowserRouter (/workspaces/indigenous-rising-ai/node_modules/react-router-dom/dist/umd/react-router-dom.development.js:695:7)

Consider adding an error boundary to your tree to customize error handling behavior.
Visit https://reactjs.org/link/error-boundaries to learn more about error boundaries.
The above error occurred in the <RadioBubbleInput> component:

    at file:///workspaces/indigenous-rising-ai/node_modules/@radix-ui/react-radio-group/dist/index.mjs:104:5
    at Provider (file:///workspaces/indigenous-rising-ai/node_modules/@radix-ui/react-context/dist/index.mjs:27:15)
    at file:///workspaces/indigenous-rising-ai/node_modules/@radix-ui/react-radio-group/dist/index.mjs:30:7
    at file:///workspaces/indigenous-rising-ai/node_modules/@radix-ui/react-slot/dist/index.mjs:33:13
    at file:///workspaces/indigenous-rising-ai/node_modules/@radix-ui/react-slot/dist/index.mjs:9:13
    at file:///workspaces/indigenous-rising-ai/node_modules/@radix-ui/react-primitive/dist/index.mjs:28:13
    at file:///workspaces/indigenous-rising-ai/node_modules/@radix-ui/react-slot/dist/index.mjs:33:13
    at file:///workspaces/indigenous-rising-ai/node_modules/@radix-ui/react-slot/dist/index.mjs:9:13
    at file:///workspaces/indigenous-rising-ai/node_modules/@radix-ui/react-collection/dist/index.mjs:39:15
    at file:///workspaces/indigenous-rising-ai/node_modules/@radix-ui/react-roving-focus/dist/index.mjs:124:7
    at file:///workspaces/indigenous-rising-ai/node_modules/@radix-ui/react-radio-group/dist/index.mjs:228:13
    at /workspaces/indigenous-rising-ai/src/components/ui/radio-group.tsx:25:74
    at div
    at div
    at file:///workspaces/indigenous-rising-ai/node_modules/@radix-ui/react-primitive/dist/index.mjs:28:13
    at file:///workspaces/indigenous-rising-ai/node_modules/@radix-ui/react-slot/dist/index.mjs:33:13
    at file:///workspaces/indigenous-rising-ai/node_modules/@radix-ui/react-slot/dist/index.mjs:9:13
    at file:///workspaces/indigenous-rising-ai/node_modules/@radix-ui/react-primitive/dist/index.mjs:28:13
    at Provider (file:///workspaces/indigenous-rising-ai/node_modules/@radix-ui/react-context/dist/index.mjs:27:15)
    at file:///workspaces/indigenous-rising-ai/node_modules/@radix-ui/react-roving-focus/dist/index.mjs:32:5
    at file:///workspaces/indigenous-rising-ai/node_modules/@radix-ui/react-slot/dist/index.mjs:33:13
    at file:///workspaces/indigenous-rising-ai/node_modules/@radix-ui/react-slot/dist/index.mjs:9:13
    at file:///workspaces/indigenous-rising-ai/node_modules/@radix-ui/react-collection/dist/index.mjs:27:15
    at Provider (file:///workspaces/indigenous-rising-ai/node_modules/@radix-ui/react-context/dist/index.mjs:27:15)
    at CollectionProvider (file:///workspaces/indigenous-rising-ai/node_modules/@radix-ui/react-collection/dist/index.mjs:17:13)
    at file:///workspaces/indigenous-rising-ai/node_modules/@radix-ui/react-roving-focus/dist/index.mjs:26:68
    at Provider (file:///workspaces/indigenous-rising-ai/node_modules/@radix-ui/react-context/dist/index.mjs:27:15)
    at file:///workspaces/indigenous-rising-ai/node_modules/@radix-ui/react-radio-group/dist/index.mjs:169:7
    at /workspaces/indigenous-rising-ai/src/components/ui/radio-group.tsx:13:70
    at div
    at form
    at div
    at div
    at /workspaces/indigenous-rising-ai/src/components/ui/card.tsx:13:64
    at DataRequestForm (/workspaces/indigenous-rising-ai/src/components/DataRequestForm.tsx:37:77)
    at Router (/workspaces/indigenous-rising-ai/node_modules/react-router/dist/umd/react-router.development.js:1207:17)
    at BrowserRouter (/workspaces/indigenous-rising-ai/node_modules/react-router-dom/dist/umd/react-router-dom.development.js:695:7)

Consider adding an error boundary to your tree to customize error handling behavior.
Visit https://reactjs.org/link/error-boundaries to learn more about error boundaries.
The above error occurred in the <RadioBubbleInput> component:

    at file:///workspaces/indigenous-rising-ai/node_modules/@radix-ui/react-radio-group/dist/index.mjs:104:5
    at Provider (file:///workspaces/indigenous-rising-ai/node_modules/@radix-ui/react-context/dist/index.mjs:27:15)
    at file:///workspaces/indigenous-rising-ai/node_modules/@radix-ui/react-radio-group/dist/index.mjs:30:7
    at file:///workspaces/indigenous-rising-ai/node_modules/@radix-ui/react-slot/dist/index.mjs:33:13
    at file:///workspaces/indigenous-rising-ai/node_modules/@radix-ui/react-slot/dist/index.mjs:9:13
    at file:///workspaces/indigenous-rising-ai/node_modules/@radix-ui/react-primitive/dist/index.mjs:28:13
    at file:///workspaces/indigenous-rising-ai/node_modules/@radix-ui/react-slot/dist/index.mjs:33:13
    at file:///workspaces/indigenous-rising-ai/node_modules/@radix-ui/react-slot/dist/index.mjs:9:13
    at file:///workspaces/indigenous-rising-ai/node_modules/@radix-ui/react-collection/dist/index.mjs:39:15
    at file:///workspaces/indigenous-rising-ai/node_modules/@radix-ui/react-roving-focus/dist/index.mjs:124:7
    at file:///workspaces/indigenous-rising-ai/node_modules/@radix-ui/react-radio-group/dist/index.mjs:228:13
    at /workspaces/indigenous-rising-ai/src/components/ui/radio-group.tsx:25:74
    at div
    at div
    at file:///workspaces/indigenous-rising-ai/node_modules/@radix-ui/react-primitive/dist/index.mjs:28:13
    at file:///workspaces/indigenous-rising-ai/node_modules/@radix-ui/react-slot/dist/index.mjs:33:13
    at file:///workspaces/indigenous-rising-ai/node_modules/@radix-ui/react-slot/dist/index.mjs:9:13
    at file:///workspaces/indigenous-rising-ai/node_modules/@radix-ui/react-primitive/dist/index.mjs:28:13
    at Provider (file:///workspaces/indigenous-rising-ai/node_modules/@radix-ui/react-context/dist/index.mjs:27:15)
    at file:///workspaces/indigenous-rising-ai/node_modules/@radix-ui/react-roving-focus/dist/index.mjs:32:5
    at file:///workspaces/indigenous-rising-ai/node_modules/@radix-ui/react-slot/dist/index.mjs:33:13
    at file:///workspaces/indigenous-rising-ai/node_modules/@radix-ui/react-slot/dist/index.mjs:9:13
    at file:///workspaces/indigenous-rising-ai/node_modules/@radix-ui/react-collection/dist/index.mjs:27:15
    at Provider (file:///workspaces/indigenous-rising-ai/node_modules/@radix-ui/react-context/dist/index.mjs:27:15)
    at CollectionProvider (file:///workspaces/indigenous-rising-ai/node_modules/@radix-ui/react-collection/dist/index.mjs:17:13)
    at file:///workspaces/indigenous-rising-ai/node_modules/@radix-ui/react-roving-focus/dist/index.mjs:26:68
    at Provider (file:///workspaces/indigenous-rising-ai/node_modules/@radix-ui/react-context/dist/index.mjs:27:15)
    at file:///workspaces/indigenous-rising-ai/node_modules/@radix-ui/react-radio-group/dist/index.mjs:169:7
    at /workspaces/indigenous-rising-ai/src/components/ui/radio-group.tsx:13:70
    at div
    at form
    at div
    at div
    at /workspaces/indigenous-rising-ai/src/components/ui/card.tsx:13:64
    at DataRequestForm (/workspaces/indigenous-rising-ai/src/components/DataRequestForm.tsx:37:77)
    at Router (/workspaces/indigenous-rising-ai/node_modules/react-router/dist/umd/react-router.development.js:1207:17)
    at BrowserRouter (/workspaces/indigenous-rising-ai/node_modules/react-router-dom/dist/umd/react-router-dom.development.js:695:7)

Consider adding an error boundary to your tree to customize error handling behavior.
Visit https://reactjs.org/link/error-boundaries to learn more about error boundaries.
The above error occurred in the <RadioBubbleInput> component:

    at file:///workspaces/indigenous-rising-ai/node_modules/@radix-ui/react-radio-group/dist/index.mjs:104:5
    at Provider (file:///workspaces/indigenous-rising-ai/node_modules/@radix-ui/react-context/dist/index.mjs:27:15)
    at file:///workspaces/indigenous-rising-ai/node_modules/@radix-ui/react-radio-group/dist/index.mjs:30:7
    at file:///workspaces/indigenous-rising-ai/node_modules/@radix-ui/react-slot/dist/index.mjs:33:13
    at file:///workspaces/indigenous-rising-ai/node_modules/@radix-ui/react-slot/dist/index.mjs:9:13
    at file:///workspaces/indigenous-rising-ai/node_modules/@radix-ui/react-primitive/dist/index.mjs:28:13
    at file:///workspaces/indigenous-rising-ai/node_modules/@radix-ui/react-slot/dist/index.mjs:33:13
    at file:///workspaces/indigenous-rising-ai/node_modules/@radix-ui/react-slot/dist/index.mjs:9:13
    at file:///workspaces/indigenous-rising-ai/node_modules/@radix-ui/react-collection/dist/index.mjs:39:15
    at file:///workspaces/indigenous-rising-ai/node_modules/@radix-ui/react-roving-focus/dist/index.mjs:124:7
    at file:///workspaces/indigenous-rising-ai/node_modules/@radix-ui/react-radio-group/dist/index.mjs:228:13
    at /workspaces/indigenous-rising-ai/src/components/ui/radio-group.tsx:25:74
    at div
    at div
    at file:///workspaces/indigenous-rising-ai/node_modules/@radix-ui/react-primitive/dist/index.mjs:28:13
    at file:///workspaces/indigenous-rising-ai/node_modules/@radix-ui/react-slot/dist/index.mjs:33:13
    at file:///workspaces/indigenous-rising-ai/node_modules/@radix-ui/react-slot/dist/index.mjs:9:13
    at file:///workspaces/indigenous-rising-ai/node_modules/@radix-ui/react-primitive/dist/index.mjs:28:13
    at Provider (file:///workspaces/indigenous-rising-ai/node_modules/@radix-ui/react-context/dist/index.mjs:27:15)
    at file:///workspaces/indigenous-rising-ai/node_modules/@radix-ui/react-roving-focus/dist/index.mjs:32:5
    at file:///workspaces/indigenous-rising-ai/node_modules/@radix-ui/react-slot/dist/index.mjs:33:13
    at file:///workspaces/indigenous-rising-ai/node_modules/@radix-ui/react-slot/dist/index.mjs:9:13
    at file:///workspaces/indigenous-rising-ai/node_modules/@radix-ui/react-collection/dist/index.mjs:27:15
    at Provider (file:///workspaces/indigenous-rising-ai/node_modules/@radix-ui/react-context/dist/index.mjs:27:15)
    at CollectionProvider (file:///workspaces/indigenous-rising-ai/node_modules/@radix-ui/react-collection/dist/index.mjs:17:13)
    at file:///workspaces/indigenous-rising-ai/node_modules/@radix-ui/react-roving-focus/dist/index.mjs:26:68
    at Provider (file:///workspaces/indigenous-rising-ai/node_modules/@radix-ui/react-context/dist/index.mjs:27:15)
    at file:///workspaces/indigenous-rising-ai/node_modules/@radix-ui/react-radio-group/dist/index.mjs:169:7
    at /workspaces/indigenous-rising-ai/src/components/ui/radio-group.tsx:13:70
    at div
    at form
    at div
    at div
    at /workspaces/indigenous-rising-ai/src/components/ui/card.tsx:13:64
    at DataRequestForm (/workspaces/indigenous-rising-ai/src/components/DataRequestForm.tsx:37:77)
    at Router (/workspaces/indigenous-rising-ai/node_modules/react-router/dist/umd/react-router.development.js:1207:17)
    at BrowserRouter (/workspaces/indigenous-rising-ai/node_modules/react-router-dom/dist/umd/react-router-dom.development.js:695:7)

Consider adding an error boundary to your tree to customize error handling behavior.
Visit https://reactjs.org/link/error-boundaries to learn more about error boundaries.
The above error occurred in the <RadioBubbleInput> component:

    at file:///workspaces/indigenous-rising-ai/node_modules/@radix-ui/react-radio-group/dist/index.mjs:104:5
    at Provider (file:///workspaces/indigenous-rising-ai/node_modules/@radix-ui/react-context/dist/index.mjs:27:15)
    at file:///workspaces/indigenous-rising-ai/node_modules/@radix-ui/react-radio-group/dist/index.mjs:30:7
    at file:///workspaces/indigenous-rising-ai/node_modules/@radix-ui/react-slot/dist/index.mjs:33:13
    at file:///workspaces/indigenous-rising-ai/node_modules/@radix-ui/react-slot/dist/index.mjs:9:13
    at file:///workspaces/indigenous-rising-ai/node_modules/@radix-ui/react-primitive/dist/index.mjs:28:13
    at file:///workspaces/indigenous-rising-ai/node_modules/@radix-ui/react-slot/dist/index.mjs:33:13
    at file:///workspaces/indigenous-rising-ai/node_modules/@radix-ui/react-slot/dist/index.mjs:9:13
    at file:///workspaces/indigenous-rising-ai/node_modules/@radix-ui/react-collection/dist/index.mjs:39:15
    at file:///workspaces/indigenous-rising-ai/node_modules/@radix-ui/react-roving-focus/dist/index.mjs:124:7
    at file:///workspaces/indigenous-rising-ai/node_modules/@radix-ui/react-radio-group/dist/index.mjs:228:13
    at /workspaces/indigenous-rising-ai/src/components/ui/radio-group.tsx:25:74
    at div
    at div
    at file:///workspaces/indigenous-rising-ai/node_modules/@radix-ui/react-primitive/dist/index.mjs:28:13
    at file:///workspaces/indigenous-rising-ai/node_modules/@radix-ui/react-slot/dist/index.mjs:33:13
    at file:///workspaces/indigenous-rising-ai/node_modules/@radix-ui/react-slot/dist/index.mjs:9:13
    at file:///workspaces/indigenous-rising-ai/node_modules/@radix-ui/react-primitive/dist/index.mjs:28:13
    at Provider (file:///workspaces/indigenous-rising-ai/node_modules/@radix-ui/react-context/dist/index.mjs:27:15)
    at file:///workspaces/indigenous-rising-ai/node_modules/@radix-ui/react-roving-focus/dist/index.mjs:32:5
    at file:///workspaces/indigenous-rising-ai/node_modules/@radix-ui/react-slot/dist/index.mjs:33:13
    at file:///workspaces/indigenous-rising-ai/node_modules/@radix-ui/react-slot/dist/index.mjs:9:13
    at file:///workspaces/indigenous-rising-ai/node_modules/@radix-ui/react-collection/dist/index.mjs:27:15
    at Provider (file:///workspaces/indigenous-rising-ai/node_modules/@radix-ui/react-context/dist/index.mjs:27:15)
    at CollectionProvider (file:///workspaces/indigenous-rising-ai/node_modules/@radix-ui/react-collection/dist/index.mjs:17:13)
    at file:///workspaces/indigenous-rising-ai/node_modules/@radix-ui/react-roving-focus/dist/index.mjs:26:68
    at Provider (file:///workspaces/indigenous-rising-ai/node_modules/@radix-ui/react-context/dist/index.mjs:27:15)
    at file:///workspaces/indigenous-rising-ai/node_modules/@radix-ui/react-radio-group/dist/index.mjs:169:7
    at /workspaces/indigenous-rising-ai/src/components/ui/radio-group.tsx:13:70
    at div
    at form
    at div
    at div
    at /workspaces/indigenous-rising-ai/src/components/ui/card.tsx:13:64
    at DataRequestForm (/workspaces/indigenous-rising-ai/src/components/DataRequestForm.tsx:37:77)
    at Router (/workspaces/indigenous-rising-ai/node_modules/react-router/dist/umd/react-router.development.js:1207:17)
    at BrowserRouter (/workspaces/indigenous-rising-ai/node_modules/react-router-dom/dist/umd/react-router-dom.development.js:695:7)

Consider adding an error boundary to your tree to customize error handling behavior.
Visit https://reactjs.org/link/error-boundaries to learn more about error boundaries.

ReferenceError: ResizeObserver is not defined
    at file:///workspaces/indigenous-rising-ai/node_modules/@radix-ui/react-use-size/dist/index.mjs:9:30
    at commitHookEffectListMount (/workspaces/indigenous-rising-ai/node_modules/react-dom/cjs/react-dom.development.js:23189:26)
    at commitLayoutEffectOnFiber (/workspaces/indigenous-rising-ai/node_modules/react-dom/cjs/react-dom.development.js:23312:15)
    at commitLayoutMountEffects_complete (/workspaces/indigenous-rising-ai/node_modules/react-dom/cjs/react-dom.development.js:24727:9)
    at commitLayoutEffects_begin (/workspaces/indigenous-rising-ai/node_modules/react-dom/cjs/react-dom.development.js:24713:7)
    at commitLayoutEffects (/workspaces/indigenous-rising-ai/node_modules/react-dom/cjs/react-dom.development.js:24651:3)
    at commitRootImpl (/workspaces/indigenous-rising-ai/node_modules/react-dom/cjs/react-dom.development.js:26862:5)
    at commitRoot (/workspaces/indigenous-rising-ai/node_modules/react-dom/cjs/react-dom.development.js:26721:5)
    at performSyncWorkOnRoot (/workspaces/indigenous-rising-ai/node_modules/react-dom/cjs/react-dom.development.js:26156:3)
    at flushSyncCallbacks (/workspaces/indigenous-rising-ai/node_modules/react-dom/cjs/react-dom.development.js:12042:22)
ReferenceError: ResizeObserver is not defined
    at file:///workspaces/indigenous-rising-ai/node_modules/@radix-ui/react-use-size/dist/index.mjs:9:30
    at commitHookEffectListMount (/workspaces/indigenous-rising-ai/node_modules/react-dom/cjs/react-dom.development.js:23189:26)
    at commitLayoutEffectOnFiber (/workspaces/indigenous-rising-ai/node_modules/react-dom/cjs/react-dom.development.js:23312:15)
    at commitLayoutMountEffects_complete (/workspaces/indigenous-rising-ai/node_modules/react-dom/cjs/react-dom.development.js:24727:9)
    at commitLayoutEffects_begin (/workspaces/indigenous-rising-ai/node_modules/react-dom/cjs/react-dom.development.js:24713:7)
    at commitLayoutEffects (/workspaces/indigenous-rising-ai/node_modules/react-dom/cjs/react-dom.development.js:24651:3)
    at commitRootImpl (/workspaces/indigenous-rising-ai/node_modules/react-dom/cjs/react-dom.development.js:26862:5)
    at commitRoot (/workspaces/indigenous-rising-ai/node_modules/react-dom/cjs/react-dom.development.js:26721:5)
    at performSyncWorkOnRoot (/workspaces/indigenous-rising-ai/node_modules/react-dom/cjs/react-dom.development.js:26156:3)
    at flushSyncCallbacks (/workspaces/indigenous-rising-ai/node_modules/react-dom/cjs/react-dom.development.js:12042:22)
ReferenceError: ResizeObserver is not defined
    at file:///workspaces/indigenous-rising-ai/node_modules/@radix-ui/react-use-size/dist/index.mjs:9:30
    at commitHookEffectListMount (/workspaces/indigenous-rising-ai/node_modules/react-dom/cjs/react-dom.development.js:23189:26)
    at commitLayoutEffectOnFiber (/workspaces/indigenous-rising-ai/node_modules/react-dom/cjs/react-dom.development.js:23312:15)
    at commitLayoutMountEffects_complete (/workspaces/indigenous-rising-ai/node_modules/react-dom/cjs/react-dom.development.js:24727:9)
    at commitLayoutEffects_begin (/workspaces/indigenous-rising-ai/node_modules/react-dom/cjs/react-dom.development.js:24713:7)
    at commitLayoutEffects (/workspaces/indigenous-rising-ai/node_modules/react-dom/cjs/react-dom.development.js:24651:3)
    at commitRootImpl (/workspaces/indigenous-rising-ai/node_modules/react-dom/cjs/react-dom.development.js:26862:5)
    at commitRoot (/workspaces/indigenous-rising-ai/node_modules/react-dom/cjs/react-dom.development.js:26721:5)
    at performSyncWorkOnRoot (/workspaces/indigenous-rising-ai/node_modules/react-dom/cjs/react-dom.development.js:26156:3)
    at flushSyncCallbacks (/workspaces/indigenous-rising-ai/node_modules/react-dom/cjs/react-dom.development.js:12042:22)
ReferenceError: ResizeObserver is not defined
    at file:///workspaces/indigenous-rising-ai/node_modules/@radix-ui/react-use-size/dist/index.mjs:9:30
    at commitHookEffectListMount (/workspaces/indigenous-rising-ai/node_modules/react-dom/cjs/react-dom.development.js:23189:26)
    at commitLayoutEffectOnFiber (/workspaces/indigenous-rising-ai/node_modules/react-dom/cjs/react-dom.development.js:23312:15)
    at commitLayoutMountEffects_complete (/workspaces/indigenous-rising-ai/node_modules/react-dom/cjs/react-dom.development.js:24727:9)
    at commitLayoutEffects_begin (/workspaces/indigenous-rising-ai/node_modules/react-dom/cjs/react-dom.development.js:24713:7)
    at commitLayoutEffects (/workspaces/indigenous-rising-ai/node_modules/react-dom/cjs/react-dom.development.js:24651:3)
    at commitRootImpl (/workspaces/indigenous-rising-ai/node_modules/react-dom/cjs/react-dom.development.js:26862:5)
    at commitRoot (/workspaces/indigenous-rising-ai/node_modules/react-dom/cjs/react-dom.development.js:26721:5)
    at performSyncWorkOnRoot (/workspaces/indigenous-rising-ai/node_modules/react-dom/cjs/react-dom.development.js:26156:3)
    at flushSyncCallbacks (/workspaces/indigenous-rising-ai/node_modules/react-dom/cjs/react-dom.development.js:12042:22)
ReferenceError: ResizeObserver is not defined
    at file:///workspaces/indigenous-rising-ai/node_modules/@radix-ui/react-use-size/dist/index.mjs:9:30
    at commitHookEffectListMount (/workspaces/indigenous-rising-ai/node_modules/react-dom/cjs/react-dom.development.js:23189:26)
    at commitLayoutEffectOnFiber (/workspaces/indigenous-rising-ai/node_modules/react-dom/cjs/react-dom.development.js:23312:15)
    at commitLayoutMountEffects_complete (/workspaces/indigenous-rising-ai/node_modules/react-dom/cjs/react-dom.development.js:24727:9)
    at commitLayoutEffects_begin (/workspaces/indigenous-rising-ai/node_modules/react-dom/cjs/react-dom.development.js:24713:7)
    at commitLayoutEffects (/workspaces/indigenous-rising-ai/node_modules/react-dom/cjs/react-dom.development.js:24651:3)
    at commitRootImpl (/workspaces/indigenous-rising-ai/node_modules/react-dom/cjs/react-dom.development.js:26862:5)
    at commitRoot (/workspaces/indigenous-rising-ai/node_modules/react-dom/cjs/react-dom.development.js:26721:5)
    at performSyncWorkOnRoot (/workspaces/indigenous-rising-ai/node_modules/react-dom/cjs/react-dom.development.js:26156:3)
    at flushSyncCallbacks (/workspaces/indigenous-rising-ai/node_modules/react-dom/cjs/react-dom.development.js:12042:22)
[90mstderr[2m | src/components/DataRequestForm.test.tsx[2m > [22m[2mDataRequestForm[2m > [22m[2mrenders all request type options
[22m[39mThe above error occurred in the <RadioBubbleInput> component:

    at file:///workspaces/indigenous-rising-ai/node_modules/@radix-ui/react-radio-group/dist/index.mjs:104:5
    at Provider (file:///workspaces/indigenous-rising-ai/node_modules/@radix-ui/react-context/dist/index.mjs:27:15)
    at file:///workspaces/indigenous-rising-ai/node_modules/@radix-ui/react-radio-group/dist/index.mjs:30:7
    at file:///workspaces/indigenous-rising-ai/node_modules/@radix-ui/react-slot/dist/index.mjs:33:13
    at file:///workspaces/indigenous-rising-ai/node_modules/@radix-ui/react-slot/dist/index.mjs:9:13
    at file:///workspaces/indigenous-rising-ai/node_modules/@radix-ui/react-primitive/dist/index.mjs:28:13
    at file:///workspaces/indigenous-rising-ai/node_modules/@radix-ui/react-slot/dist/index.mjs:33:13
    at file:///workspaces/indigenous-rising-ai/node_modules/@radix-ui/react-slot/dist/index.mjs:9:13
    at file:///workspaces/indigenous-rising-ai/node_modules/@radix-ui/react-collection/dist/index.mjs:39:15
    at file:///workspaces/indigenous-rising-ai/node_modules/@radix-ui/react-roving-focus/dist/index.mjs:124:7
    at file:///workspaces/indigenous-rising-ai/node_modules/@radix-ui/react-radio-group/dist/index.mjs:228:13
    at /workspaces/indigenous-rising-ai/src/components/ui/radio-group.tsx:25:74
    at div
    at div
    at file:///workspaces/indigenous-rising-ai/node_modules/@radix-ui/react-primitive/dist/index.mjs:28:13
    at file:///workspaces/indigenous-rising-ai/node_modules/@radix-ui/react-slot/dist/index.mjs:33:13
    at file:///workspaces/indigenous-rising-ai/node_modules/@radix-ui/react-slot/dist/index.mjs:9:13
    at file:///workspaces/indigenous-rising-ai/node_modules/@radix-ui/react-primitive/dist/index.mjs:28:13
    at Provider (file:///workspaces/indigenous-rising-ai/node_modules/@radix-ui/react-context/dist/index.mjs:27:15)
    at file:///workspaces/indigenous-rising-ai/node_modules/@radix-ui/react-roving-focus/dist/index.mjs:32:5
    at file:///workspaces/indigenous-rising-ai/node_modules/@radix-ui/react-slot/dist/index.mjs:33:13
    at file:///workspaces/indigenous-rising-ai/node_modules/@radix-ui/react-slot/dist/index.mjs:9:13
    at file:///workspaces/indigenous-rising-ai/node_modules/@radix-ui/react-collection/dist/index.mjs:27:15
    at Provider (file:///workspaces/indigenous-rising-ai/node_modules/@radix-ui/react-context/dist/index.mjs:27:15)
    at CollectionProvider (file:///workspaces/indigenous-rising-ai/node_modules/@radix-ui/react-collection/dist/index.mjs:17:13)
    at file:///workspaces/indigenous-rising-ai/node_modules/@radix-ui/react-roving-focus/dist/index.mjs:26:68
    at Provider (file:///workspaces/indigenous-rising-ai/node_modules/@radix-ui/react-context/dist/index.mjs:27:15)
    at file:///workspaces/indigenous-rising-ai/node_modules/@radix-ui/react-radio-group/dist/index.mjs:169:7
    at /workspaces/indigenous-rising-ai/src/components/ui/radio-group.tsx:13:70
    at div
    at form
    at div
    at div
    at /workspaces/indigenous-rising-ai/src/components/ui/card.tsx:13:64
    at DataRequestForm (/workspaces/indigenous-rising-ai/src/components/DataRequestForm.tsx:37:77)
    at Router (/workspaces/indigenous-rising-ai/node_modules/react-router/dist/umd/react-router.development.js:1207:17)
    at BrowserRouter (/workspaces/indigenous-rising-ai/node_modules/react-router-dom/dist/umd/react-router-dom.development.js:695:7)

Consider adding an error boundary to your tree to customize error handling behavior.
Visit https://reactjs.org/link/error-boundaries to learn more about error boundaries.
The above error occurred in the <RadioBubbleInput> component:

    at file:///workspaces/indigenous-rising-ai/node_modules/@radix-ui/react-radio-group/dist/index.mjs:104:5
    at Provider (file:///workspaces/indigenous-rising-ai/node_modules/@radix-ui/react-context/dist/index.mjs:27:15)
    at file:///workspaces/indigenous-rising-ai/node_modules/@radix-ui/react-radio-group/dist/index.mjs:30:7
    at file:///workspaces/indigenous-rising-ai/node_modules/@radix-ui/react-slot/dist/index.mjs:33:13
    at file:///workspaces/indigenous-rising-ai/node_modules/@radix-ui/react-slot/dist/index.mjs:9:13
    at file:///workspaces/indigenous-rising-ai/node_modules/@radix-ui/react-primitive/dist/index.mjs:28:13
    at file:///workspaces/indigenous-rising-ai/node_modules/@radix-ui/react-slot/dist/index.mjs:33:13
    at file:///workspaces/indigenous-rising-ai/node_modules/@radix-ui/react-slot/dist/index.mjs:9:13
    at file:///workspaces/indigenous-rising-ai/node_modules/@radix-ui/react-collection/dist/index.mjs:39:15
    at file:///workspaces/indigenous-rising-ai/node_modules/@radix-ui/react-roving-focus/dist/index.mjs:124:7
    at file:///workspaces/indigenous-rising-ai/node_modules/@radix-ui/react-radio-group/dist/index.mjs:228:13
    at /workspaces/indigenous-rising-ai/src/components/ui/radio-group.tsx:25:74
    at div
    at div
    at file:///workspaces/indigenous-rising-ai/node_modules/@radix-ui/react-primitive/dist/index.mjs:28:13
    at file:///workspaces/indigenous-rising-ai/node_modules/@radix-ui/react-slot/dist/index.mjs:33:13
    at file:///workspaces/indigenous-rising-ai/node_modules/@radix-ui/react-slot/dist/index.mjs:9:13
    at file:///workspaces/indigenous-rising-ai/node_modules/@radix-ui/react-primitive/dist/index.mjs:28:13
    at Provider (file:///workspaces/indigenous-rising-ai/node_modules/@radix-ui/react-context/dist/index.mjs:27:15)
    at file:///workspaces/indigenous-rising-ai/node_modules/@radix-ui/react-roving-focus/dist/index.mjs:32:5
    at file:///workspaces/indigenous-rising-ai/node_modules/@radix-ui/react-slot/dist/index.mjs:33:13
    at file:///workspaces/indigenous-rising-ai/node_modules/@radix-ui/react-slot/dist/index.mjs:9:13
    at file:///workspaces/indigenous-rising-ai/node_modules/@radix-ui/react-collection/dist/index.mjs:27:15
    at Provider (file:///workspaces/indigenous-rising-ai/node_modules/@radix-ui/react-context/dist/index.mjs:27:15)
    at CollectionProvider (file:///workspaces/indigenous-rising-ai/node_modules/@radix-ui/react-collection/dist/index.mjs:17:13)
    at file:///workspaces/indigenous-rising-ai/node_modules/@radix-ui/react-roving-focus/dist/index.mjs:26:68
    at Provider (file:///workspaces/indigenous-rising-ai/node_modules/@radix-ui/react-context/dist/index.mjs:27:15)
    at file:///workspaces/indigenous-rising-ai/node_modules/@radix-ui/react-radio-group/dist/index.mjs:169:7
    at /workspaces/indigenous-rising-ai/src/components/ui/radio-group.tsx:13:70
    at div
    at form
    at div
    at div
    at /workspaces/indigenous-rising-ai/src/components/ui/card.tsx:13:64
    at DataRequestForm (/workspaces/indigenous-rising-ai/src/components/DataRequestForm.tsx:37:77)
    at Router (/workspaces/indigenous-rising-ai/node_modules/react-router/dist/umd/react-router.development.js:1207:17)
    at BrowserRouter (/workspaces/indigenous-rising-ai/node_modules/react-router-dom/dist/umd/react-router-dom.development.js:695:7)

Consider adding an error boundary to your tree to customize error handling behavior.
Visit https://reactjs.org/link/error-boundaries to learn more about error boundaries.
The above error occurred in the <RadioBubbleInput> component:

    at file:///workspaces/indigenous-rising-ai/node_modules/@radix-ui/react-radio-group/dist/index.mjs:104:5
    at Provider (file:///workspaces/indigenous-rising-ai/node_modules/@radix-ui/react-context/dist/index.mjs:27:15)
    at file:///workspaces/indigenous-rising-ai/node_modules/@radix-ui/react-radio-group/dist/index.mjs:30:7
    at file:///workspaces/indigenous-rising-ai/node_modules/@radix-ui/react-slot/dist/index.mjs:33:13
    at file:///workspaces/indigenous-rising-ai/node_modules/@radix-ui/react-slot/dist/index.mjs:9:13
    at file:///workspaces/indigenous-rising-ai/node_modules/@radix-ui/react-primitive/dist/index.mjs:28:13
    at file:///workspaces/indigenous-rising-ai/node_modules/@radix-ui/react-slot/dist/index.mjs:33:13
    at file:///workspaces/indigenous-rising-ai/node_modules/@radix-ui/react-slot/dist/index.mjs:9:13
    at file:///workspaces/indigenous-rising-ai/node_modules/@radix-ui/react-collection/dist/index.mjs:39:15
    at file:///workspaces/indigenous-rising-ai/node_modules/@radix-ui/react-roving-focus/dist/index.mjs:124:7
    at file:///workspaces/indigenous-rising-ai/node_modules/@radix-ui/react-radio-group/dist/index.mjs:228:13
    at /workspaces/indigenous-rising-ai/src/components/ui/radio-group.tsx:25:74
    at div
    at div
    at file:///workspaces/indigenous-rising-ai/node_modules/@radix-ui/react-primitive/dist/index.mjs:28:13
    at file:///workspaces/indigenous-rising-ai/node_modules/@radix-ui/react-slot/dist/index.mjs:33:13
    at file:///workspaces/indigenous-rising-ai/node_modules/@radix-ui/react-slot/dist/index.mjs:9:13
    at file:///workspaces/indigenous-rising-ai/node_modules/@radix-ui/react-primitive/dist/index.mjs:28:13
    at Provider (file:///workspaces/indigenous-rising-ai/node_modules/@radix-ui/react-context/dist/index.mjs:27:15)
    at file:///workspaces/indigenous-rising-ai/node_modules/@radix-ui/react-roving-focus/dist/index.mjs:32:5
    at file:///workspaces/indigenous-rising-ai/node_modules/@radix-ui/react-slot/dist/index.mjs:33:13
    at file:///workspaces/indigenous-rising-ai/node_modules/@radix-ui/react-slot/dist/index.mjs:9:13
    at file:///workspaces/indigenous-rising-ai/node_modules/@radix-ui/react-collection/dist/index.mjs:27:15
    at Provider (file:///workspaces/indigenous-rising-ai/node_modules/@radix-ui/react-context/dist/index.mjs:27:15)
    at CollectionProvider (file:///workspaces/indigenous-rising-ai/node_modules/@radix-ui/react-collection/dist/index.mjs:17:13)
    at file:///workspaces/indigenous-rising-ai/node_modules/@radix-ui/react-roving-focus/dist/index.mjs:26:68
    at Provider (file:///workspaces/indigenous-rising-ai/node_modules/@radix-ui/react-context/dist/index.mjs:27:15)
    at file:///workspaces/indigenous-rising-ai/node_modules/@radix-ui/react-radio-group/dist/index.mjs:169:7
    at /workspaces/indigenous-rising-ai/src/components/ui/radio-group.tsx:13:70
    at div
    at form
    at div
    at div
    at /workspaces/indigenous-rising-ai/src/components/ui/card.tsx:13:64
    at DataRequestForm (/workspaces/indigenous-rising-ai/src/components/DataRequestForm.tsx:37:77)
    at Router (/workspaces/indigenous-rising-ai/node_modules/react-router/dist/umd/react-router.development.js:1207:17)
    at BrowserRouter (/workspaces/indigenous-rising-ai/node_modules/react-router-dom/dist/umd/react-router-dom.development.js:695:7)

Consider adding an error boundary to your tree to customize error handling behavior.
Visit https://reactjs.org/link/error-boundaries to learn more about error boundaries.
The above error occurred in the <RadioBubbleInput> component:

    at file:///workspaces/indigenous-rising-ai/node_modules/@radix-ui/react-radio-group/dist/index.mjs:104:5
    at Provider (file:///workspaces/indigenous-rising-ai/node_modules/@radix-ui/react-context/dist/index.mjs:27:15)
    at file:///workspaces/indigenous-rising-ai/node_modules/@radix-ui/react-radio-group/dist/index.mjs:30:7
    at file:///workspaces/indigenous-rising-ai/node_modules/@radix-ui/react-slot/dist/index.mjs:33:13
    at file:///workspaces/indigenous-rising-ai/node_modules/@radix-ui/react-slot/dist/index.mjs:9:13
    at file:///workspaces/indigenous-rising-ai/node_modules/@radix-ui/react-primitive/dist/index.mjs:28:13
    at file:///workspaces/indigenous-rising-ai/node_modules/@radix-ui/react-slot/dist/index.mjs:33:13
    at file:///workspaces/indigenous-rising-ai/node_modules/@radix-ui/react-slot/dist/index.mjs:9:13
    at file:///workspaces/indigenous-rising-ai/node_modules/@radix-ui/react-collection/dist/index.mjs:39:15
    at file:///workspaces/indigenous-rising-ai/node_modules/@radix-ui/react-roving-focus/dist/index.mjs:124:7
    at file:///workspaces/indigenous-rising-ai/node_modules/@radix-ui/react-radio-group/dist/index.mjs:228:13
    at /workspaces/indigenous-rising-ai/src/components/ui/radio-group.tsx:25:74
    at div
    at div
    at file:///workspaces/indigenous-rising-ai/node_modules/@radix-ui/react-primitive/dist/index.mjs:28:13
    at file:///workspaces/indigenous-rising-ai/node_modules/@radix-ui/react-slot/dist/index.mjs:33:13
    at file:///workspaces/indigenous-rising-ai/node_modules/@radix-ui/react-slot/dist/index.mjs:9:13
    at file:///workspaces/indigenous-rising-ai/node_modules/@radix-ui/react-primitive/dist/index.mjs:28:13
    at Provider (file:///workspaces/indigenous-rising-ai/node_modules/@radix-ui/react-context/dist/index.mjs:27:15)
    at file:///workspaces/indigenous-rising-ai/node_modules/@radix-ui/react-roving-focus/dist/index.mjs:32:5
    at file:///workspaces/indigenous-rising-ai/node_modules/@radix-ui/react-slot/dist/index.mjs:33:13
    at file:///workspaces/indigenous-rising-ai/node_modules/@radix-ui/react-slot/dist/index.mjs:9:13
    at file:///workspaces/indigenous-rising-ai/node_modules/@radix-ui/react-collection/dist/index.mjs:27:15
    at Provider (file:///workspaces/indigenous-rising-ai/node_modules/@radix-ui/react-context/dist/index.mjs:27:15)
    at CollectionProvider (file:///workspaces/indigenous-rising-ai/node_modules/@radix-ui/react-collection/dist/index.mjs:17:13)
    at file:///workspaces/indigenous-rising-ai/node_modules/@radix-ui/react-roving-focus/dist/index.mjs:26:68
    at Provider (file:///workspaces/indigenous-rising-ai/node_modules/@radix-ui/react-context/dist/index.mjs:27:15)
    at file:///workspaces/indigenous-rising-ai/node_modules/@radix-ui/react-radio-group/dist/index.mjs:169:7
    at /workspaces/indigenous-rising-ai/src/components/ui/radio-group.tsx:13:70
    at div
    at form
    at div
    at div
    at /workspaces/indigenous-rising-ai/src/components/ui/card.tsx:13:64
    at DataRequestForm (/workspaces/indigenous-rising-ai/src/components/DataRequestForm.tsx:37:77)
    at Router (/workspaces/indigenous-rising-ai/node_modules/react-router/dist/umd/react-router.development.js:1207:17)
    at BrowserRouter (/workspaces/indigenous-rising-ai/node_modules/react-router-dom/dist/umd/react-router-dom.development.js:695:7)

Consider adding an error boundary to your tree to customize error handling behavior.
Visit https://reactjs.org/link/error-boundaries to learn more about error boundaries.
The above error occurred in the <RadioBubbleInput> component:

    at file:///workspaces/indigenous-rising-ai/node_modules/@radix-ui/react-radio-group/dist/index.mjs:104:5
    at Provider (file:///workspaces/indigenous-rising-ai/node_modules/@radix-ui/react-context/dist/index.mjs:27:15)
    at file:///workspaces/indigenous-rising-ai/node_modules/@radix-ui/react-radio-group/dist/index.mjs:30:7
    at file:///workspaces/indigenous-rising-ai/node_modules/@radix-ui/react-slot/dist/index.mjs:33:13
    at file:///workspaces/indigenous-rising-ai/node_modules/@radix-ui/react-slot/dist/index.mjs:9:13
    at file:///workspaces/indigenous-rising-ai/node_modules/@radix-ui/react-primitive/dist/index.mjs:28:13
    at file:///workspaces/indigenous-rising-ai/node_modules/@radix-ui/react-slot/dist/index.mjs:33:13
    at file:///workspaces/indigenous-rising-ai/node_modules/@radix-ui/react-slot/dist/index.mjs:9:13
    at file:///workspaces/indigenous-rising-ai/node_modules/@radix-ui/react-collection/dist/index.mjs:39:15
    at file:///workspaces/indigenous-rising-ai/node_modules/@radix-ui/react-roving-focus/dist/index.mjs:124:7
    at file:///workspaces/indigenous-rising-ai/node_modules/@radix-ui/react-radio-group/dist/index.mjs:228:13
    at /workspaces/indigenous-rising-ai/src/components/ui/radio-group.tsx:25:74
    at div
    at div
    at file:///workspaces/indigenous-rising-ai/node_modules/@radix-ui/react-primitive/dist/index.mjs:28:13
    at file:///workspaces/indigenous-rising-ai/node_modules/@radix-ui/react-slot/dist/index.mjs:33:13
    at file:///workspaces/indigenous-rising-ai/node_modules/@radix-ui/react-slot/dist/index.mjs:9:13
    at file:///workspaces/indigenous-rising-ai/node_modules/@radix-ui/react-primitive/dist/index.mjs:28:13
    at Provider (file:///workspaces/indigenous-rising-ai/node_modules/@radix-ui/react-context/dist/index.mjs:27:15)
    at file:///workspaces/indigenous-rising-ai/node_modules/@radix-ui/react-roving-focus/dist/index.mjs:32:5
    at file:///workspaces/indigenous-rising-ai/node_modules/@radix-ui/react-slot/dist/index.mjs:33:13
    at file:///workspaces/indigenous-rising-ai/node_modules/@radix-ui/react-slot/dist/index.mjs:9:13
    at file:///workspaces/indigenous-rising-ai/node_modules/@radix-ui/react-collection/dist/index.mjs:27:15
    at Provider (file:///workspaces/indigenous-rising-ai/node_modules/@radix-ui/react-context/dist/index.mjs:27:15)
    at CollectionProvider (file:///workspaces/indigenous-rising-ai/node_modules/@radix-ui/react-collection/dist/index.mjs:17:13)
    at file:///workspaces/indigenous-rising-ai/node_modules/@radix-ui/react-roving-focus/dist/index.mjs:26:68
    at Provider (file:///workspaces/indigenous-rising-ai/node_modules/@radix-ui/react-context/dist/index.mjs:27:15)
    at file:///workspaces/indigenous-rising-ai/node_modules/@radix-ui/react-radio-group/dist/index.mjs:169:7
    at /workspaces/indigenous-rising-ai/src/components/ui/radio-group.tsx:13:70
    at div
    at form
    at div
    at div
    at /workspaces/indigenous-rising-ai/src/components/ui/card.tsx:13:64
    at DataRequestForm (/workspaces/indigenous-rising-ai/src/components/DataRequestForm.tsx:37:77)
    at Router (/workspaces/indigenous-rising-ai/node_modules/react-router/dist/umd/react-router.development.js:1207:17)
    at BrowserRouter (/workspaces/indigenous-rising-ai/node_modules/react-router-dom/dist/umd/react-router-dom.development.js:695:7)

Consider adding an error boundary to your tree to customize error handling behavior.
Visit https://reactjs.org/link/error-boundaries to learn more about error boundaries.

ReferenceError: ResizeObserver is not defined
    at file:///workspaces/indigenous-rising-ai/node_modules/@radix-ui/react-use-size/dist/index.mjs:9:30
    at commitHookEffectListMount (/workspaces/indigenous-rising-ai/node_modules/react-dom/cjs/react-dom.development.js:23189:26)
    at commitLayoutEffectOnFiber (/workspaces/indigenous-rising-ai/node_modules/react-dom/cjs/react-dom.development.js:23312:15)
    at commitLayoutMountEffects_complete (/workspaces/indigenous-rising-ai/node_modules/react-dom/cjs/react-dom.development.js:24727:9)
    at commitLayoutEffects_begin (/workspaces/indigenous-rising-ai/node_modules/react-dom/cjs/react-dom.development.js:24713:7)
    at commitLayoutEffects (/workspaces/indigenous-rising-ai/node_modules/react-dom/cjs/react-dom.development.js:24651:3)
    at commitRootImpl (/workspaces/indigenous-rising-ai/node_modules/react-dom/cjs/react-dom.development.js:26862:5)
    at commitRoot (/workspaces/indigenous-rising-ai/node_modules/react-dom/cjs/react-dom.development.js:26721:5)
    at performSyncWorkOnRoot (/workspaces/indigenous-rising-ai/node_modules/react-dom/cjs/react-dom.development.js:26156:3)
    at flushSyncCallbacks (/workspaces/indigenous-rising-ai/node_modules/react-dom/cjs/react-dom.development.js:12042:22)
ReferenceError: ResizeObserver is not defined
    at file:///workspaces/indigenous-rising-ai/node_modules/@radix-ui/react-use-size/dist/index.mjs:9:30
    at commitHookEffectListMount (/workspaces/indigenous-rising-ai/node_modules/react-dom/cjs/react-dom.development.js:23189:26)
    at commitLayoutEffectOnFiber (/workspaces/indigenous-rising-ai/node_modules/react-dom/cjs/react-dom.development.js:23312:15)
    at commitLayoutMountEffects_complete (/workspaces/indigenous-rising-ai/node_modules/react-dom/cjs/react-dom.development.js:24727:9)
    at commitLayoutEffects_begin (/workspaces/indigenous-rising-ai/node_modules/react-dom/cjs/react-dom.development.js:24713:7)
    at commitLayoutEffects (/workspaces/indigenous-rising-ai/node_modules/react-dom/cjs/react-dom.development.js:24651:3)
    at commitRootImpl (/workspaces/indigenous-rising-ai/node_modules/react-dom/cjs/react-dom.development.js:26862:5)
    at commitRoot (/workspaces/indigenous-rising-ai/node_modules/react-dom/cjs/react-dom.development.js:26721:5)
    at performSyncWorkOnRoot (/workspaces/indigenous-rising-ai/node_modules/react-dom/cjs/react-dom.development.js:26156:3)
    at flushSyncCallbacks (/workspaces/indigenous-rising-ai/node_modules/react-dom/cjs/react-dom.development.js:12042:22)
ReferenceError: ResizeObserver is not defined
    at file:///workspaces/indigenous-rising-ai/node_modules/@radix-ui/react-use-size/dist/index.mjs:9:30
    at commitHookEffectListMount (/workspaces/indigenous-rising-ai/node_modules/react-dom/cjs/react-dom.development.js:23189:26)
    at commitLayoutEffectOnFiber (/workspaces/indigenous-rising-ai/node_modules/react-dom/cjs/react-dom.development.js:23312:15)
    at commitLayoutMountEffects_complete (/workspaces/indigenous-rising-ai/node_modules/react-dom/cjs/react-dom.development.js:24727:9)
    at commitLayoutEffects_begin (/workspaces/indigenous-rising-ai/node_modules/react-dom/cjs/react-dom.development.js:24713:7)
    at commitLayoutEffects (/workspaces/indigenous-rising-ai/node_modules/react-dom/cjs/react-dom.development.js:24651:3)
    at commitRootImpl (/workspaces/indigenous-rising-ai/node_modules/react-dom/cjs/react-dom.development.js:26862:5)
    at commitRoot (/workspaces/indigenous-rising-ai/node_modules/react-dom/cjs/react-dom.development.js:26721:5)
    at performSyncWorkOnRoot (/workspaces/indigenous-rising-ai/node_modules/react-dom/cjs/react-dom.development.js:26156:3)
    at flushSyncCallbacks (/workspaces/indigenous-rising-ai/node_modules/react-dom/cjs/react-dom.development.js:12042:22)
ReferenceError: ResizeObserver is not defined
    at file:///workspaces/indigenous-rising-ai/node_modules/@radix-ui/react-use-size/dist/index.mjs:9:30
    at commitHookEffectListMount (/workspaces/indigenous-rising-ai/node_modules/react-dom/cjs/react-dom.development.js:23189:26)
    at commitLayoutEffectOnFiber (/workspaces/indigenous-rising-ai/node_modules/react-dom/cjs/react-dom.development.js:23312:15)
    at commitLayoutMountEffects_complete (/workspaces/indigenous-rising-ai/node_modules/react-dom/cjs/react-dom.development.js:24727:9)
    at commitLayoutEffects_begin (/workspaces/indigenous-rising-ai/node_modules/react-dom/cjs/react-dom.development.js:24713:7)
    at commitLayoutEffects (/workspaces/indigenous-rising-ai/node_modules/react-dom/cjs/react-dom.development.js:24651:3)
    at commitRootImpl (/workspaces/indigenous-rising-ai/node_modules/react-dom/cjs/react-dom.development.js:26862:5)
    at commitRoot (/workspaces/indigenous-rising-ai/node_modules/react-dom/cjs/react-dom.development.js:26721:5)
    at performSyncWorkOnRoot (/workspaces/indigenous-rising-ai/node_modules/react-dom/cjs/react-dom.development.js:26156:3)
    at flushSyncCallbacks (/workspaces/indigenous-rising-ai/node_modules/react-dom/cjs/react-dom.development.js:12042:22)
ReferenceError: ResizeObserver is not defined
    at file:///workspaces/indigenous-rising-ai/node_modules/@radix-ui/react-use-size/dist/index.mjs:9:30
    at commitHookEffectListMount (/workspaces/indigenous-rising-ai/node_modules/react-dom/cjs/react-dom.development.js:23189:26)
    at commitLayoutEffectOnFiber (/workspaces/indigenous-rising-ai/node_modules/react-dom/cjs/react-dom.development.js:23312:15)
    at commitLayoutMountEffects_complete (/workspaces/indigenous-rising-ai/node_modules/react-dom/cjs/react-dom.development.js:24727:9)
    at commitLayoutEffects_begin (/workspaces/indigenous-rising-ai/node_modules/react-dom/cjs/react-dom.development.js:24713:7)
    at commitLayoutEffects (/workspaces/indigenous-rising-ai/node_modules/react-dom/cjs/react-dom.development.js:24651:3)
    at commitRootImpl (/workspaces/indigenous-rising-ai/node_modules/react-dom/cjs/react-dom.development.js:26862:5)
    at commitRoot (/workspaces/indigenous-rising-ai/node_modules/react-dom/cjs/react-dom.development.js:26721:5)
    at performSyncWorkOnRoot (/workspaces/indigenous-rising-ai/node_modules/react-dom/cjs/react-dom.development.js:26156:3)
    at flushSyncCallbacks (/workspaces/indigenous-rising-ai/node_modules/react-dom/cjs/react-dom.development.js:12042:22)
[90mstderr[2m | src/components/DataRequestForm.test.tsx[2m > [22m[2mDataRequestForm[2m > [22m[2mvalidates full name field
[22m[39mThe above error occurred in the <RadioBubbleInput> component:

    at file:///workspaces/indigenous-rising-ai/node_modules/@radix-ui/react-radio-group/dist/index.mjs:104:5
    at Provider (file:///workspaces/indigenous-rising-ai/node_modules/@radix-ui/react-context/dist/index.mjs:27:15)
    at file:///workspaces/indigenous-rising-ai/node_modules/@radix-ui/react-radio-group/dist/index.mjs:30:7
    at file:///workspaces/indigenous-rising-ai/node_modules/@radix-ui/react-slot/dist/index.mjs:33:13
    at file:///workspaces/indigenous-rising-ai/node_modules/@radix-ui/react-slot/dist/index.mjs:9:13
    at file:///workspaces/indigenous-rising-ai/node_modules/@radix-ui/react-primitive/dist/index.mjs:28:13
    at file:///workspaces/indigenous-rising-ai/node_modules/@radix-ui/react-slot/dist/index.mjs:33:13
    at file:///workspaces/indigenous-rising-ai/node_modules/@radix-ui/react-slot/dist/index.mjs:9:13
    at file:///workspaces/indigenous-rising-ai/node_modules/@radix-ui/react-collection/dist/index.mjs:39:15
    at file:///workspaces/indigenous-rising-ai/node_modules/@radix-ui/react-roving-focus/dist/index.mjs:124:7
    at file:///workspaces/indigenous-rising-ai/node_modules/@radix-ui/react-radio-group/dist/index.mjs:228:13
    at /workspaces/indigenous-rising-ai/src/components/ui/radio-group.tsx:25:74
    at div
    at div
    at file:///workspaces/indigenous-rising-ai/node_modules/@radix-ui/react-primitive/dist/index.mjs:28:13
    at file:///workspaces/indigenous-rising-ai/node_modules/@radix-ui/react-slot/dist/index.mjs:33:13
    at file:///workspaces/indigenous-rising-ai/node_modules/@radix-ui/react-slot/dist/index.mjs:9:13
    at file:///workspaces/indigenous-rising-ai/node_modules/@radix-ui/react-primitive/dist/index.mjs:28:13
    at Provider (file:///workspaces/indigenous-rising-ai/node_modules/@radix-ui/react-context/dist/index.mjs:27:15)
    at file:///workspaces/indigenous-rising-ai/node_modules/@radix-ui/react-roving-focus/dist/index.mjs:32:5
    at file:///workspaces/indigenous-rising-ai/node_modules/@radix-ui/react-slot/dist/index.mjs:33:13
    at file:///workspaces/indigenous-rising-ai/node_modules/@radix-ui/react-slot/dist/index.mjs:9:13
    at file:///workspaces/indigenous-rising-ai/node_modules/@radix-ui/react-collection/dist/index.mjs:27:15
    at Provider (file:///workspaces/indigenous-rising-ai/node_modules/@radix-ui/react-context/dist/index.mjs:27:15)
    at CollectionProvider (file:///workspaces/indigenous-rising-ai/node_modules/@radix-ui/react-collection/dist/index.mjs:17:13)
    at file:///workspaces/indigenous-rising-ai/node_modules/@radix-ui/react-roving-focus/dist/index.mjs:26:68
    at Provider (file:///workspaces/indigenous-rising-ai/node_modules/@radix-ui/react-context/dist/index.mjs:27:15)
    at file:///workspaces/indigenous-rising-ai/node_modules/@radix-ui/react-radio-group/dist/index.mjs:169:7
    at /workspaces/indigenous-rising-ai/src/components/ui/radio-group.tsx:13:70
    at div
    at form
    at div
    at div
    at /workspaces/indigenous-rising-ai/src/components/ui/card.tsx:13:64
    at DataRequestForm (/workspaces/indigenous-rising-ai/src/components/DataRequestForm.tsx:37:77)
    at Router (/workspaces/indigenous-rising-ai/node_modules/react-router/dist/umd/react-router.development.js:1207:17)
    at BrowserRouter (/workspaces/indigenous-rising-ai/node_modules/react-router-dom/dist/umd/react-router-dom.development.js:695:7)

Consider adding an error boundary to your tree to customize error handling behavior.
Visit https://reactjs.org/link/error-boundaries to learn more about error boundaries.
The above error occurred in the <RadioBubbleInput> component:

    at file:///workspaces/indigenous-rising-ai/node_modules/@radix-ui/react-radio-group/dist/index.mjs:104:5
    at Provider (file:///workspaces/indigenous-rising-ai/node_modules/@radix-ui/react-context/dist/index.mjs:27:15)
    at file:///workspaces/indigenous-rising-ai/node_modules/@radix-ui/react-radio-group/dist/index.mjs:30:7
    at file:///workspaces/indigenous-rising-ai/node_modules/@radix-ui/react-slot/dist/index.mjs:33:13
    at file:///workspaces/indigenous-rising-ai/node_modules/@radix-ui/react-slot/dist/index.mjs:9:13
    at file:///workspaces/indigenous-rising-ai/node_modules/@radix-ui/react-primitive/dist/index.mjs:28:13
    at file:///workspaces/indigenous-rising-ai/node_modules/@radix-ui/react-slot/dist/index.mjs:33:13
    at file:///workspaces/indigenous-rising-ai/node_modules/@radix-ui/react-slot/dist/index.mjs:9:13
    at file:///workspaces/indigenous-rising-ai/node_modules/@radix-ui/react-collection/dist/index.mjs:39:15
    at file:///workspaces/indigenous-rising-ai/node_modules/@radix-ui/react-roving-focus/dist/index.mjs:124:7
    at file:///workspaces/indigenous-rising-ai/node_modules/@radix-ui/react-radio-group/dist/index.mjs:228:13
    at /workspaces/indigenous-rising-ai/src/components/ui/radio-group.tsx:25:74
    at div
    at div
    at file:///workspaces/indigenous-rising-ai/node_modules/@radix-ui/react-primitive/dist/index.mjs:28:13
    at file:///workspaces/indigenous-rising-ai/node_modules/@radix-ui/react-slot/dist/index.mjs:33:13
    at file:///workspaces/indigenous-rising-ai/node_modules/@radix-ui/react-slot/dist/index.mjs:9:13
    at file:///workspaces/indigenous-rising-ai/node_modules/@radix-ui/react-primitive/dist/index.mjs:28:13
    at Provider (file:///workspaces/indigenous-rising-ai/node_modules/@radix-ui/react-context/dist/index.mjs:27:15)
    at file:///workspaces/indigenous-rising-ai/node_modules/@radix-ui/react-roving-focus/dist/index.mjs:32:5
    at file:///workspaces/indigenous-rising-ai/node_modules/@radix-ui/react-slot/dist/index.mjs:33:13
    at file:///workspaces/indigenous-rising-ai/node_modules/@radix-ui/react-slot/dist/index.mjs:9:13
    at file:///workspaces/indigenous-rising-ai/node_modules/@radix-ui/react-collection/dist/index.mjs:27:15
    at Provider (file:///workspaces/indigenous-rising-ai/node_modules/@radix-ui/react-context/dist/index.mjs:27:15)
    at CollectionProvider (file:///workspaces/indigenous-rising-ai/node_modules/@radix-ui/react-collection/dist/index.mjs:17:13)
    at file:///workspaces/indigenous-rising-ai/node_modules/@radix-ui/react-roving-focus/dist/index.mjs:26:68
    at Provider (file:///workspaces/indigenous-rising-ai/node_modules/@radix-ui/react-context/dist/index.mjs:27:15)
    at file:///workspaces/indigenous-rising-ai/node_modules/@radix-ui/react-radio-group/dist/index.mjs:169:7
    at /workspaces/indigenous-rising-ai/src/components/ui/radio-group.tsx:13:70
    at div
    at form
    at div
    at div
    at /workspaces/indigenous-rising-ai/src/components/ui/card.tsx:13:64
    at DataRequestForm (/workspaces/indigenous-rising-ai/src/components/DataRequestForm.tsx:37:77)
    at Router (/workspaces/indigenous-rising-ai/node_modules/react-router/dist/umd/react-router.development.js:1207:17)
    at BrowserRouter (/workspaces/indigenous-rising-ai/node_modules/react-router-dom/dist/umd/react-router-dom.development.js:695:7)

Consider adding an error boundary to your tree to customize error handling behavior.
Visit https://reactjs.org/link/error-boundaries to learn more about error boundaries.
The above error occurred in the <RadioBubbleInput> component:

    at file:///workspaces/indigenous-rising-ai/node_modules/@radix-ui/react-radio-group/dist/index.mjs:104:5
    at Provider (file:///workspaces/indigenous-rising-ai/node_modules/@radix-ui/react-context/dist/index.mjs:27:15)
    at file:///workspaces/indigenous-rising-ai/node_modules/@radix-ui/react-radio-group/dist/index.mjs:30:7
    at file:///workspaces/indigenous-rising-ai/node_modules/@radix-ui/react-slot/dist/index.mjs:33:13
    at file:///workspaces/indigenous-rising-ai/node_modules/@radix-ui/react-slot/dist/index.mjs:9:13
    at file:///workspaces/indigenous-rising-ai/node_modules/@radix-ui/react-primitive/dist/index.mjs:28:13
    at file:///workspaces/indigenous-rising-ai/node_modules/@radix-ui/react-slot/dist/index.mjs:33:13
    at file:///workspaces/indigenous-rising-ai/node_modules/@radix-ui/react-slot/dist/index.mjs:9:13
    at file:///workspaces/indigenous-rising-ai/node_modules/@radix-ui/react-collection/dist/index.mjs:39:15
    at file:///workspaces/indigenous-rising-ai/node_modules/@radix-ui/react-roving-focus/dist/index.mjs:124:7
    at file:///workspaces/indigenous-rising-ai/node_modules/@radix-ui/react-radio-group/dist/index.mjs:228:13
    at /workspaces/indigenous-rising-ai/src/components/ui/radio-group.tsx:25:74
    at div
    at div
    at file:///workspaces/indigenous-rising-ai/node_modules/@radix-ui/react-primitive/dist/index.mjs:28:13
    at file:///workspaces/indigenous-rising-ai/node_modules/@radix-ui/react-slot/dist/index.mjs:33:13
    at file:///workspaces/indigenous-rising-ai/node_modules/@radix-ui/react-slot/dist/index.mjs:9:13
    at file:///workspaces/indigenous-rising-ai/node_modules/@radix-ui/react-primitive/dist/index.mjs:28:13
    at Provider (file:///workspaces/indigenous-rising-ai/node_modules/@radix-ui/react-context/dist/index.mjs:27:15)
    at file:///workspaces/indigenous-rising-ai/node_modules/@radix-ui/react-roving-focus/dist/index.mjs:32:5
    at file:///workspaces/indigenous-rising-ai/node_modules/@radix-ui/react-slot/dist/index.mjs:33:13
    at file:///workspaces/indigenous-rising-ai/node_modules/@radix-ui/react-slot/dist/index.mjs:9:13
    at file:///workspaces/indigenous-rising-ai/node_modules/@radix-ui/react-collection/dist/index.mjs:27:15
    at Provider (file:///workspaces/indigenous-rising-ai/node_modules/@radix-ui/react-context/dist/index.mjs:27:15)
    at CollectionProvider (file:///workspaces/indigenous-rising-ai/node_modules/@radix-ui/react-collection/dist/index.mjs:17:13)
    at file:///workspaces/indigenous-rising-ai/node_modules/@radix-ui/react-roving-focus/dist/index.mjs:26:68
    at Provider (file:///workspaces/indigenous-rising-ai/node_modules/@radix-ui/react-context/dist/index.mjs:27:15)
    at file:///workspaces/indigenous-rising-ai/node_modules/@radix-ui/react-radio-group/dist/index.mjs:169:7
    at /workspaces/indigenous-rising-ai/src/components/ui/radio-group.tsx:13:70
    at div
    at form
    at div
    at div
    at /workspaces/indigenous-rising-ai/src/components/ui/card.tsx:13:64
    at DataRequestForm (/workspaces/indigenous-rising-ai/src/components/DataRequestForm.tsx:37:77)
    at Router (/workspaces/indigenous-rising-ai/node_modules/react-router/dist/umd/react-router.development.js:1207:17)
    at BrowserRouter (/workspaces/indigenous-rising-ai/node_modules/react-router-dom/dist/umd/react-router-dom.development.js:695:7)

Consider adding an error boundary to your tree to customize error handling behavior.
Visit https://reactjs.org/link/error-boundaries to learn more about error boundaries.
The above error occurred in the <RadioBubbleInput> component:

    at file:///workspaces/indigenous-rising-ai/node_modules/@radix-ui/react-radio-group/dist/index.mjs:104:5
    at Provider (file:///workspaces/indigenous-rising-ai/node_modules/@radix-ui/react-context/dist/index.mjs:27:15)
    at file:///workspaces/indigenous-rising-ai/node_modules/@radix-ui/react-radio-group/dist/index.mjs:30:7
    at file:///workspaces/indigenous-rising-ai/node_modules/@radix-ui/react-slot/dist/index.mjs:33:13
    at file:///workspaces/indigenous-rising-ai/node_modules/@radix-ui/react-slot/dist/index.mjs:9:13
    at file:///workspaces/indigenous-rising-ai/node_modules/@radix-ui/react-primitive/dist/index.mjs:28:13
    at file:///workspaces/indigenous-rising-ai/node_modules/@radix-ui/react-slot/dist/index.mjs:33:13
    at file:///workspaces/indigenous-rising-ai/node_modules/@radix-ui/react-slot/dist/index.mjs:9:13
    at file:///workspaces/indigenous-rising-ai/node_modules/@radix-ui/react-collection/dist/index.mjs:39:15
    at file:///workspaces/indigenous-rising-ai/node_modules/@radix-ui/react-roving-focus/dist/index.mjs:124:7
    at file:///workspaces/indigenous-rising-ai/node_modules/@radix-ui/react-radio-group/dist/index.mjs:228:13
    at /workspaces/indigenous-rising-ai/src/components/ui/radio-group.tsx:25:74
    at div
    at div
    at file:///workspaces/indigenous-rising-ai/node_modules/@radix-ui/react-primitive/dist/index.mjs:28:13
    at file:///workspaces/indigenous-rising-ai/node_modules/@radix-ui/react-slot/dist/index.mjs:33:13
    at file:///workspaces/indigenous-rising-ai/node_modules/@radix-ui/react-slot/dist/index.mjs:9:13
    at file:///workspaces/indigenous-rising-ai/node_modules/@radix-ui/react-primitive/dist/index.mjs:28:13
    at Provider (file:///workspaces/indigenous-rising-ai/node_modules/@radix-ui/react-context/dist/index.mjs:27:15)
    at file:///workspaces/indigenous-rising-ai/node_modules/@radix-ui/react-roving-focus/dist/index.mjs:32:5
    at file:///workspaces/indigenous-rising-ai/node_modules/@radix-ui/react-slot/dist/index.mjs:33:13
    at file:///workspaces/indigenous-rising-ai/node_modules/@radix-ui/react-slot/dist/index.mjs:9:13
    at file:///workspaces/indigenous-rising-ai/node_modules/@radix-ui/react-collection/dist/index.mjs:27:15
    at Provider (file:///workspaces/indigenous-rising-ai/node_modules/@radix-ui/react-context/dist/index.mjs:27:15)
    at CollectionProvider (file:///workspaces/indigenous-rising-ai/node_modules/@radix-ui/react-collection/dist/index.mjs:17:13)
    at file:///workspaces/indigenous-rising-ai/node_modules/@radix-ui/react-roving-focus/dist/index.mjs:26:68
    at Provider (file:///workspaces/indigenous-rising-ai/node_modules/@radix-ui/react-context/dist/index.mjs:27:15)
    at file:///workspaces/indigenous-rising-ai/node_modules/@radix-ui/react-radio-group/dist/index.mjs:169:7
    at /workspaces/indigenous-rising-ai/src/components/ui/radio-group.tsx:13:70
    at div
    at form
    at div
    at div
    at /workspaces/indigenous-rising-ai/src/components/ui/card.tsx:13:64
    at DataRequestForm (/workspaces/indigenous-rising-ai/src/components/DataRequestForm.tsx:37:77)
    at Router (/workspaces/indigenous-rising-ai/node_modules/react-router/dist/umd/react-router.development.js:1207:17)
    at BrowserRouter (/workspaces/indigenous-rising-ai/node_modules/react-router-dom/dist/umd/react-router-dom.development.js:695:7)

Consider adding an error boundary to your tree to customize error handling behavior.
Visit https://reactjs.org/link/error-boundaries to learn more about error boundaries.
The above error occurred in the <RadioBubbleInput> component:

    at file:///workspaces/indigenous-rising-ai/node_modules/@radix-ui/react-radio-group/dist/index.mjs:104:5
    at Provider (file:///workspaces/indigenous-rising-ai/node_modules/@radix-ui/react-context/dist/index.mjs:27:15)
    at file:///workspaces/indigenous-rising-ai/node_modules/@radix-ui/react-radio-group/dist/index.mjs:30:7
    at file:///workspaces/indigenous-rising-ai/node_modules/@radix-ui/react-slot/dist/index.mjs:33:13
    at file:///workspaces/indigenous-rising-ai/node_modules/@radix-ui/react-slot/dist/index.mjs:9:13
    at file:///workspaces/indigenous-rising-ai/node_modules/@radix-ui/react-primitive/dist/index.mjs:28:13
    at file:///workspaces/indigenous-rising-ai/node_modules/@radix-ui/react-slot/dist/index.mjs:33:13
    at file:///workspaces/indigenous-rising-ai/node_modules/@radix-ui/react-slot/dist/index.mjs:9:13
    at file:///workspaces/indigenous-rising-ai/node_modules/@radix-ui/react-collection/dist/index.mjs:39:15
    at file:///workspaces/indigenous-rising-ai/node_modules/@radix-ui/react-roving-focus/dist/index.mjs:124:7
    at file:///workspaces/indigenous-rising-ai/node_modules/@radix-ui/react-radio-group/dist/index.mjs:228:13
    at /workspaces/indigenous-rising-ai/src/components/ui/radio-group.tsx:25:74
    at div
    at div
    at file:///workspaces/indigenous-rising-ai/node_modules/@radix-ui/react-primitive/dist/index.mjs:28:13
    at file:///workspaces/indigenous-rising-ai/node_modules/@radix-ui/react-slot/dist/index.mjs:33:13
    at file:///workspaces/indigenous-rising-ai/node_modules/@radix-ui/react-slot/dist/index.mjs:9:13
    at file:///workspaces/indigenous-rising-ai/node_modules/@radix-ui/react-primitive/dist/index.mjs:28:13
    at Provider (file:///workspaces/indigenous-rising-ai/node_modules/@radix-ui/react-context/dist/index.mjs:27:15)
    at file:///workspaces/indigenous-rising-ai/node_modules/@radix-ui/react-roving-focus/dist/index.mjs:32:5
    at file:///workspaces/indigenous-rising-ai/node_modules/@radix-ui/react-slot/dist/index.mjs:33:13
    at file:///workspaces/indigenous-rising-ai/node_modules/@radix-ui/react-slot/dist/index.mjs:9:13
    at file:///workspaces/indigenous-rising-ai/node_modules/@radix-ui/react-collection/dist/index.mjs:27:15
    at Provider (file:///workspaces/indigenous-rising-ai/node_modules/@radix-ui/react-context/dist/index.mjs:27:15)
    at CollectionProvider (file:///workspaces/indigenous-rising-ai/node_modules/@radix-ui/react-collection/dist/index.mjs:17:13)
    at file:///workspaces/indigenous-rising-ai/node_modules/@radix-ui/react-roving-focus/dist/index.mjs:26:68
    at Provider (file:///workspaces/indigenous-rising-ai/node_modules/@radix-ui/react-context/dist/index.mjs:27:15)
    at file:///workspaces/indigenous-rising-ai/node_modules/@radix-ui/react-radio-group/dist/index.mjs:169:7
    at /workspaces/indigenous-rising-ai/src/components/ui/radio-group.tsx:13:70
    at div
    at form
    at div
    at div
    at /workspaces/indigenous-rising-ai/src/components/ui/card.tsx:13:64
    at DataRequestForm (/workspaces/indigenous-rising-ai/src/components/DataRequestForm.tsx:37:77)
    at Router (/workspaces/indigenous-rising-ai/node_modules/react-router/dist/umd/react-router.development.js:1207:17)
    at BrowserRouter (/workspaces/indigenous-rising-ai/node_modules/react-router-dom/dist/umd/react-router-dom.development.js:695:7)

Consider adding an error boundary to your tree to customize error handling behavior.
Visit https://reactjs.org/link/error-boundaries to learn more about error boundaries.

 [31m×[39m src/components/DataRequestForm.test.tsx[2m > [22mDataRequestForm[2m > [22mrenders data request form with all fields[32m 251[2mms[22m[39m
[31m   → ResizeObserver is not defined[39m
 [31m×[39m src/components/DataRequestForm.test.tsx[2m > [22mDataRequestForm[2m > [22mrenders all request type options[32m 89[2mms[22m[39m
[31m   → ResizeObserver is not defined[39m
ReferenceError: ResizeObserver is not defined
    at file:///workspaces/indigenous-rising-ai/node_modules/@radix-ui/react-use-size/dist/index.mjs:9:30
    at commitHookEffectListMount (/workspaces/indigenous-rising-ai/node_modules/react-dom/cjs/react-dom.development.js:23189:26)
    at commitLayoutEffectOnFiber (/workspaces/indigenous-rising-ai/node_modules/react-dom/cjs/react-dom.development.js:23312:15)
    at commitLayoutMountEffects_complete (/workspaces/indigenous-rising-ai/node_modules/react-dom/cjs/react-dom.development.js:24727:9)
    at commitLayoutEffects_begin (/workspaces/indigenous-rising-ai/node_modules/react-dom/cjs/react-dom.development.js:24713:7)
    at commitLayoutEffects (/workspaces/indigenous-rising-ai/node_modules/react-dom/cjs/react-dom.development.js:24651:3)
    at commitRootImpl (/workspaces/indigenous-rising-ai/node_modules/react-dom/cjs/react-dom.development.js:26862:5)
    at commitRoot (/workspaces/indigenous-rising-ai/node_modules/react-dom/cjs/react-dom.development.js:26721:5)
    at performSyncWorkOnRoot (/workspaces/indigenous-rising-ai/node_modules/react-dom/cjs/react-dom.development.js:26156:3)
    at flushSyncCallbacks (/workspaces/indigenous-rising-ai/node_modules/react-dom/cjs/react-dom.development.js:12042:22)
ReferenceError: ResizeObserver is not defined
    at file:///workspaces/indigenous-rising-ai/node_modules/@radix-ui/react-use-size/dist/index.mjs:9:30
    at commitHookEffectListMount (/workspaces/indigenous-rising-ai/node_modules/react-dom/cjs/react-dom.development.js:23189:26)
    at commitLayoutEffectOnFiber (/workspaces/indigenous-rising-ai/node_modules/react-dom/cjs/react-dom.development.js:23312:15)
    at commitLayoutMountEffects_complete (/workspaces/indigenous-rising-ai/node_modules/react-dom/cjs/react-dom.development.js:24727:9)
    at commitLayoutEffects_begin (/workspaces/indigenous-rising-ai/node_modules/react-dom/cjs/react-dom.development.js:24713:7)
    at commitLayoutEffects (/workspaces/indigenous-rising-ai/node_modules/react-dom/cjs/react-dom.development.js:24651:3)
    at commitRootImpl (/workspaces/indigenous-rising-ai/node_modules/react-dom/cjs/react-dom.development.js:26862:5)
    at commitRoot (/workspaces/indigenous-rising-ai/node_modules/react-dom/cjs/react-dom.development.js:26721:5)
    at performSyncWorkOnRoot (/workspaces/indigenous-rising-ai/node_modules/react-dom/cjs/react-dom.development.js:26156:3)
    at flushSyncCallbacks (/workspaces/indigenous-rising-ai/node_modules/react-dom/cjs/react-dom.development.js:12042:22)
ReferenceError: ResizeObserver is not defined
    at file:///workspaces/indigenous-rising-ai/node_modules/@radix-ui/react-use-size/dist/index.mjs:9:30
    at commitHookEffectListMount (/workspaces/indigenous-rising-ai/node_modules/react-dom/cjs/react-dom.development.js:23189:26)
    at commitLayoutEffectOnFiber (/workspaces/indigenous-rising-ai/node_modules/react-dom/cjs/react-dom.development.js:23312:15)
    at commitLayoutMountEffects_complete (/workspaces/indigenous-rising-ai/node_modules/react-dom/cjs/react-dom.development.js:24727:9)
    at commitLayoutEffects_begin (/workspaces/indigenous-rising-ai/node_modules/react-dom/cjs/react-dom.development.js:24713:7)
    at commitLayoutEffects (/workspaces/indigenous-rising-ai/node_modules/react-dom/cjs/react-dom.development.js:24651:3)
    at commitRootImpl (/workspaces/indigenous-rising-ai/node_modules/react-dom/cjs/react-dom.development.js:26862:5)
    at commitRoot (/workspaces/indigenous-rising-ai/node_modules/react-dom/cjs/react-dom.development.js:26721:5)
    at performSyncWorkOnRoot (/workspaces/indigenous-rising-ai/node_modules/react-dom/cjs/react-dom.development.js:26156:3)
    at flushSyncCallbacks (/workspaces/indigenous-rising-ai/node_modules/react-dom/cjs/react-dom.development.js:12042:22)
ReferenceError: ResizeObserver is not defined
    at file:///workspaces/indigenous-rising-ai/node_modules/@radix-ui/react-use-size/dist/index.mjs:9:30
    at commitHookEffectListMount (/workspaces/indigenous-rising-ai/node_modules/react-dom/cjs/react-dom.development.js:23189:26)
    at commitLayoutEffectOnFiber (/workspaces/indigenous-rising-ai/node_modules/react-dom/cjs/react-dom.development.js:23312:15)
    at commitLayoutMountEffects_complete (/workspaces/indigenous-rising-ai/node_modules/react-dom/cjs/react-dom.development.js:24727:9)
    at commitLayoutEffects_begin (/workspaces/indigenous-rising-ai/node_modules/react-dom/cjs/react-dom.development.js:24713:7)
    at commitLayoutEffects (/workspaces/indigenous-rising-ai/node_modules/react-dom/cjs/react-dom.development.js:24651:3)
    at commitRootImpl (/workspaces/indigenous-rising-ai/node_modules/react-dom/cjs/react-dom.development.js:26862:5)
    at commitRoot (/workspaces/indigenous-rising-ai/node_modules/react-dom/cjs/react-dom.development.js:26721:5)
    at performSyncWorkOnRoot (/workspaces/indigenous-rising-ai/node_modules/react-dom/cjs/react-dom.development.js:26156:3)
    at flushSyncCallbacks (/workspaces/indigenous-rising-ai/node_modules/react-dom/cjs/react-dom.development.js:12042:22)
ReferenceError: ResizeObserver is not defined
    at file:///workspaces/indigenous-rising-ai/node_modules/@radix-ui/react-use-size/dist/index.mjs:9:30
    at commitHookEffectListMount (/workspaces/indigenous-rising-ai/node_modules/react-dom/cjs/react-dom.development.js:23189:26)
    at commitLayoutEffectOnFiber (/workspaces/indigenous-rising-ai/node_modules/react-dom/cjs/react-dom.development.js:23312:15)
    at commitLayoutMountEffects_complete (/workspaces/indigenous-rising-ai/node_modules/react-dom/cjs/react-dom.development.js:24727:9)
    at commitLayoutEffects_begin (/workspaces/indigenous-rising-ai/node_modules/react-dom/cjs/react-dom.development.js:24713:7)
    at commitLayoutEffects (/workspaces/indigenous-rising-ai/node_modules/react-dom/cjs/react-dom.development.js:24651:3)
    at commitRootImpl (/workspaces/indigenous-rising-ai/node_modules/react-dom/cjs/react-dom.development.js:26862:5)
    at commitRoot (/workspaces/indigenous-rising-ai/node_modules/react-dom/cjs/react-dom.development.js:26721:5)
    at performSyncWorkOnRoot (/workspaces/indigenous-rising-ai/node_modules/react-dom/cjs/react-dom.development.js:26156:3)
    at flushSyncCallbacks (/workspaces/indigenous-rising-ai/node_modules/react-dom/cjs/react-dom.development.js:12042:22)
[90mstderr[2m | src/components/DataRequestForm.test.tsx[2m > [22m[2mDataRequestForm[2m > [22m[2mvalidates email format
[22m[39mThe above error occurred in the <RadioBubbleInput> component:

    at file:///workspaces/indigenous-rising-ai/node_modules/@radix-ui/react-radio-group/dist/index.mjs:104:5
    at Provider (file:///workspaces/indigenous-rising-ai/node_modules/@radix-ui/react-context/dist/index.mjs:27:15)
    at file:///workspaces/indigenous-rising-ai/node_modules/@radix-ui/react-radio-group/dist/index.mjs:30:7
    at file:///workspaces/indigenous-rising-ai/node_modules/@radix-ui/react-slot/dist/index.mjs:33:13
    at file:///workspaces/indigenous-rising-ai/node_modules/@radix-ui/react-slot/dist/index.mjs:9:13
    at file:///workspaces/indigenous-rising-ai/node_modules/@radix-ui/react-primitive/dist/index.mjs:28:13
    at file:///workspaces/indigenous-rising-ai/node_modules/@radix-ui/react-slot/dist/index.mjs:33:13
    at file:///workspaces/indigenous-rising-ai/node_modules/@radix-ui/react-slot/dist/index.mjs:9:13
    at file:///workspaces/indigenous-rising-ai/node_modules/@radix-ui/react-collection/dist/index.mjs:39:15
    at file:///workspaces/indigenous-rising-ai/node_modules/@radix-ui/react-roving-focus/dist/index.mjs:124:7
    at file:///workspaces/indigenous-rising-ai/node_modules/@radix-ui/react-radio-group/dist/index.mjs:228:13
    at /workspaces/indigenous-rising-ai/src/components/ui/radio-group.tsx:25:74
    at div
    at div
    at file:///workspaces/indigenous-rising-ai/node_modules/@radix-ui/react-primitive/dist/index.mjs:28:13
    at file:///workspaces/indigenous-rising-ai/node_modules/@radix-ui/react-slot/dist/index.mjs:33:13
    at file:///workspaces/indigenous-rising-ai/node_modules/@radix-ui/react-slot/dist/index.mjs:9:13
    at file:///workspaces/indigenous-rising-ai/node_modules/@radix-ui/react-primitive/dist/index.mjs:28:13
    at Provider (file:///workspaces/indigenous-rising-ai/node_modules/@radix-ui/react-context/dist/index.mjs:27:15)
    at file:///workspaces/indigenous-rising-ai/node_modules/@radix-ui/react-roving-focus/dist/index.mjs:32:5
    at file:///workspaces/indigenous-rising-ai/node_modules/@radix-ui/react-slot/dist/index.mjs:33:13
    at file:///workspaces/indigenous-rising-ai/node_modules/@radix-ui/react-slot/dist/index.mjs:9:13
    at file:///workspaces/indigenous-rising-ai/node_modules/@radix-ui/react-collection/dist/index.mjs:27:15
    at Provider (file:///workspaces/indigenous-rising-ai/node_modules/@radix-ui/react-context/dist/index.mjs:27:15)
    at CollectionProvider (file:///workspaces/indigenous-rising-ai/node_modules/@radix-ui/react-collection/dist/index.mjs:17:13)
    at file:///workspaces/indigenous-rising-ai/node_modules/@radix-ui/react-roving-focus/dist/index.mjs:26:68
    at Provider (file:///workspaces/indigenous-rising-ai/node_modules/@radix-ui/react-context/dist/index.mjs:27:15)
    at file:///workspaces/indigenous-rising-ai/node_modules/@radix-ui/react-radio-group/dist/index.mjs:169:7
    at /workspaces/indigenous-rising-ai/src/components/ui/radio-group.tsx:13:70
    at div
    at form
    at div
    at div
    at /workspaces/indigenous-rising-ai/src/components/ui/card.tsx:13:64
    at DataRequestForm (/workspaces/indigenous-rising-ai/src/components/DataRequestForm.tsx:37:77)
    at Router (/workspaces/indigenous-rising-ai/node_modules/react-router/dist/umd/react-router.development.js:1207:17)
    at BrowserRouter (/workspaces/indigenous-rising-ai/node_modules/react-router-dom/dist/umd/react-router-dom.development.js:695:7)

Consider adding an error boundary to your tree to customize error handling behavior.
Visit https://reactjs.org/link/error-boundaries to learn more about error boundaries.
The above error occurred in the <RadioBubbleInput> component:

    at file:///workspaces/indigenous-rising-ai/node_modules/@radix-ui/react-radio-group/dist/index.mjs:104:5
    at Provider (file:///workspaces/indigenous-rising-ai/node_modules/@radix-ui/react-context/dist/index.mjs:27:15)
    at file:///workspaces/indigenous-rising-ai/node_modules/@radix-ui/react-radio-group/dist/index.mjs:30:7
    at file:///workspaces/indigenous-rising-ai/node_modules/@radix-ui/react-slot/dist/index.mjs:33:13
    at file:///workspaces/indigenous-rising-ai/node_modules/@radix-ui/react-slot/dist/index.mjs:9:13
    at file:///workspaces/indigenous-rising-ai/node_modules/@radix-ui/react-primitive/dist/index.mjs:28:13
    at file:///workspaces/indigenous-rising-ai/node_modules/@radix-ui/react-slot/dist/index.mjs:33:13
    at file:///workspaces/indigenous-rising-ai/node_modules/@radix-ui/react-slot/dist/index.mjs:9:13
    at file:///workspaces/indigenous-rising-ai/node_modules/@radix-ui/react-collection/dist/index.mjs:39:15
    at file:///workspaces/indigenous-rising-ai/node_modules/@radix-ui/react-roving-focus/dist/index.mjs:124:7
    at file:///workspaces/indigenous-rising-ai/node_modules/@radix-ui/react-radio-group/dist/index.mjs:228:13
    at /workspaces/indigenous-rising-ai/src/components/ui/radio-group.tsx:25:74
    at div
    at div
    at file:///workspaces/indigenous-rising-ai/node_modules/@radix-ui/react-primitive/dist/index.mjs:28:13
    at file:///workspaces/indigenous-rising-ai/node_modules/@radix-ui/react-slot/dist/index.mjs:33:13
    at file:///workspaces/indigenous-rising-ai/node_modules/@radix-ui/react-slot/dist/index.mjs:9:13
    at file:///workspaces/indigenous-rising-ai/node_modules/@radix-ui/react-primitive/dist/index.mjs:28:13
    at Provider (file:///workspaces/indigenous-rising-ai/node_modules/@radix-ui/react-context/dist/index.mjs:27:15)
    at file:///workspaces/indigenous-rising-ai/node_modules/@radix-ui/react-roving-focus/dist/index.mjs:32:5
    at file:///workspaces/indigenous-rising-ai/node_modules/@radix-ui/react-slot/dist/index.mjs:33:13
    at file:///workspaces/indigenous-rising-ai/node_modules/@radix-ui/react-slot/dist/index.mjs:9:13
    at file:///workspaces/indigenous-rising-ai/node_modules/@radix-ui/react-collection/dist/index.mjs:27:15
    at Provider (file:///workspaces/indigenous-rising-ai/node_modules/@radix-ui/react-context/dist/index.mjs:27:15)
    at CollectionProvider (file:///workspaces/indigenous-rising-ai/node_modules/@radix-ui/react-collection/dist/index.mjs:17:13)
    at file:///workspaces/indigenous-rising-ai/node_modules/@radix-ui/react-roving-focus/dist/index.mjs:26:68
    at Provider (file:///workspaces/indigenous-rising-ai/node_modules/@radix-ui/react-context/dist/index.mjs:27:15)
    at file:///workspaces/indigenous-rising-ai/node_modules/@radix-ui/react-radio-group/dist/index.mjs:169:7
    at /workspaces/indigenous-rising-ai/src/components/ui/radio-group.tsx:13:70
    at div
    at form
    at div
    at div
    at /workspaces/indigenous-rising-ai/src/components/ui/card.tsx:13:64
    at DataRequestForm (/workspaces/indigenous-rising-ai/src/components/DataRequestForm.tsx:37:77)
    at Router (/workspaces/indigenous-rising-ai/node_modules/react-router/dist/umd/react-router.development.js:1207:17)
    at BrowserRouter (/workspaces/indigenous-rising-ai/node_modules/react-router-dom/dist/umd/react-router-dom.development.js:695:7)

Consider adding an error boundary to your tree to customize error handling behavior.
Visit https://reactjs.org/link/error-boundaries to learn more about error boundaries.
The above error occurred in the <RadioBubbleInput> component:

    at file:///workspaces/indigenous-rising-ai/node_modules/@radix-ui/react-radio-group/dist/index.mjs:104:5
    at Provider (file:///workspaces/indigenous-rising-ai/node_modules/@radix-ui/react-context/dist/index.mjs:27:15)
    at file:///workspaces/indigenous-rising-ai/node_modules/@radix-ui/react-radio-group/dist/index.mjs:30:7
    at file:///workspaces/indigenous-rising-ai/node_modules/@radix-ui/react-slot/dist/index.mjs:33:13
    at file:///workspaces/indigenous-rising-ai/node_modules/@radix-ui/react-slot/dist/index.mjs:9:13
    at file:///workspaces/indigenous-rising-ai/node_modules/@radix-ui/react-primitive/dist/index.mjs:28:13
    at file:///workspaces/indigenous-rising-ai/node_modules/@radix-ui/react-slot/dist/index.mjs:33:13
    at file:///workspaces/indigenous-rising-ai/node_modules/@radix-ui/react-slot/dist/index.mjs:9:13
    at file:///workspaces/indigenous-rising-ai/node_modules/@radix-ui/react-collection/dist/index.mjs:39:15
    at file:///workspaces/indigenous-rising-ai/node_modules/@radix-ui/react-roving-focus/dist/index.mjs:124:7
    at file:///workspaces/indigenous-rising-ai/node_modules/@radix-ui/react-radio-group/dist/index.mjs:228:13
    at /workspaces/indigenous-rising-ai/src/components/ui/radio-group.tsx:25:74
    at div
    at div
    at file:///workspaces/indigenous-rising-ai/node_modules/@radix-ui/react-primitive/dist/index.mjs:28:13
    at file:///workspaces/indigenous-rising-ai/node_modules/@radix-ui/react-slot/dist/index.mjs:33:13
    at file:///workspaces/indigenous-rising-ai/node_modules/@radix-ui/react-slot/dist/index.mjs:9:13
    at file:///workspaces/indigenous-rising-ai/node_modules/@radix-ui/react-primitive/dist/index.mjs:28:13
    at Provider (file:///workspaces/indigenous-rising-ai/node_modules/@radix-ui/react-context/dist/index.mjs:27:15)
    at file:///workspaces/indigenous-rising-ai/node_modules/@radix-ui/react-roving-focus/dist/index.mjs:32:5
    at file:///workspaces/indigenous-rising-ai/node_modules/@radix-ui/react-slot/dist/index.mjs:33:13
    at file:///workspaces/indigenous-rising-ai/node_modules/@radix-ui/react-slot/dist/index.mjs:9:13
    at file:///workspaces/indigenous-rising-ai/node_modules/@radix-ui/react-collection/dist/index.mjs:27:15
    at Provider (file:///workspaces/indigenous-rising-ai/node_modules/@radix-ui/react-context/dist/index.mjs:27:15)
    at CollectionProvider (file:///workspaces/indigenous-rising-ai/node_modules/@radix-ui/react-collection/dist/index.mjs:17:13)
    at file:///workspaces/indigenous-rising-ai/node_modules/@radix-ui/react-roving-focus/dist/index.mjs:26:68
    at Provider (file:///workspaces/indigenous-rising-ai/node_modules/@radix-ui/react-context/dist/index.mjs:27:15)
    at file:///workspaces/indigenous-rising-ai/node_modules/@radix-ui/react-radio-group/dist/index.mjs:169:7
    at /workspaces/indigenous-rising-ai/src/components/ui/radio-group.tsx:13:70
    at div
    at form
    at div
    at div
    at /workspaces/indigenous-rising-ai/src/components/ui/card.tsx:13:64
    at DataRequestForm (/workspaces/indigenous-rising-ai/src/components/DataRequestForm.tsx:37:77)
    at Router (/workspaces/indigenous-rising-ai/node_modules/react-router/dist/umd/react-router.development.js:1207:17)
    at BrowserRouter (/workspaces/indigenous-rising-ai/node_modules/react-router-dom/dist/umd/react-router-dom.development.js:695:7)

Consider adding an error boundary to your tree to customize error handling behavior.
Visit https://reactjs.org/link/error-boundaries to learn more about error boundaries.
The above error occurred in the <RadioBubbleInput> component:

    at file:///workspaces/indigenous-rising-ai/node_modules/@radix-ui/react-radio-group/dist/index.mjs:104:5
    at Provider (file:///workspaces/indigenous-rising-ai/node_modules/@radix-ui/react-context/dist/index.mjs:27:15)
    at file:///workspaces/indigenous-rising-ai/node_modules/@radix-ui/react-radio-group/dist/index.mjs:30:7
    at file:///workspaces/indigenous-rising-ai/node_modules/@radix-ui/react-slot/dist/index.mjs:33:13
    at file:///workspaces/indigenous-rising-ai/node_modules/@radix-ui/react-slot/dist/index.mjs:9:13
    at file:///workspaces/indigenous-rising-ai/node_modules/@radix-ui/react-primitive/dist/index.mjs:28:13
    at file:///workspaces/indigenous-rising-ai/node_modules/@radix-ui/react-slot/dist/index.mjs:33:13
    at file:///workspaces/indigenous-rising-ai/node_modules/@radix-ui/react-slot/dist/index.mjs:9:13
    at file:///workspaces/indigenous-rising-ai/node_modules/@radix-ui/react-collection/dist/index.mjs:39:15
    at file:///workspaces/indigenous-rising-ai/node_modules/@radix-ui/react-roving-focus/dist/index.mjs:124:7
    at file:///workspaces/indigenous-rising-ai/node_modules/@radix-ui/react-radio-group/dist/index.mjs:228:13
    at /workspaces/indigenous-rising-ai/src/components/ui/radio-group.tsx:25:74
    at div
    at div
    at file:///workspaces/indigenous-rising-ai/node_modules/@radix-ui/react-primitive/dist/index.mjs:28:13
    at file:///workspaces/indigenous-rising-ai/node_modules/@radix-ui/react-slot/dist/index.mjs:33:13
    at file:///workspaces/indigenous-rising-ai/node_modules/@radix-ui/react-slot/dist/index.mjs:9:13
    at file:///workspaces/indigenous-rising-ai/node_modules/@radix-ui/react-primitive/dist/index.mjs:28:13
    at Provider (file:///workspaces/indigenous-rising-ai/node_modules/@radix-ui/react-context/dist/index.mjs:27:15)
    at file:///workspaces/indigenous-rising-ai/node_modules/@radix-ui/react-roving-focus/dist/index.mjs:32:5
    at file:///workspaces/indigenous-rising-ai/node_modules/@radix-ui/react-slot/dist/index.mjs:33:13
    at file:///workspaces/indigenous-rising-ai/node_modules/@radix-ui/react-slot/dist/index.mjs:9:13
    at file:///workspaces/indigenous-rising-ai/node_modules/@radix-ui/react-collection/dist/index.mjs:27:15
    at Provider (file:///workspaces/indigenous-rising-ai/node_modules/@radix-ui/react-context/dist/index.mjs:27:15)
    at CollectionProvider (file:///workspaces/indigenous-rising-ai/node_modules/@radix-ui/react-collection/dist/index.mjs:17:13)
    at file:///workspaces/indigenous-rising-ai/node_modules/@radix-ui/react-roving-focus/dist/index.mjs:26:68
    at Provider (file:///workspaces/indigenous-rising-ai/node_modules/@radix-ui/react-context/dist/index.mjs:27:15)
    at file:///workspaces/indigenous-rising-ai/node_modules/@radix-ui/react-radio-group/dist/index.mjs:169:7
    at /workspaces/indigenous-rising-ai/src/components/ui/radio-group.tsx:13:70
    at div
    at form
    at div
    at div
    at /workspaces/indigenous-rising-ai/src/components/ui/card.tsx:13:64
    at DataRequestForm (/workspaces/indigenous-rising-ai/src/components/DataRequestForm.tsx:37:77)
    at Router (/workspaces/indigenous-rising-ai/node_modules/react-router/dist/umd/react-router.development.js:1207:17)
    at BrowserRouter (/workspaces/indigenous-rising-ai/node_modules/react-router-dom/dist/umd/react-router-dom.development.js:695:7)

Consider adding an error boundary to your tree to customize error handling behavior.
Visit https://reactjs.org/link/error-boundaries to learn more about error boundaries.
The above error occurred in the <RadioBubbleInput> component:

    at file:///workspaces/indigenous-rising-ai/node_modules/@radix-ui/react-radio-group/dist/index.mjs:104:5
    at Provider (file:///workspaces/indigenous-rising-ai/node_modules/@radix-ui/react-context/dist/index.mjs:27:15)
    at file:///workspaces/indigenous-rising-ai/node_modules/@radix-ui/react-radio-group/dist/index.mjs:30:7
    at file:///workspaces/indigenous-rising-ai/node_modules/@radix-ui/react-slot/dist/index.mjs:33:13
    at file:///workspaces/indigenous-rising-ai/node_modules/@radix-ui/react-slot/dist/index.mjs:9:13
    at file:///workspaces/indigenous-rising-ai/node_modules/@radix-ui/react-primitive/dist/index.mjs:28:13
    at file:///workspaces/indigenous-rising-ai/node_modules/@radix-ui/react-slot/dist/index.mjs:33:13
    at file:///workspaces/indigenous-rising-ai/node_modules/@radix-ui/react-slot/dist/index.mjs:9:13
    at file:///workspaces/indigenous-rising-ai/node_modules/@radix-ui/react-collection/dist/index.mjs:39:15
    at file:///workspaces/indigenous-rising-ai/node_modules/@radix-ui/react-roving-focus/dist/index.mjs:124:7
    at file:///workspaces/indigenous-rising-ai/node_modules/@radix-ui/react-radio-group/dist/index.mjs:228:13
    at /workspaces/indigenous-rising-ai/src/components/ui/radio-group.tsx:25:74
    at div
    at div
    at file:///workspaces/indigenous-rising-ai/node_modules/@radix-ui/react-primitive/dist/index.mjs:28:13
    at file:///workspaces/indigenous-rising-ai/node_modules/@radix-ui/react-slot/dist/index.mjs:33:13
    at file:///workspaces/indigenous-rising-ai/node_modules/@radix-ui/react-slot/dist/index.mjs:9:13
    at file:///workspaces/indigenous-rising-ai/node_modules/@radix-ui/react-primitive/dist/index.mjs:28:13
    at Provider (file:///workspaces/indigenous-rising-ai/node_modules/@radix-ui/react-context/dist/index.mjs:27:15)
    at file:///workspaces/indigenous-rising-ai/node_modules/@radix-ui/react-roving-focus/dist/index.mjs:32:5
    at file:///workspaces/indigenous-rising-ai/node_modules/@radix-ui/react-slot/dist/index.mjs:33:13
    at file:///workspaces/indigenous-rising-ai/node_modules/@radix-ui/react-slot/dist/index.mjs:9:13
    at file:///workspaces/indigenous-rising-ai/node_modules/@radix-ui/react-collection/dist/index.mjs:27:15
    at Provider (file:///workspaces/indigenous-rising-ai/node_modules/@radix-ui/react-context/dist/index.mjs:27:15)
    at CollectionProvider (file:///workspaces/indigenous-rising-ai/node_modules/@radix-ui/react-collection/dist/index.mjs:17:13)
    at file:///workspaces/indigenous-rising-ai/node_modules/@radix-ui/react-roving-focus/dist/index.mjs:26:68
    at Provider (file:///workspaces/indigenous-rising-ai/node_modules/@radix-ui/react-context/dist/index.mjs:27:15)
    at file:///workspaces/indigenous-rising-ai/node_modules/@radix-ui/react-radio-group/dist/index.mjs:169:7
    at /workspaces/indigenous-rising-ai/src/components/ui/radio-group.tsx:13:70
    at div
    at form
    at div
    at div
    at /workspaces/indigenous-rising-ai/src/components/ui/card.tsx:13:64
    at DataRequestForm (/workspaces/indigenous-rising-ai/src/components/DataRequestForm.tsx:37:77)
    at Router (/workspaces/indigenous-rising-ai/node_modules/react-router/dist/umd/react-router.development.js:1207:17)
    at BrowserRouter (/workspaces/indigenous-rising-ai/node_modules/react-router-dom/dist/umd/react-router-dom.development.js:695:7)

Consider adding an error boundary to your tree to customize error handling behavior.
Visit https://reactjs.org/link/error-boundaries to learn more about error boundaries.

ReferenceError: ResizeObserver is not defined
    at file:///workspaces/indigenous-rising-ai/node_modules/@radix-ui/react-use-size/dist/index.mjs:9:30
    at commitHookEffectListMount (/workspaces/indigenous-rising-ai/node_modules/react-dom/cjs/react-dom.development.js:23189:26)
    at commitLayoutEffectOnFiber (/workspaces/indigenous-rising-ai/node_modules/react-dom/cjs/react-dom.development.js:23312:15)
    at commitLayoutMountEffects_complete (/workspaces/indigenous-rising-ai/node_modules/react-dom/cjs/react-dom.development.js:24727:9)
    at commitLayoutEffects_begin (/workspaces/indigenous-rising-ai/node_modules/react-dom/cjs/react-dom.development.js:24713:7)
    at commitLayoutEffects (/workspaces/indigenous-rising-ai/node_modules/react-dom/cjs/react-dom.development.js:24651:3)
    at commitRootImpl (/workspaces/indigenous-rising-ai/node_modules/react-dom/cjs/react-dom.development.js:26862:5)
    at commitRoot (/workspaces/indigenous-rising-ai/node_modules/react-dom/cjs/react-dom.development.js:26721:5)
    at performSyncWorkOnRoot (/workspaces/indigenous-rising-ai/node_modules/react-dom/cjs/react-dom.development.js:26156:3)
    at flushSyncCallbacks (/workspaces/indigenous-rising-ai/node_modules/react-dom/cjs/react-dom.development.js:12042:22)
ReferenceError: ResizeObserver is not defined
    at file:///workspaces/indigenous-rising-ai/node_modules/@radix-ui/react-use-size/dist/index.mjs:9:30
    at commitHookEffectListMount (/workspaces/indigenous-rising-ai/node_modules/react-dom/cjs/react-dom.development.js:23189:26)
    at commitLayoutEffectOnFiber (/workspaces/indigenous-rising-ai/node_modules/react-dom/cjs/react-dom.development.js:23312:15)
    at commitLayoutMountEffects_complete (/workspaces/indigenous-rising-ai/node_modules/react-dom/cjs/react-dom.development.js:24727:9)
    at commitLayoutEffects_begin (/workspaces/indigenous-rising-ai/node_modules/react-dom/cjs/react-dom.development.js:24713:7)
    at commitLayoutEffects (/workspaces/indigenous-rising-ai/node_modules/react-dom/cjs/react-dom.development.js:24651:3)
    at commitRootImpl (/workspaces/indigenous-rising-ai/node_modules/react-dom/cjs/react-dom.development.js:26862:5)
    at commitRoot (/workspaces/indigenous-rising-ai/node_modules/react-dom/cjs/react-dom.development.js:26721:5)
    at performSyncWorkOnRoot (/workspaces/indigenous-rising-ai/node_modules/react-dom/cjs/react-dom.development.js:26156:3)
    at flushSyncCallbacks (/workspaces/indigenous-rising-ai/node_modules/react-dom/cjs/react-dom.development.js:12042:22)
ReferenceError: ResizeObserver is not defined
    at file:///workspaces/indigenous-rising-ai/node_modules/@radix-ui/react-use-size/dist/index.mjs:9:30
    at commitHookEffectListMount (/workspaces/indigenous-rising-ai/node_modules/react-dom/cjs/react-dom.development.js:23189:26)
    at commitLayoutEffectOnFiber (/workspaces/indigenous-rising-ai/node_modules/react-dom/cjs/react-dom.development.js:23312:15)
    at commitLayoutMountEffects_complete (/workspaces/indigenous-rising-ai/node_modules/react-dom/cjs/react-dom.development.js:24727:9)
    at commitLayoutEffects_begin (/workspaces/indigenous-rising-ai/node_modules/react-dom/cjs/react-dom.development.js:24713:7)
    at commitLayoutEffects (/workspaces/indigenous-rising-ai/node_modules/react-dom/cjs/react-dom.development.js:24651:3)
    at commitRootImpl (/workspaces/indigenous-rising-ai/node_modules/react-dom/cjs/react-dom.development.js:26862:5)
    at commitRoot (/workspaces/indigenous-rising-ai/node_modules/react-dom/cjs/react-dom.development.js:26721:5)
    at performSyncWorkOnRoot (/workspaces/indigenous-rising-ai/node_modules/react-dom/cjs/react-dom.development.js:26156:3)
    at flushSyncCallbacks (/workspaces/indigenous-rising-ai/node_modules/react-dom/cjs/react-dom.development.js:12042:22)
ReferenceError: ResizeObserver is not defined
    at file:///workspaces/indigenous-rising-ai/node_modules/@radix-ui/react-use-size/dist/index.mjs:9:30
    at commitHookEffectListMount (/workspaces/indigenous-rising-ai/node_modules/react-dom/cjs/react-dom.development.js:23189:26)
    at commitLayoutEffectOnFiber (/workspaces/indigenous-rising-ai/node_modules/react-dom/cjs/react-dom.development.js:23312:15)
    at commitLayoutMountEffects_complete (/workspaces/indigenous-rising-ai/node_modules/react-dom/cjs/react-dom.development.js:24727:9)
    at commitLayoutEffects_begin (/workspaces/indigenous-rising-ai/node_modules/react-dom/cjs/react-dom.development.js:24713:7)
    at commitLayoutEffects (/workspaces/indigenous-rising-ai/node_modules/react-dom/cjs/react-dom.development.js:24651:3)
    at commitRootImpl (/workspaces/indigenous-rising-ai/node_modules/react-dom/cjs/react-dom.development.js:26862:5)
    at commitRoot (/workspaces/indigenous-rising-ai/node_modules/react-dom/cjs/react-dom.development.js:26721:5)
    at performSyncWorkOnRoot (/workspaces/indigenous-rising-ai/node_modules/react-dom/cjs/react-dom.development.js:26156:3)
    at flushSyncCallbacks (/workspaces/indigenous-rising-ai/node_modules/react-dom/cjs/react-dom.development.js:12042:22)
ReferenceError: ResizeObserver is not defined
    at file:///workspaces/indigenous-rising-ai/node_modules/@radix-ui/react-use-size/dist/index.mjs:9:30
    at commitHookEffectListMount (/workspaces/indigenous-rising-ai/node_modules/react-dom/cjs/react-dom.development.js:23189:26)
    at commitLayoutEffectOnFiber (/workspaces/indigenous-rising-ai/node_modules/react-dom/cjs/react-dom.development.js:23312:15)
    at commitLayoutMountEffects_complete (/workspaces/indigenous-rising-ai/node_modules/react-dom/cjs/react-dom.development.js:24727:9)
    at commitLayoutEffects_begin (/workspaces/indigenous-rising-ai/node_modules/react-dom/cjs/react-dom.development.js:24713:7)
    at commitLayoutEffects (/workspaces/indigenous-rising-ai/node_modules/react-dom/cjs/react-dom.development.js:24651:3)
    at commitRootImpl (/workspaces/indigenous-rising-ai/node_modules/react-dom/cjs/react-dom.development.js:26862:5)
    at commitRoot (/workspaces/indigenous-rising-ai/node_modules/react-dom/cjs/react-dom.development.js:26721:5)
    at performSyncWorkOnRoot (/workspaces/indigenous-rising-ai/node_modules/react-dom/cjs/react-dom.development.js:26156:3)
    at flushSyncCallbacks (/workspaces/indigenous-rising-ai/node_modules/react-dom/cjs/react-dom.development.js:12042:22)
[90mstderr[2m | src/components/DataRequestForm.test.tsx[2m > [22m[2mDataRequestForm[2m > [22m[2mvalidates request details minimum length
[22m[39mThe above error occurred in the <RadioBubbleInput> component:

    at file:///workspaces/indigenous-rising-ai/node_modules/@radix-ui/react-radio-group/dist/index.mjs:104:5
    at Provider (file:///workspaces/indigenous-rising-ai/node_modules/@radix-ui/react-context/dist/index.mjs:27:15)
    at file:///workspaces/indigenous-rising-ai/node_modules/@radix-ui/react-radio-group/dist/index.mjs:30:7
    at file:///workspaces/indigenous-rising-ai/node_modules/@radix-ui/react-slot/dist/index.mjs:33:13
    at file:///workspaces/indigenous-rising-ai/node_modules/@radix-ui/react-slot/dist/index.mjs:9:13
    at file:///workspaces/indigenous-rising-ai/node_modules/@radix-ui/react-primitive/dist/index.mjs:28:13
    at file:///workspaces/indigenous-rising-ai/node_modules/@radix-ui/react-slot/dist/index.mjs:33:13
    at file:///workspaces/indigenous-rising-ai/node_modules/@radix-ui/react-slot/dist/index.mjs:9:13
    at file:///workspaces/indigenous-rising-ai/node_modules/@radix-ui/react-collection/dist/index.mjs:39:15
    at file:///workspaces/indigenous-rising-ai/node_modules/@radix-ui/react-roving-focus/dist/index.mjs:124:7
    at file:///workspaces/indigenous-rising-ai/node_modules/@radix-ui/react-radio-group/dist/index.mjs:228:13
    at /workspaces/indigenous-rising-ai/src/components/ui/radio-group.tsx:25:74
    at div
    at div
    at file:///workspaces/indigenous-rising-ai/node_modules/@radix-ui/react-primitive/dist/index.mjs:28:13
    at file:///workspaces/indigenous-rising-ai/node_modules/@radix-ui/react-slot/dist/index.mjs:33:13
    at file:///workspaces/indigenous-rising-ai/node_modules/@radix-ui/react-slot/dist/index.mjs:9:13
    at file:///workspaces/indigenous-rising-ai/node_modules/@radix-ui/react-primitive/dist/index.mjs:28:13
    at Provider (file:///workspaces/indigenous-rising-ai/node_modules/@radix-ui/react-context/dist/index.mjs:27:15)
    at file:///workspaces/indigenous-rising-ai/node_modules/@radix-ui/react-roving-focus/dist/index.mjs:32:5
    at file:///workspaces/indigenous-rising-ai/node_modules/@radix-ui/react-slot/dist/index.mjs:33:13
    at file:///workspaces/indigenous-rising-ai/node_modules/@radix-ui/react-slot/dist/index.mjs:9:13
    at file:///workspaces/indigenous-rising-ai/node_modules/@radix-ui/react-collection/dist/index.mjs:27:15
    at Provider (file:///workspaces/indigenous-rising-ai/node_modules/@radix-ui/react-context/dist/index.mjs:27:15)
    at CollectionProvider (file:///workspaces/indigenous-rising-ai/node_modules/@radix-ui/react-collection/dist/index.mjs:17:13)
    at file:///workspaces/indigenous-rising-ai/node_modules/@radix-ui/react-roving-focus/dist/index.mjs:26:68
    at Provider (file:///workspaces/indigenous-rising-ai/node_modules/@radix-ui/react-context/dist/index.mjs:27:15)
    at file:///workspaces/indigenous-rising-ai/node_modules/@radix-ui/react-radio-group/dist/index.mjs:169:7
    at /workspaces/indigenous-rising-ai/src/components/ui/radio-group.tsx:13:70
    at div
    at form
    at div
    at div
    at /workspaces/indigenous-rising-ai/src/components/ui/card.tsx:13:64
    at DataRequestForm (/workspaces/indigenous-rising-ai/src/components/DataRequestForm.tsx:37:77)
    at Router (/workspaces/indigenous-rising-ai/node_modules/react-router/dist/umd/react-router.development.js:1207:17)
    at BrowserRouter (/workspaces/indigenous-rising-ai/node_modules/react-router-dom/dist/umd/react-router-dom.development.js:695:7)

Consider adding an error boundary to your tree to customize error handling behavior.
Visit https://reactjs.org/link/error-boundaries to learn more about error boundaries.
The above error occurred in the <RadioBubbleInput> component:

    at file:///workspaces/indigenous-rising-ai/node_modules/@radix-ui/react-radio-group/dist/index.mjs:104:5
    at Provider (file:///workspaces/indigenous-rising-ai/node_modules/@radix-ui/react-context/dist/index.mjs:27:15)
    at file:///workspaces/indigenous-rising-ai/node_modules/@radix-ui/react-radio-group/dist/index.mjs:30:7
    at file:///workspaces/indigenous-rising-ai/node_modules/@radix-ui/react-slot/dist/index.mjs:33:13
    at file:///workspaces/indigenous-rising-ai/node_modules/@radix-ui/react-slot/dist/index.mjs:9:13
    at file:///workspaces/indigenous-rising-ai/node_modules/@radix-ui/react-primitive/dist/index.mjs:28:13
    at file:///workspaces/indigenous-rising-ai/node_modules/@radix-ui/react-slot/dist/index.mjs:33:13
    at file:///workspaces/indigenous-rising-ai/node_modules/@radix-ui/react-slot/dist/index.mjs:9:13
    at file:///workspaces/indigenous-rising-ai/node_modules/@radix-ui/react-collection/dist/index.mjs:39:15
    at file:///workspaces/indigenous-rising-ai/node_modules/@radix-ui/react-roving-focus/dist/index.mjs:124:7
    at file:///workspaces/indigenous-rising-ai/node_modules/@radix-ui/react-radio-group/dist/index.mjs:228:13
    at /workspaces/indigenous-rising-ai/src/components/ui/radio-group.tsx:25:74
    at div
    at div
    at file:///workspaces/indigenous-rising-ai/node_modules/@radix-ui/react-primitive/dist/index.mjs:28:13
    at file:///workspaces/indigenous-rising-ai/node_modules/@radix-ui/react-slot/dist/index.mjs:33:13
    at file:///workspaces/indigenous-rising-ai/node_modules/@radix-ui/react-slot/dist/index.mjs:9:13
    at file:///workspaces/indigenous-rising-ai/node_modules/@radix-ui/react-primitive/dist/index.mjs:28:13
    at Provider (file:///workspaces/indigenous-rising-ai/node_modules/@radix-ui/react-context/dist/index.mjs:27:15)
    at file:///workspaces/indigenous-rising-ai/node_modules/@radix-ui/react-roving-focus/dist/index.mjs:32:5
    at file:///workspaces/indigenous-rising-ai/node_modules/@radix-ui/react-slot/dist/index.mjs:33:13
    at file:///workspaces/indigenous-rising-ai/node_modules/@radix-ui/react-slot/dist/index.mjs:9:13
    at file:///workspaces/indigenous-rising-ai/node_modules/@radix-ui/react-collection/dist/index.mjs:27:15
    at Provider (file:///workspaces/indigenous-rising-ai/node_modules/@radix-ui/react-context/dist/index.mjs:27:15)
    at CollectionProvider (file:///workspaces/indigenous-rising-ai/node_modules/@radix-ui/react-collection/dist/index.mjs:17:13)
    at file:///workspaces/indigenous-rising-ai/node_modules/@radix-ui/react-roving-focus/dist/index.mjs:26:68
    at Provider (file:///workspaces/indigenous-rising-ai/node_modules/@radix-ui/react-context/dist/index.mjs:27:15)
    at file:///workspaces/indigenous-rising-ai/node_modules/@radix-ui/react-radio-group/dist/index.mjs:169:7
    at /workspaces/indigenous-rising-ai/src/components/ui/radio-group.tsx:13:70
    at div
    at form
    at div
    at div
    at /workspaces/indigenous-rising-ai/src/components/ui/card.tsx:13:64
    at DataRequestForm (/workspaces/indigenous-rising-ai/src/components/DataRequestForm.tsx:37:77)
    at Router (/workspaces/indigenous-rising-ai/node_modules/react-router/dist/umd/react-router.development.js:1207:17)
    at BrowserRouter (/workspaces/indigenous-rising-ai/node_modules/react-router-dom/dist/umd/react-router-dom.development.js:695:7)

Consider adding an error boundary to your tree to customize error handling behavior.
Visit https://reactjs.org/link/error-boundaries to learn more about error boundaries.
The above error occurred in the <RadioBubbleInput> component:

    at file:///workspaces/indigenous-rising-ai/node_modules/@radix-ui/react-radio-group/dist/index.mjs:104:5
    at Provider (file:///workspaces/indigenous-rising-ai/node_modules/@radix-ui/react-context/dist/index.mjs:27:15)
    at file:///workspaces/indigenous-rising-ai/node_modules/@radix-ui/react-radio-group/dist/index.mjs:30:7
    at file:///workspaces/indigenous-rising-ai/node_modules/@radix-ui/react-slot/dist/index.mjs:33:13
    at file:///workspaces/indigenous-rising-ai/node_modules/@radix-ui/react-slot/dist/index.mjs:9:13
    at file:///workspaces/indigenous-rising-ai/node_modules/@radix-ui/react-primitive/dist/index.mjs:28:13
    at file:///workspaces/indigenous-rising-ai/node_modules/@radix-ui/react-slot/dist/index.mjs:33:13
    at file:///workspaces/indigenous-rising-ai/node_modules/@radix-ui/react-slot/dist/index.mjs:9:13
    at file:///workspaces/indigenous-rising-ai/node_modules/@radix-ui/react-collection/dist/index.mjs:39:15
    at file:///workspaces/indigenous-rising-ai/node_modules/@radix-ui/react-roving-focus/dist/index.mjs:124:7
    at file:///workspaces/indigenous-rising-ai/node_modules/@radix-ui/react-radio-group/dist/index.mjs:228:13
    at /workspaces/indigenous-rising-ai/src/components/ui/radio-group.tsx:25:74
    at div
    at div
    at file:///workspaces/indigenous-rising-ai/node_modules/@radix-ui/react-primitive/dist/index.mjs:28:13
    at file:///workspaces/indigenous-rising-ai/node_modules/@radix-ui/react-slot/dist/index.mjs:33:13
    at file:///workspaces/indigenous-rising-ai/node_modules/@radix-ui/react-slot/dist/index.mjs:9:13
    at file:///workspaces/indigenous-rising-ai/node_modules/@radix-ui/react-primitive/dist/index.mjs:28:13
    at Provider (file:///workspaces/indigenous-rising-ai/node_modules/@radix-ui/react-context/dist/index.mjs:27:15)
    at file:///workspaces/indigenous-rising-ai/node_modules/@radix-ui/react-roving-focus/dist/index.mjs:32:5
    at file:///workspaces/indigenous-rising-ai/node_modules/@radix-ui/react-slot/dist/index.mjs:33:13
    at file:///workspaces/indigenous-rising-ai/node_modules/@radix-ui/react-slot/dist/index.mjs:9:13
    at file:///workspaces/indigenous-rising-ai/node_modules/@radix-ui/react-collection/dist/index.mjs:27:15
    at Provider (file:///workspaces/indigenous-rising-ai/node_modules/@radix-ui/react-context/dist/index.mjs:27:15)
    at CollectionProvider (file:///workspaces/indigenous-rising-ai/node_modules/@radix-ui/react-collection/dist/index.mjs:17:13)
    at file:///workspaces/indigenous-rising-ai/node_modules/@radix-ui/react-roving-focus/dist/index.mjs:26:68
    at Provider (file:///workspaces/indigenous-rising-ai/node_modules/@radix-ui/react-context/dist/index.mjs:27:15)
    at file:///workspaces/indigenous-rising-ai/node_modules/@radix-ui/react-radio-group/dist/index.mjs:169:7
    at /workspaces/indigenous-rising-ai/src/components/ui/radio-group.tsx:13:70
    at div
    at form
    at div
    at div
    at /workspaces/indigenous-rising-ai/src/components/ui/card.tsx:13:64
    at DataRequestForm (/workspaces/indigenous-rising-ai/src/components/DataRequestForm.tsx:37:77)
    at Router (/workspaces/indigenous-rising-ai/node_modules/react-router/dist/umd/react-router.development.js:1207:17)
    at BrowserRouter (/workspaces/indigenous-rising-ai/node_modules/react-router-dom/dist/umd/react-router-dom.development.js:695:7)

Consider adding an error boundary to your tree to customize error handling behavior.
Visit https://reactjs.org/link/error-boundaries to learn more about error boundaries.
The above error occurred in the <RadioBubbleInput> component:

    at file:///workspaces/indigenous-rising-ai/node_modules/@radix-ui/react-radio-group/dist/index.mjs:104:5
    at Provider (file:///workspaces/indigenous-rising-ai/node_modules/@radix-ui/react-context/dist/index.mjs:27:15)
    at file:///workspaces/indigenous-rising-ai/node_modules/@radix-ui/react-radio-group/dist/index.mjs:30:7
    at file:///workspaces/indigenous-rising-ai/node_modules/@radix-ui/react-slot/dist/index.mjs:33:13
    at file:///workspaces/indigenous-rising-ai/node_modules/@radix-ui/react-slot/dist/index.mjs:9:13
    at file:///workspaces/indigenous-rising-ai/node_modules/@radix-ui/react-primitive/dist/index.mjs:28:13
    at file:///workspaces/indigenous-rising-ai/node_modules/@radix-ui/react-slot/dist/index.mjs:33:13
    at file:///workspaces/indigenous-rising-ai/node_modules/@radix-ui/react-slot/dist/index.mjs:9:13
    at file:///workspaces/indigenous-rising-ai/node_modules/@radix-ui/react-collection/dist/index.mjs:39:15
    at file:///workspaces/indigenous-rising-ai/node_modules/@radix-ui/react-roving-focus/dist/index.mjs:124:7
    at file:///workspaces/indigenous-rising-ai/node_modules/@radix-ui/react-radio-group/dist/index.mjs:228:13
    at /workspaces/indigenous-rising-ai/src/components/ui/radio-group.tsx:25:74
    at div
    at div
    at file:///workspaces/indigenous-rising-ai/node_modules/@radix-ui/react-primitive/dist/index.mjs:28:13
    at file:///workspaces/indigenous-rising-ai/node_modules/@radix-ui/react-slot/dist/index.mjs:33:13
    at file:///workspaces/indigenous-rising-ai/node_modules/@radix-ui/react-slot/dist/index.mjs:9:13
    at file:///workspaces/indigenous-rising-ai/node_modules/@radix-ui/react-primitive/dist/index.mjs:28:13
    at Provider (file:///workspaces/indigenous-rising-ai/node_modules/@radix-ui/react-context/dist/index.mjs:27:15)
    at file:///workspaces/indigenous-rising-ai/node_modules/@radix-ui/react-roving-focus/dist/index.mjs:32:5
    at file:///workspaces/indigenous-rising-ai/node_modules/@radix-ui/react-slot/dist/index.mjs:33:13
    at file:///workspaces/indigenous-rising-ai/node_modules/@radix-ui/react-slot/dist/index.mjs:9:13
    at file:///workspaces/indigenous-rising-ai/node_modules/@radix-ui/react-collection/dist/index.mjs:27:15
    at Provider (file:///workspaces/indigenous-rising-ai/node_modules/@radix-ui/react-context/dist/index.mjs:27:15)
    at CollectionProvider (file:///workspaces/indigenous-rising-ai/node_modules/@radix-ui/react-collection/dist/index.mjs:17:13)
    at file:///workspaces/indigenous-rising-ai/node_modules/@radix-ui/react-roving-focus/dist/index.mjs:26:68
    at Provider (file:///workspaces/indigenous-rising-ai/node_modules/@radix-ui/react-context/dist/index.mjs:27:15)
    at file:///workspaces/indigenous-rising-ai/node_modules/@radix-ui/react-radio-group/dist/index.mjs:169:7
    at /workspaces/indigenous-rising-ai/src/components/ui/radio-group.tsx:13:70
    at div
    at form
    at div
    at div
    at /workspaces/indigenous-rising-ai/src/components/ui/card.tsx:13:64
    at DataRequestForm (/workspaces/indigenous-rising-ai/src/components/DataRequestForm.tsx:37:77)
    at Router (/workspaces/indigenous-rising-ai/node_modules/react-router/dist/umd/react-router.development.js:1207:17)
    at BrowserRouter (/workspaces/indigenous-rising-ai/node_modules/react-router-dom/dist/umd/react-router-dom.development.js:695:7)

Consider adding an error boundary to your tree to customize error handling behavior.
Visit https://reactjs.org/link/error-boundaries to learn more about error boundaries.
The above error occurred in the <RadioBubbleInput> component:

    at file:///workspaces/indigenous-rising-ai/node_modules/@radix-ui/react-radio-group/dist/index.mjs:104:5
    at Provider (file:///workspaces/indigenous-rising-ai/node_modules/@radix-ui/react-context/dist/index.mjs:27:15)
    at file:///workspaces/indigenous-rising-ai/node_modules/@radix-ui/react-radio-group/dist/index.mjs:30:7
    at file:///workspaces/indigenous-rising-ai/node_modules/@radix-ui/react-slot/dist/index.mjs:33:13
    at file:///workspaces/indigenous-rising-ai/node_modules/@radix-ui/react-slot/dist/index.mjs:9:13
    at file:///workspaces/indigenous-rising-ai/node_modules/@radix-ui/react-primitive/dist/index.mjs:28:13
    at file:///workspaces/indigenous-rising-ai/node_modules/@radix-ui/react-slot/dist/index.mjs:33:13
    at file:///workspaces/indigenous-rising-ai/node_modules/@radix-ui/react-slot/dist/index.mjs:9:13
    at file:///workspaces/indigenous-rising-ai/node_modules/@radix-ui/react-collection/dist/index.mjs:39:15
    at file:///workspaces/indigenous-rising-ai/node_modules/@radix-ui/react-roving-focus/dist/index.mjs:124:7
    at file:///workspaces/indigenous-rising-ai/node_modules/@radix-ui/react-radio-group/dist/index.mjs:228:13
    at /workspaces/indigenous-rising-ai/src/components/ui/radio-group.tsx:25:74
    at div
    at div
    at file:///workspaces/indigenous-rising-ai/node_modules/@radix-ui/react-primitive/dist/index.mjs:28:13
    at file:///workspaces/indigenous-rising-ai/node_modules/@radix-ui/react-slot/dist/index.mjs:33:13
    at file:///workspaces/indigenous-rising-ai/node_modules/@radix-ui/react-slot/dist/index.mjs:9:13
    at file:///workspaces/indigenous-rising-ai/node_modules/@radix-ui/react-primitive/dist/index.mjs:28:13
    at Provider (file:///workspaces/indigenous-rising-ai/node_modules/@radix-ui/react-context/dist/index.mjs:27:15)
    at file:///workspaces/indigenous-rising-ai/node_modules/@radix-ui/react-roving-focus/dist/index.mjs:32:5
    at file:///workspaces/indigenous-rising-ai/node_modules/@radix-ui/react-slot/dist/index.mjs:33:13
    at file:///workspaces/indigenous-rising-ai/node_modules/@radix-ui/react-slot/dist/index.mjs:9:13
    at file:///workspaces/indigenous-rising-ai/node_modules/@radix-ui/react-collection/dist/index.mjs:27:15
    at Provider (file:///workspaces/indigenous-rising-ai/node_modules/@radix-ui/react-context/dist/index.mjs:27:15)
    at CollectionProvider (file:///workspaces/indigenous-rising-ai/node_modules/@radix-ui/react-collection/dist/index.mjs:17:13)
    at file:///workspaces/indigenous-rising-ai/node_modules/@radix-ui/react-roving-focus/dist/index.mjs:26:68
    at Provider (file:///workspaces/indigenous-rising-ai/node_modules/@radix-ui/react-context/dist/index.mjs:27:15)
    at file:///workspaces/indigenous-rising-ai/node_modules/@radix-ui/react-radio-group/dist/index.mjs:169:7
    at /workspaces/indigenous-rising-ai/src/components/ui/radio-group.tsx:13:70
    at div
    at form
    at div
    at div
    at /workspaces/indigenous-rising-ai/src/components/ui/card.tsx:13:64
    at DataRequestForm (/workspaces/indigenous-rising-ai/src/components/DataRequestForm.tsx:37:77)
    at Router (/workspaces/indigenous-rising-ai/node_modules/react-router/dist/umd/react-router.development.js:1207:17)
    at BrowserRouter (/workspaces/indigenous-rising-ai/node_modules/react-router-dom/dist/umd/react-router-dom.development.js:695:7)

Consider adding an error boundary to your tree to customize error handling behavior.
Visit https://reactjs.org/link/error-boundaries to learn more about error boundaries.

 [31m×[39m src/components/DataRequestForm.test.tsx[2m > [22mDataRequestForm[2m > [22mvalidates full name field[32m 79[2mms[22m[39m
[31m   → ResizeObserver is not defined[39m
 [31m×[39m src/components/DataRequestForm.test.tsx[2m > [22mDataRequestForm[2m > [22mvalidates email format[32m 87[2mms[22m[39m
[31m   → ResizeObserver is not defined[39m
ReferenceError: ResizeObserver is not defined
    at file:///workspaces/indigenous-rising-ai/node_modules/@radix-ui/react-use-size/dist/index.mjs:9:30
    at commitHookEffectListMount (/workspaces/indigenous-rising-ai/node_modules/react-dom/cjs/react-dom.development.js:23189:26)
    at commitLayoutEffectOnFiber (/workspaces/indigenous-rising-ai/node_modules/react-dom/cjs/react-dom.development.js:23312:15)
    at commitLayoutMountEffects_complete (/workspaces/indigenous-rising-ai/node_modules/react-dom/cjs/react-dom.development.js:24727:9)
    at commitLayoutEffects_begin (/workspaces/indigenous-rising-ai/node_modules/react-dom/cjs/react-dom.development.js:24713:7)
    at commitLayoutEffects (/workspaces/indigenous-rising-ai/node_modules/react-dom/cjs/react-dom.development.js:24651:3)
    at commitRootImpl (/workspaces/indigenous-rising-ai/node_modules/react-dom/cjs/react-dom.development.js:26862:5)
    at commitRoot (/workspaces/indigenous-rising-ai/node_modules/react-dom/cjs/react-dom.development.js:26721:5)
    at performSyncWorkOnRoot (/workspaces/indigenous-rising-ai/node_modules/react-dom/cjs/react-dom.development.js:26156:3)
    at flushSyncCallbacks (/workspaces/indigenous-rising-ai/node_modules/react-dom/cjs/react-dom.development.js:12042:22)
ReferenceError: ResizeObserver is not defined
    at file:///workspaces/indigenous-rising-ai/node_modules/@radix-ui/react-use-size/dist/index.mjs:9:30
    at commitHookEffectListMount (/workspaces/indigenous-rising-ai/node_modules/react-dom/cjs/react-dom.development.js:23189:26)
    at commitLayoutEffectOnFiber (/workspaces/indigenous-rising-ai/node_modules/react-dom/cjs/react-dom.development.js:23312:15)
    at commitLayoutMountEffects_complete (/workspaces/indigenous-rising-ai/node_modules/react-dom/cjs/react-dom.development.js:24727:9)
    at commitLayoutEffects_begin (/workspaces/indigenous-rising-ai/node_modules/react-dom/cjs/react-dom.development.js:24713:7)
    at commitLayoutEffects (/workspaces/indigenous-rising-ai/node_modules/react-dom/cjs/react-dom.development.js:24651:3)
    at commitRootImpl (/workspaces/indigenous-rising-ai/node_modules/react-dom/cjs/react-dom.development.js:26862:5)
    at commitRoot (/workspaces/indigenous-rising-ai/node_modules/react-dom/cjs/react-dom.development.js:26721:5)
    at performSyncWorkOnRoot (/workspaces/indigenous-rising-ai/node_modules/react-dom/cjs/react-dom.development.js:26156:3)
    at flushSyncCallbacks (/workspaces/indigenous-rising-ai/node_modules/react-dom/cjs/react-dom.development.js:12042:22)
ReferenceError: ResizeObserver is not defined
    at file:///workspaces/indigenous-rising-ai/node_modules/@radix-ui/react-use-size/dist/index.mjs:9:30
    at commitHookEffectListMount (/workspaces/indigenous-rising-ai/node_modules/react-dom/cjs/react-dom.development.js:23189:26)
    at commitLayoutEffectOnFiber (/workspaces/indigenous-rising-ai/node_modules/react-dom/cjs/react-dom.development.js:23312:15)
    at commitLayoutMountEffects_complete (/workspaces/indigenous-rising-ai/node_modules/react-dom/cjs/react-dom.development.js:24727:9)
    at commitLayoutEffects_begin (/workspaces/indigenous-rising-ai/node_modules/react-dom/cjs/react-dom.development.js:24713:7)
    at commitLayoutEffects (/workspaces/indigenous-rising-ai/node_modules/react-dom/cjs/react-dom.development.js:24651:3)
    at commitRootImpl (/workspaces/indigenous-rising-ai/node_modules/react-dom/cjs/react-dom.development.js:26862:5)
    at commitRoot (/workspaces/indigenous-rising-ai/node_modules/react-dom/cjs/react-dom.development.js:26721:5)
    at performSyncWorkOnRoot (/workspaces/indigenous-rising-ai/node_modules/react-dom/cjs/react-dom.development.js:26156:3)
    at flushSyncCallbacks (/workspaces/indigenous-rising-ai/node_modules/react-dom/cjs/react-dom.development.js:12042:22)
ReferenceError: ResizeObserver is not defined
    at file:///workspaces/indigenous-rising-ai/node_modules/@radix-ui/react-use-size/dist/index.mjs:9:30
    at commitHookEffectListMount (/workspaces/indigenous-rising-ai/node_modules/react-dom/cjs/react-dom.development.js:23189:26)
    at commitLayoutEffectOnFiber (/workspaces/indigenous-rising-ai/node_modules/react-dom/cjs/react-dom.development.js:23312:15)
    at commitLayoutMountEffects_complete (/workspaces/indigenous-rising-ai/node_modules/react-dom/cjs/react-dom.development.js:24727:9)
    at commitLayoutEffects_begin (/workspaces/indigenous-rising-ai/node_modules/react-dom/cjs/react-dom.development.js:24713:7)
    at commitLayoutEffects (/workspaces/indigenous-rising-ai/node_modules/react-dom/cjs/react-dom.development.js:24651:3)
    at commitRootImpl (/workspaces/indigenous-rising-ai/node_modules/react-dom/cjs/react-dom.development.js:26862:5)
    at commitRoot (/workspaces/indigenous-rising-ai/node_modules/react-dom/cjs/react-dom.development.js:26721:5)
    at performSyncWorkOnRoot (/workspaces/indigenous-rising-ai/node_modules/react-dom/cjs/react-dom.development.js:26156:3)
    at flushSyncCallbacks (/workspaces/indigenous-rising-ai/node_modules/react-dom/cjs/react-dom.development.js:12042:22)
ReferenceError: ResizeObserver is not defined
    at file:///workspaces/indigenous-rising-ai/node_modules/@radix-ui/react-use-size/dist/index.mjs:9:30
    at commitHookEffectListMount (/workspaces/indigenous-rising-ai/node_modules/react-dom/cjs/react-dom.development.js:23189:26)
    at commitLayoutEffectOnFiber (/workspaces/indigenous-rising-ai/node_modules/react-dom/cjs/react-dom.development.js:23312:15)
    at commitLayoutMountEffects_complete (/workspaces/indigenous-rising-ai/node_modules/react-dom/cjs/react-dom.development.js:24727:9)
    at commitLayoutEffects_begin (/workspaces/indigenous-rising-ai/node_modules/react-dom/cjs/react-dom.development.js:24713:7)
    at commitLayoutEffects (/workspaces/indigenous-rising-ai/node_modules/react-dom/cjs/react-dom.development.js:24651:3)
    at commitRootImpl (/workspaces/indigenous-rising-ai/node_modules/react-dom/cjs/react-dom.development.js:26862:5)
    at commitRoot (/workspaces/indigenous-rising-ai/node_modules/react-dom/cjs/react-dom.development.js:26721:5)
    at performSyncWorkOnRoot (/workspaces/indigenous-rising-ai/node_modules/react-dom/cjs/react-dom.development.js:26156:3)
    at flushSyncCallbacks (/workspaces/indigenous-rising-ai/node_modules/react-dom/cjs/react-dom.development.js:12042:22)
[90mstderr[2m | src/components/DataRequestForm.test.tsx[2m > [22m[2mDataRequestForm[2m > [22m[2mshows character count for details field
[22m[39mThe above error occurred in the <RadioBubbleInput> component:

    at file:///workspaces/indigenous-rising-ai/node_modules/@radix-ui/react-radio-group/dist/index.mjs:104:5
    at Provider (file:///workspaces/indigenous-rising-ai/node_modules/@radix-ui/react-context/dist/index.mjs:27:15)
    at file:///workspaces/indigenous-rising-ai/node_modules/@radix-ui/react-radio-group/dist/index.mjs:30:7
    at file:///workspaces/indigenous-rising-ai/node_modules/@radix-ui/react-slot/dist/index.mjs:33:13
    at file:///workspaces/indigenous-rising-ai/node_modules/@radix-ui/react-slot/dist/index.mjs:9:13
    at file:///workspaces/indigenous-rising-ai/node_modules/@radix-ui/react-primitive/dist/index.mjs:28:13
    at file:///workspaces/indigenous-rising-ai/node_modules/@radix-ui/react-slot/dist/index.mjs:33:13
    at file:///workspaces/indigenous-rising-ai/node_modules/@radix-ui/react-slot/dist/index.mjs:9:13
    at file:///workspaces/indigenous-rising-ai/node_modules/@radix-ui/react-collection/dist/index.mjs:39:15
    at file:///workspaces/indigenous-rising-ai/node_modules/@radix-ui/react-roving-focus/dist/index.mjs:124:7
    at file:///workspaces/indigenous-rising-ai/node_modules/@radix-ui/react-radio-group/dist/index.mjs:228:13
    at /workspaces/indigenous-rising-ai/src/components/ui/radio-group.tsx:25:74
    at div
    at div
    at file:///workspaces/indigenous-rising-ai/node_modules/@radix-ui/react-primitive/dist/index.mjs:28:13
    at file:///workspaces/indigenous-rising-ai/node_modules/@radix-ui/react-slot/dist/index.mjs:33:13
    at file:///workspaces/indigenous-rising-ai/node_modules/@radix-ui/react-slot/dist/index.mjs:9:13
    at file:///workspaces/indigenous-rising-ai/node_modules/@radix-ui/react-primitive/dist/index.mjs:28:13
    at Provider (file:///workspaces/indigenous-rising-ai/node_modules/@radix-ui/react-context/dist/index.mjs:27:15)
    at file:///workspaces/indigenous-rising-ai/node_modules/@radix-ui/react-roving-focus/dist/index.mjs:32:5
    at file:///workspaces/indigenous-rising-ai/node_modules/@radix-ui/react-slot/dist/index.mjs:33:13
    at file:///workspaces/indigenous-rising-ai/node_modules/@radix-ui/react-slot/dist/index.mjs:9:13
    at file:///workspaces/indigenous-rising-ai/node_modules/@radix-ui/react-collection/dist/index.mjs:27:15
    at Provider (file:///workspaces/indigenous-rising-ai/node_modules/@radix-ui/react-context/dist/index.mjs:27:15)
    at CollectionProvider (file:///workspaces/indigenous-rising-ai/node_modules/@radix-ui/react-collection/dist/index.mjs:17:13)
    at file:///workspaces/indigenous-rising-ai/node_modules/@radix-ui/react-roving-focus/dist/index.mjs:26:68
    at Provider (file:///workspaces/indigenous-rising-ai/node_modules/@radix-ui/react-context/dist/index.mjs:27:15)
    at file:///workspaces/indigenous-rising-ai/node_modules/@radix-ui/react-radio-group/dist/index.mjs:169:7
    at /workspaces/indigenous-rising-ai/src/components/ui/radio-group.tsx:13:70
    at div
    at form
    at div
    at div
    at /workspaces/indigenous-rising-ai/src/components/ui/card.tsx:13:64
    at DataRequestForm (/workspaces/indigenous-rising-ai/src/components/DataRequestForm.tsx:37:77)
    at Router (/workspaces/indigenous-rising-ai/node_modules/react-router/dist/umd/react-router.development.js:1207:17)
    at BrowserRouter (/workspaces/indigenous-rising-ai/node_modules/react-router-dom/dist/umd/react-router-dom.development.js:695:7)

Consider adding an error boundary to your tree to customize error handling behavior.
Visit https://reactjs.org/link/error-boundaries to learn more about error boundaries.
The above error occurred in the <RadioBubbleInput> component:

    at file:///workspaces/indigenous-rising-ai/node_modules/@radix-ui/react-radio-group/dist/index.mjs:104:5
    at Provider (file:///workspaces/indigenous-rising-ai/node_modules/@radix-ui/react-context/dist/index.mjs:27:15)
    at file:///workspaces/indigenous-rising-ai/node_modules/@radix-ui/react-radio-group/dist/index.mjs:30:7
    at file:///workspaces/indigenous-rising-ai/node_modules/@radix-ui/react-slot/dist/index.mjs:33:13
    at file:///workspaces/indigenous-rising-ai/node_modules/@radix-ui/react-slot/dist/index.mjs:9:13
    at file:///workspaces/indigenous-rising-ai/node_modules/@radix-ui/react-primitive/dist/index.mjs:28:13
    at file:///workspaces/indigenous-rising-ai/node_modules/@radix-ui/react-slot/dist/index.mjs:33:13
    at file:///workspaces/indigenous-rising-ai/node_modules/@radix-ui/react-slot/dist/index.mjs:9:13
    at file:///workspaces/indigenous-rising-ai/node_modules/@radix-ui/react-collection/dist/index.mjs:39:15
    at file:///workspaces/indigenous-rising-ai/node_modules/@radix-ui/react-roving-focus/dist/index.mjs:124:7
    at file:///workspaces/indigenous-rising-ai/node_modules/@radix-ui/react-radio-group/dist/index.mjs:228:13
    at /workspaces/indigenous-rising-ai/src/components/ui/radio-group.tsx:25:74
    at div
    at div
    at file:///workspaces/indigenous-rising-ai/node_modules/@radix-ui/react-primitive/dist/index.mjs:28:13
    at file:///workspaces/indigenous-rising-ai/node_modules/@radix-ui/react-slot/dist/index.mjs:33:13
    at file:///workspaces/indigenous-rising-ai/node_modules/@radix-ui/react-slot/dist/index.mjs:9:13
    at file:///workspaces/indigenous-rising-ai/node_modules/@radix-ui/react-primitive/dist/index.mjs:28:13
    at Provider (file:///workspaces/indigenous-rising-ai/node_modules/@radix-ui/react-context/dist/index.mjs:27:15)
    at file:///workspaces/indigenous-rising-ai/node_modules/@radix-ui/react-roving-focus/dist/index.mjs:32:5
    at file:///workspaces/indigenous-rising-ai/node_modules/@radix-ui/react-slot/dist/index.mjs:33:13
    at file:///workspaces/indigenous-rising-ai/node_modules/@radix-ui/react-slot/dist/index.mjs:9:13
    at file:///workspaces/indigenous-rising-ai/node_modules/@radix-ui/react-collection/dist/index.mjs:27:15
    at Provider (file:///workspaces/indigenous-rising-ai/node_modules/@radix-ui/react-context/dist/index.mjs:27:15)
    at CollectionProvider (file:///workspaces/indigenous-rising-ai/node_modules/@radix-ui/react-collection/dist/index.mjs:17:13)
    at file:///workspaces/indigenous-rising-ai/node_modules/@radix-ui/react-roving-focus/dist/index.mjs:26:68
    at Provider (file:///workspaces/indigenous-rising-ai/node_modules/@radix-ui/react-context/dist/index.mjs:27:15)
    at file:///workspaces/indigenous-rising-ai/node_modules/@radix-ui/react-radio-group/dist/index.mjs:169:7
    at /workspaces/indigenous-rising-ai/src/components/ui/radio-group.tsx:13:70
    at div
    at form
    at div
    at div
    at /workspaces/indigenous-rising-ai/src/components/ui/card.tsx:13:64
    at DataRequestForm (/workspaces/indigenous-rising-ai/src/components/DataRequestForm.tsx:37:77)
    at Router (/workspaces/indigenous-rising-ai/node_modules/react-router/dist/umd/react-router.development.js:1207:17)
    at BrowserRouter (/workspaces/indigenous-rising-ai/node_modules/react-router-dom/dist/umd/react-router-dom.development.js:695:7)

Consider adding an error boundary to your tree to customize error handling behavior.
Visit https://reactjs.org/link/error-boundaries to learn more about error boundaries.
The above error occurred in the <RadioBubbleInput> component:

    at file:///workspaces/indigenous-rising-ai/node_modules/@radix-ui/react-radio-group/dist/index.mjs:104:5
    at Provider (file:///workspaces/indigenous-rising-ai/node_modules/@radix-ui/react-context/dist/index.mjs:27:15)
    at file:///workspaces/indigenous-rising-ai/node_modules/@radix-ui/react-radio-group/dist/index.mjs:30:7
    at file:///workspaces/indigenous-rising-ai/node_modules/@radix-ui/react-slot/dist/index.mjs:33:13
    at file:///workspaces/indigenous-rising-ai/node_modules/@radix-ui/react-slot/dist/index.mjs:9:13
    at file:///workspaces/indigenous-rising-ai/node_modules/@radix-ui/react-primitive/dist/index.mjs:28:13
    at file:///workspaces/indigenous-rising-ai/node_modules/@radix-ui/react-slot/dist/index.mjs:33:13
    at file:///workspaces/indigenous-rising-ai/node_modules/@radix-ui/react-slot/dist/index.mjs:9:13
    at file:///workspaces/indigenous-rising-ai/node_modules/@radix-ui/react-collection/dist/index.mjs:39:15
    at file:///workspaces/indigenous-rising-ai/node_modules/@radix-ui/react-roving-focus/dist/index.mjs:124:7
    at file:///workspaces/indigenous-rising-ai/node_modules/@radix-ui/react-radio-group/dist/index.mjs:228:13
    at /workspaces/indigenous-rising-ai/src/components/ui/radio-group.tsx:25:74
    at div
    at div
    at file:///workspaces/indigenous-rising-ai/node_modules/@radix-ui/react-primitive/dist/index.mjs:28:13
    at file:///workspaces/indigenous-rising-ai/node_modules/@radix-ui/react-slot/dist/index.mjs:33:13
    at file:///workspaces/indigenous-rising-ai/node_modules/@radix-ui/react-slot/dist/index.mjs:9:13
    at file:///workspaces/indigenous-rising-ai/node_modules/@radix-ui/react-primitive/dist/index.mjs:28:13
    at Provider (file:///workspaces/indigenous-rising-ai/node_modules/@radix-ui/react-context/dist/index.mjs:27:15)
    at file:///workspaces/indigenous-rising-ai/node_modules/@radix-ui/react-roving-focus/dist/index.mjs:32:5
    at file:///workspaces/indigenous-rising-ai/node_modules/@radix-ui/react-slot/dist/index.mjs:33:13
    at file:///workspaces/indigenous-rising-ai/node_modules/@radix-ui/react-slot/dist/index.mjs:9:13
    at file:///workspaces/indigenous-rising-ai/node_modules/@radix-ui/react-collection/dist/index.mjs:27:15
    at Provider (file:///workspaces/indigenous-rising-ai/node_modules/@radix-ui/react-context/dist/index.mjs:27:15)
    at CollectionProvider (file:///workspaces/indigenous-rising-ai/node_modules/@radix-ui/react-collection/dist/index.mjs:17:13)
    at file:///workspaces/indigenous-rising-ai/node_modules/@radix-ui/react-roving-focus/dist/index.mjs:26:68
    at Provider (file:///workspaces/indigenous-rising-ai/node_modules/@radix-ui/react-context/dist/index.mjs:27:15)
    at file:///workspaces/indigenous-rising-ai/node_modules/@radix-ui/react-radio-group/dist/index.mjs:169:7
    at /workspaces/indigenous-rising-ai/src/components/ui/radio-group.tsx:13:70
    at div
    at form
    at div
    at div
    at /workspaces/indigenous-rising-ai/src/components/ui/card.tsx:13:64
    at DataRequestForm (/workspaces/indigenous-rising-ai/src/components/DataRequestForm.tsx:37:77)
    at Router (/workspaces/indigenous-rising-ai/node_modules/react-router/dist/umd/react-router.development.js:1207:17)
    at BrowserRouter (/workspaces/indigenous-rising-ai/node_modules/react-router-dom/dist/umd/react-router-dom.development.js:695:7)

Consider adding an error boundary to your tree to customize error handling behavior.
Visit https://reactjs.org/link/error-boundaries to learn more about error boundaries.
The above error occurred in the <RadioBubbleInput> component:

    at file:///workspaces/indigenous-rising-ai/node_modules/@radix-ui/react-radio-group/dist/index.mjs:104:5
    at Provider (file:///workspaces/indigenous-rising-ai/node_modules/@radix-ui/react-context/dist/index.mjs:27:15)
    at file:///workspaces/indigenous-rising-ai/node_modules/@radix-ui/react-radio-group/dist/index.mjs:30:7
    at file:///workspaces/indigenous-rising-ai/node_modules/@radix-ui/react-slot/dist/index.mjs:33:13
    at file:///workspaces/indigenous-rising-ai/node_modules/@radix-ui/react-slot/dist/index.mjs:9:13
    at file:///workspaces/indigenous-rising-ai/node_modules/@radix-ui/react-primitive/dist/index.mjs:28:13
    at file:///workspaces/indigenous-rising-ai/node_modules/@radix-ui/react-slot/dist/index.mjs:33:13
    at file:///workspaces/indigenous-rising-ai/node_modules/@radix-ui/react-slot/dist/index.mjs:9:13
    at file:///workspaces/indigenous-rising-ai/node_modules/@radix-ui/react-collection/dist/index.mjs:39:15
    at file:///workspaces/indigenous-rising-ai/node_modules/@radix-ui/react-roving-focus/dist/index.mjs:124:7
    at file:///workspaces/indigenous-rising-ai/node_modules/@radix-ui/react-radio-group/dist/index.mjs:228:13
    at /workspaces/indigenous-rising-ai/src/components/ui/radio-group.tsx:25:74
    at div
    at div
    at file:///workspaces/indigenous-rising-ai/node_modules/@radix-ui/react-primitive/dist/index.mjs:28:13
    at file:///workspaces/indigenous-rising-ai/node_modules/@radix-ui/react-slot/dist/index.mjs:33:13
    at file:///workspaces/indigenous-rising-ai/node_modules/@radix-ui/react-slot/dist/index.mjs:9:13
    at file:///workspaces/indigenous-rising-ai/node_modules/@radix-ui/react-primitive/dist/index.mjs:28:13
    at Provider (file:///workspaces/indigenous-rising-ai/node_modules/@radix-ui/react-context/dist/index.mjs:27:15)
    at file:///workspaces/indigenous-rising-ai/node_modules/@radix-ui/react-roving-focus/dist/index.mjs:32:5
    at file:///workspaces/indigenous-rising-ai/node_modules/@radix-ui/react-slot/dist/index.mjs:33:13
    at file:///workspaces/indigenous-rising-ai/node_modules/@radix-ui/react-slot/dist/index.mjs:9:13
    at file:///workspaces/indigenous-rising-ai/node_modules/@radix-ui/react-collection/dist/index.mjs:27:15
    at Provider (file:///workspaces/indigenous-rising-ai/node_modules/@radix-ui/react-context/dist/index.mjs:27:15)
    at CollectionProvider (file:///workspaces/indigenous-rising-ai/node_modules/@radix-ui/react-collection/dist/index.mjs:17:13)
    at file:///workspaces/indigenous-rising-ai/node_modules/@radix-ui/react-roving-focus/dist/index.mjs:26:68
    at Provider (file:///workspaces/indigenous-rising-ai/node_modules/@radix-ui/react-context/dist/index.mjs:27:15)
    at file:///workspaces/indigenous-rising-ai/node_modules/@radix-ui/react-radio-group/dist/index.mjs:169:7
    at /workspaces/indigenous-rising-ai/src/components/ui/radio-group.tsx:13:70
    at div
    at form
    at div
    at div
    at /workspaces/indigenous-rising-ai/src/components/ui/card.tsx:13:64
    at DataRequestForm (/workspaces/indigenous-rising-ai/src/components/DataRequestForm.tsx:37:77)
    at Router (/workspaces/indigenous-rising-ai/node_modules/react-router/dist/umd/react-router.development.js:1207:17)
    at BrowserRouter (/workspaces/indigenous-rising-ai/node_modules/react-router-dom/dist/umd/react-router-dom.development.js:695:7)

Consider adding an error boundary to your tree to customize error handling behavior.
Visit https://reactjs.org/link/error-boundaries to learn more about error boundaries.
The above error occurred in the <RadioBubbleInput> component:

    at file:///workspaces/indigenous-rising-ai/node_modules/@radix-ui/react-radio-group/dist/index.mjs:104:5
    at Provider (file:///workspaces/indigenous-rising-ai/node_modules/@radix-ui/react-context/dist/index.mjs:27:15)
    at file:///workspaces/indigenous-rising-ai/node_modules/@radix-ui/react-radio-group/dist/index.mjs:30:7
    at file:///workspaces/indigenous-rising-ai/node_modules/@radix-ui/react-slot/dist/index.mjs:33:13
    at file:///workspaces/indigenous-rising-ai/node_modules/@radix-ui/react-slot/dist/index.mjs:9:13
    at file:///workspaces/indigenous-rising-ai/node_modules/@radix-ui/react-primitive/dist/index.mjs:28:13
    at file:///workspaces/indigenous-rising-ai/node_modules/@radix-ui/react-slot/dist/index.mjs:33:13
    at file:///workspaces/indigenous-rising-ai/node_modules/@radix-ui/react-slot/dist/index.mjs:9:13
    at file:///workspaces/indigenous-rising-ai/node_modules/@radix-ui/react-collection/dist/index.mjs:39:15
    at file:///workspaces/indigenous-rising-ai/node_modules/@radix-ui/react-roving-focus/dist/index.mjs:124:7
    at file:///workspaces/indigenous-rising-ai/node_modules/@radix-ui/react-radio-group/dist/index.mjs:228:13
    at /workspaces/indigenous-rising-ai/src/components/ui/radio-group.tsx:25:74
    at div
    at div
    at file:///workspaces/indigenous-rising-ai/node_modules/@radix-ui/react-primitive/dist/index.mjs:28:13
    at file:///workspaces/indigenous-rising-ai/node_modules/@radix-ui/react-slot/dist/index.mjs:33:13
    at file:///workspaces/indigenous-rising-ai/node_modules/@radix-ui/react-slot/dist/index.mjs:9:13
    at file:///workspaces/indigenous-rising-ai/node_modules/@radix-ui/react-primitive/dist/index.mjs:28:13
    at Provider (file:///workspaces/indigenous-rising-ai/node_modules/@radix-ui/react-context/dist/index.mjs:27:15)
    at file:///workspaces/indigenous-rising-ai/node_modules/@radix-ui/react-roving-focus/dist/index.mjs:32:5
    at file:///workspaces/indigenous-rising-ai/node_modules/@radix-ui/react-slot/dist/index.mjs:33:13
    at file:///workspaces/indigenous-rising-ai/node_modules/@radix-ui/react-slot/dist/index.mjs:9:13
    at file:///workspaces/indigenous-rising-ai/node_modules/@radix-ui/react-collection/dist/index.mjs:27:15
    at Provider (file:///workspaces/indigenous-rising-ai/node_modules/@radix-ui/react-context/dist/index.mjs:27:15)
    at CollectionProvider (file:///workspaces/indigenous-rising-ai/node_modules/@radix-ui/react-collection/dist/index.mjs:17:13)
    at file:///workspaces/indigenous-rising-ai/node_modules/@radix-ui/react-roving-focus/dist/index.mjs:26:68
    at Provider (file:///workspaces/indigenous-rising-ai/node_modules/@radix-ui/react-context/dist/index.mjs:27:15)
    at file:///workspaces/indigenous-rising-ai/node_modules/@radix-ui/react-radio-group/dist/index.mjs:169:7
    at /workspaces/indigenous-rising-ai/src/components/ui/radio-group.tsx:13:70
    at div
    at form
    at div
    at div
    at /workspaces/indigenous-rising-ai/src/components/ui/card.tsx:13:64
    at DataRequestForm (/workspaces/indigenous-rising-ai/src/components/DataRequestForm.tsx:37:77)
    at Router (/workspaces/indigenous-rising-ai/node_modules/react-router/dist/umd/react-router.development.js:1207:17)
    at BrowserRouter (/workspaces/indigenous-rising-ai/node_modules/react-router-dom/dist/umd/react-router-dom.development.js:695:7)

Consider adding an error boundary to your tree to customize error handling behavior.
Visit https://reactjs.org/link/error-boundaries to learn more about error boundaries.

ReferenceError: ResizeObserver is not defined
    at file:///workspaces/indigenous-rising-ai/node_modules/@radix-ui/react-use-size/dist/index.mjs:9:30
    at commitHookEffectListMount (/workspaces/indigenous-rising-ai/node_modules/react-dom/cjs/react-dom.development.js:23189:26)
    at commitLayoutEffectOnFiber (/workspaces/indigenous-rising-ai/node_modules/react-dom/cjs/react-dom.development.js:23312:15)
    at commitLayoutMountEffects_complete (/workspaces/indigenous-rising-ai/node_modules/react-dom/cjs/react-dom.development.js:24727:9)
    at commitLayoutEffects_begin (/workspaces/indigenous-rising-ai/node_modules/react-dom/cjs/react-dom.development.js:24713:7)
    at commitLayoutEffects (/workspaces/indigenous-rising-ai/node_modules/react-dom/cjs/react-dom.development.js:24651:3)
    at commitRootImpl (/workspaces/indigenous-rising-ai/node_modules/react-dom/cjs/react-dom.development.js:26862:5)
    at commitRoot (/workspaces/indigenous-rising-ai/node_modules/react-dom/cjs/react-dom.development.js:26721:5)
    at performSyncWorkOnRoot (/workspaces/indigenous-rising-ai/node_modules/react-dom/cjs/react-dom.development.js:26156:3)
    at flushSyncCallbacks (/workspaces/indigenous-rising-ai/node_modules/react-dom/cjs/react-dom.development.js:12042:22)
ReferenceError: ResizeObserver is not defined
    at file:///workspaces/indigenous-rising-ai/node_modules/@radix-ui/react-use-size/dist/index.mjs:9:30
    at commitHookEffectListMount (/workspaces/indigenous-rising-ai/node_modules/react-dom/cjs/react-dom.development.js:23189:26)
    at commitLayoutEffectOnFiber (/workspaces/indigenous-rising-ai/node_modules/react-dom/cjs/react-dom.development.js:23312:15)
    at commitLayoutMountEffects_complete (/workspaces/indigenous-rising-ai/node_modules/react-dom/cjs/react-dom.development.js:24727:9)
    at commitLayoutEffects_begin (/workspaces/indigenous-rising-ai/node_modules/react-dom/cjs/react-dom.development.js:24713:7)
    at commitLayoutEffects (/workspaces/indigenous-rising-ai/node_modules/react-dom/cjs/react-dom.development.js:24651:3)
    at commitRootImpl (/workspaces/indigenous-rising-ai/node_modules/react-dom/cjs/react-dom.development.js:26862:5)
    at commitRoot (/workspaces/indigenous-rising-ai/node_modules/react-dom/cjs/react-dom.development.js:26721:5)
    at performSyncWorkOnRoot (/workspaces/indigenous-rising-ai/node_modules/react-dom/cjs/react-dom.development.js:26156:3)
    at flushSyncCallbacks (/workspaces/indigenous-rising-ai/node_modules/react-dom/cjs/react-dom.development.js:12042:22)
ReferenceError: ResizeObserver is not defined
    at file:///workspaces/indigenous-rising-ai/node_modules/@radix-ui/react-use-size/dist/index.mjs:9:30
    at commitHookEffectListMount (/workspaces/indigenous-rising-ai/node_modules/react-dom/cjs/react-dom.development.js:23189:26)
    at commitLayoutEffectOnFiber (/workspaces/indigenous-rising-ai/node_modules/react-dom/cjs/react-dom.development.js:23312:15)
    at commitLayoutMountEffects_complete (/workspaces/indigenous-rising-ai/node_modules/react-dom/cjs/react-dom.development.js:24727:9)
    at commitLayoutEffects_begin (/workspaces/indigenous-rising-ai/node_modules/react-dom/cjs/react-dom.development.js:24713:7)
    at commitLayoutEffects (/workspaces/indigenous-rising-ai/node_modules/react-dom/cjs/react-dom.development.js:24651:3)
    at commitRootImpl (/workspaces/indigenous-rising-ai/node_modules/react-dom/cjs/react-dom.development.js:26862:5)
    at commitRoot (/workspaces/indigenous-rising-ai/node_modules/react-dom/cjs/react-dom.development.js:26721:5)
    at performSyncWorkOnRoot (/workspaces/indigenous-rising-ai/node_modules/react-dom/cjs/react-dom.development.js:26156:3)
    at flushSyncCallbacks (/workspaces/indigenous-rising-ai/node_modules/react-dom/cjs/react-dom.development.js:12042:22)
ReferenceError: ResizeObserver is not defined
    at file:///workspaces/indigenous-rising-ai/node_modules/@radix-ui/react-use-size/dist/index.mjs:9:30
    at commitHookEffectListMount (/workspaces/indigenous-rising-ai/node_modules/react-dom/cjs/react-dom.development.js:23189:26)
    at commitLayoutEffectOnFiber (/workspaces/indigenous-rising-ai/node_modules/react-dom/cjs/react-dom.development.js:23312:15)
    at commitLayoutMountEffects_complete (/workspaces/indigenous-rising-ai/node_modules/react-dom/cjs/react-dom.development.js:24727:9)
    at commitLayoutEffects_begin (/workspaces/indigenous-rising-ai/node_modules/react-dom/cjs/react-dom.development.js:24713:7)
    at commitLayoutEffects (/workspaces/indigenous-rising-ai/node_modules/react-dom/cjs/react-dom.development.js:24651:3)
    at commitRootImpl (/workspaces/indigenous-rising-ai/node_modules/react-dom/cjs/react-dom.development.js:26862:5)
    at commitRoot (/workspaces/indigenous-rising-ai/node_modules/react-dom/cjs/react-dom.development.js:26721:5)
    at performSyncWorkOnRoot (/workspaces/indigenous-rising-ai/node_modules/react-dom/cjs/react-dom.development.js:26156:3)
    at flushSyncCallbacks (/workspaces/indigenous-rising-ai/node_modules/react-dom/cjs/react-dom.development.js:12042:22)
ReferenceError: ResizeObserver is not defined
    at file:///workspaces/indigenous-rising-ai/node_modules/@radix-ui/react-use-size/dist/index.mjs:9:30
    at commitHookEffectListMount (/workspaces/indigenous-rising-ai/node_modules/react-dom/cjs/react-dom.development.js:23189:26)
    at commitLayoutEffectOnFiber (/workspaces/indigenous-rising-ai/node_modules/react-dom/cjs/react-dom.development.js:23312:15)
    at commitLayoutMountEffects_complete (/workspaces/indigenous-rising-ai/node_modules/react-dom/cjs/react-dom.development.js:24727:9)
    at commitLayoutEffects_begin (/workspaces/indigenous-rising-ai/node_modules/react-dom/cjs/react-dom.development.js:24713:7)
    at commitLayoutEffects (/workspaces/indigenous-rising-ai/node_modules/react-dom/cjs/react-dom.development.js:24651:3)
    at commitRootImpl (/workspaces/indigenous-rising-ai/node_modules/react-dom/cjs/react-dom.development.js:26862:5)
    at commitRoot (/workspaces/indigenous-rising-ai/node_modules/react-dom/cjs/react-dom.development.js:26721:5)
    at performSyncWorkOnRoot (/workspaces/indigenous-rising-ai/node_modules/react-dom/cjs/react-dom.development.js:26156:3)
    at flushSyncCallbacks (/workspaces/indigenous-rising-ai/node_modules/react-dom/cjs/react-dom.development.js:12042:22)
[90mstderr[2m | src/components/DataRequestForm.test.tsx[2m > [22m[2mDataRequestForm[2m > [22m[2mallows selecting different request types
[22m[39mThe above error occurred in the <RadioBubbleInput> component:

    at file:///workspaces/indigenous-rising-ai/node_modules/@radix-ui/react-radio-group/dist/index.mjs:104:5
    at Provider (file:///workspaces/indigenous-rising-ai/node_modules/@radix-ui/react-context/dist/index.mjs:27:15)
    at file:///workspaces/indigenous-rising-ai/node_modules/@radix-ui/react-radio-group/dist/index.mjs:30:7
    at file:///workspaces/indigenous-rising-ai/node_modules/@radix-ui/react-slot/dist/index.mjs:33:13
    at file:///workspaces/indigenous-rising-ai/node_modules/@radix-ui/react-slot/dist/index.mjs:9:13
    at file:///workspaces/indigenous-rising-ai/node_modules/@radix-ui/react-primitive/dist/index.mjs:28:13
    at file:///workspaces/indigenous-rising-ai/node_modules/@radix-ui/react-slot/dist/index.mjs:33:13
    at file:///workspaces/indigenous-rising-ai/node_modules/@radix-ui/react-slot/dist/index.mjs:9:13
    at file:///workspaces/indigenous-rising-ai/node_modules/@radix-ui/react-collection/dist/index.mjs:39:15
    at file:///workspaces/indigenous-rising-ai/node_modules/@radix-ui/react-roving-focus/dist/index.mjs:124:7
    at file:///workspaces/indigenous-rising-ai/node_modules/@radix-ui/react-radio-group/dist/index.mjs:228:13
    at /workspaces/indigenous-rising-ai/src/components/ui/radio-group.tsx:25:74
    at div
    at div
    at file:///workspaces/indigenous-rising-ai/node_modules/@radix-ui/react-primitive/dist/index.mjs:28:13
    at file:///workspaces/indigenous-rising-ai/node_modules/@radix-ui/react-slot/dist/index.mjs:33:13
    at file:///workspaces/indigenous-rising-ai/node_modules/@radix-ui/react-slot/dist/index.mjs:9:13
    at file:///workspaces/indigenous-rising-ai/node_modules/@radix-ui/react-primitive/dist/index.mjs:28:13
    at Provider (file:///workspaces/indigenous-rising-ai/node_modules/@radix-ui/react-context/dist/index.mjs:27:15)
    at file:///workspaces/indigenous-rising-ai/node_modules/@radix-ui/react-roving-focus/dist/index.mjs:32:5
    at file:///workspaces/indigenous-rising-ai/node_modules/@radix-ui/react-slot/dist/index.mjs:33:13
    at file:///workspaces/indigenous-rising-ai/node_modules/@radix-ui/react-slot/dist/index.mjs:9:13
    at file:///workspaces/indigenous-rising-ai/node_modules/@radix-ui/react-collection/dist/index.mjs:27:15
    at Provider (file:///workspaces/indigenous-rising-ai/node_modules/@radix-ui/react-context/dist/index.mjs:27:15)
    at CollectionProvider (file:///workspaces/indigenous-rising-ai/node_modules/@radix-ui/react-collection/dist/index.mjs:17:13)
    at file:///workspaces/indigenous-rising-ai/node_modules/@radix-ui/react-roving-focus/dist/index.mjs:26:68
    at Provider (file:///workspaces/indigenous-rising-ai/node_modules/@radix-ui/react-context/dist/index.mjs:27:15)
    at file:///workspaces/indigenous-rising-ai/node_modules/@radix-ui/react-radio-group/dist/index.mjs:169:7
    at /workspaces/indigenous-rising-ai/src/components/ui/radio-group.tsx:13:70
    at div
    at form
    at div
    at div
    at /workspaces/indigenous-rising-ai/src/components/ui/card.tsx:13:64
    at DataRequestForm (/workspaces/indigenous-rising-ai/src/components/DataRequestForm.tsx:37:77)
    at Router (/workspaces/indigenous-rising-ai/node_modules/react-router/dist/umd/react-router.development.js:1207:17)
    at BrowserRouter (/workspaces/indigenous-rising-ai/node_modules/react-router-dom/dist/umd/react-router-dom.development.js:695:7)

Consider adding an error boundary to your tree to customize error handling behavior.
Visit https://reactjs.org/link/error-boundaries to learn more about error boundaries.
The above error occurred in the <RadioBubbleInput> component:

    at file:///workspaces/indigenous-rising-ai/node_modules/@radix-ui/react-radio-group/dist/index.mjs:104:5
    at Provider (file:///workspaces/indigenous-rising-ai/node_modules/@radix-ui/react-context/dist/index.mjs:27:15)
    at file:///workspaces/indigenous-rising-ai/node_modules/@radix-ui/react-radio-group/dist/index.mjs:30:7
    at file:///workspaces/indigenous-rising-ai/node_modules/@radix-ui/react-slot/dist/index.mjs:33:13
    at file:///workspaces/indigenous-rising-ai/node_modules/@radix-ui/react-slot/dist/index.mjs:9:13
    at file:///workspaces/indigenous-rising-ai/node_modules/@radix-ui/react-primitive/dist/index.mjs:28:13
    at file:///workspaces/indigenous-rising-ai/node_modules/@radix-ui/react-slot/dist/index.mjs:33:13
    at file:///workspaces/indigenous-rising-ai/node_modules/@radix-ui/react-slot/dist/index.mjs:9:13
    at file:///workspaces/indigenous-rising-ai/node_modules/@radix-ui/react-collection/dist/index.mjs:39:15
    at file:///workspaces/indigenous-rising-ai/node_modules/@radix-ui/react-roving-focus/dist/index.mjs:124:7
    at file:///workspaces/indigenous-rising-ai/node_modules/@radix-ui/react-radio-group/dist/index.mjs:228:13
    at /workspaces/indigenous-rising-ai/src/components/ui/radio-group.tsx:25:74
    at div
    at div
    at file:///workspaces/indigenous-rising-ai/node_modules/@radix-ui/react-primitive/dist/index.mjs:28:13
    at file:///workspaces/indigenous-rising-ai/node_modules/@radix-ui/react-slot/dist/index.mjs:33:13
    at file:///workspaces/indigenous-rising-ai/node_modules/@radix-ui/react-slot/dist/index.mjs:9:13
    at file:///workspaces/indigenous-rising-ai/node_modules/@radix-ui/react-primitive/dist/index.mjs:28:13
    at Provider (file:///workspaces/indigenous-rising-ai/node_modules/@radix-ui/react-context/dist/index.mjs:27:15)
    at file:///workspaces/indigenous-rising-ai/node_modules/@radix-ui/react-roving-focus/dist/index.mjs:32:5
    at file:///workspaces/indigenous-rising-ai/node_modules/@radix-ui/react-slot/dist/index.mjs:33:13
    at file:///workspaces/indigenous-rising-ai/node_modules/@radix-ui/react-slot/dist/index.mjs:9:13
    at file:///workspaces/indigenous-rising-ai/node_modules/@radix-ui/react-collection/dist/index.mjs:27:15
    at Provider (file:///workspaces/indigenous-rising-ai/node_modules/@radix-ui/react-context/dist/index.mjs:27:15)
    at CollectionProvider (file:///workspaces/indigenous-rising-ai/node_modules/@radix-ui/react-collection/dist/index.mjs:17:13)
    at file:///workspaces/indigenous-rising-ai/node_modules/@radix-ui/react-roving-focus/dist/index.mjs:26:68
    at Provider (file:///workspaces/indigenous-rising-ai/node_modules/@radix-ui/react-context/dist/index.mjs:27:15)
    at file:///workspaces/indigenous-rising-ai/node_modules/@radix-ui/react-radio-group/dist/index.mjs:169:7
    at /workspaces/indigenous-rising-ai/src/components/ui/radio-group.tsx:13:70
    at div
    at form
    at div
    at div
    at /workspaces/indigenous-rising-ai/src/components/ui/card.tsx:13:64
    at DataRequestForm (/workspaces/indigenous-rising-ai/src/components/DataRequestForm.tsx:37:77)
    at Router (/workspaces/indigenous-rising-ai/node_modules/react-router/dist/umd/react-router.development.js:1207:17)
    at BrowserRouter (/workspaces/indigenous-rising-ai/node_modules/react-router-dom/dist/umd/react-router-dom.development.js:695:7)

Consider adding an error boundary to your tree to customize error handling behavior.
Visit https://reactjs.org/link/error-boundaries to learn more about error boundaries.
The above error occurred in the <RadioBubbleInput> component:

    at file:///workspaces/indigenous-rising-ai/node_modules/@radix-ui/react-radio-group/dist/index.mjs:104:5
    at Provider (file:///workspaces/indigenous-rising-ai/node_modules/@radix-ui/react-context/dist/index.mjs:27:15)
    at file:///workspaces/indigenous-rising-ai/node_modules/@radix-ui/react-radio-group/dist/index.mjs:30:7
    at file:///workspaces/indigenous-rising-ai/node_modules/@radix-ui/react-slot/dist/index.mjs:33:13
    at file:///workspaces/indigenous-rising-ai/node_modules/@radix-ui/react-slot/dist/index.mjs:9:13
    at file:///workspaces/indigenous-rising-ai/node_modules/@radix-ui/react-primitive/dist/index.mjs:28:13
    at file:///workspaces/indigenous-rising-ai/node_modules/@radix-ui/react-slot/dist/index.mjs:33:13
    at file:///workspaces/indigenous-rising-ai/node_modules/@radix-ui/react-slot/dist/index.mjs:9:13
    at file:///workspaces/indigenous-rising-ai/node_modules/@radix-ui/react-collection/dist/index.mjs:39:15
    at file:///workspaces/indigenous-rising-ai/node_modules/@radix-ui/react-roving-focus/dist/index.mjs:124:7
    at file:///workspaces/indigenous-rising-ai/node_modules/@radix-ui/react-radio-group/dist/index.mjs:228:13
    at /workspaces/indigenous-rising-ai/src/components/ui/radio-group.tsx:25:74
    at div
    at div
    at file:///workspaces/indigenous-rising-ai/node_modules/@radix-ui/react-primitive/dist/index.mjs:28:13
    at file:///workspaces/indigenous-rising-ai/node_modules/@radix-ui/react-slot/dist/index.mjs:33:13
    at file:///workspaces/indigenous-rising-ai/node_modules/@radix-ui/react-slot/dist/index.mjs:9:13
    at file:///workspaces/indigenous-rising-ai/node_modules/@radix-ui/react-primitive/dist/index.mjs:28:13
    at Provider (file:///workspaces/indigenous-rising-ai/node_modules/@radix-ui/react-context/dist/index.mjs:27:15)
    at file:///workspaces/indigenous-rising-ai/node_modules/@radix-ui/react-roving-focus/dist/index.mjs:32:5
    at file:///workspaces/indigenous-rising-ai/node_modules/@radix-ui/react-slot/dist/index.mjs:33:13
    at file:///workspaces/indigenous-rising-ai/node_modules/@radix-ui/react-slot/dist/index.mjs:9:13
    at file:///workspaces/indigenous-rising-ai/node_modules/@radix-ui/react-collection/dist/index.mjs:27:15
    at Provider (file:///workspaces/indigenous-rising-ai/node_modules/@radix-ui/react-context/dist/index.mjs:27:15)
    at CollectionProvider (file:///workspaces/indigenous-rising-ai/node_modules/@radix-ui/react-collection/dist/index.mjs:17:13)
    at file:///workspaces/indigenous-rising-ai/node_modules/@radix-ui/react-roving-focus/dist/index.mjs:26:68
    at Provider (file:///workspaces/indigenous-rising-ai/node_modules/@radix-ui/react-context/dist/index.mjs:27:15)
    at file:///workspaces/indigenous-rising-ai/node_modules/@radix-ui/react-radio-group/dist/index.mjs:169:7
    at /workspaces/indigenous-rising-ai/src/components/ui/radio-group.tsx:13:70
    at div
    at form
    at div
    at div
    at /workspaces/indigenous-rising-ai/src/components/ui/card.tsx:13:64
    at DataRequestForm (/workspaces/indigenous-rising-ai/src/components/DataRequestForm.tsx:37:77)
    at Router (/workspaces/indigenous-rising-ai/node_modules/react-router/dist/umd/react-router.development.js:1207:17)
    at BrowserRouter (/workspaces/indigenous-rising-ai/node_modules/react-router-dom/dist/umd/react-router-dom.development.js:695:7)

Consider adding an error boundary to your tree to customize error handling behavior.
Visit https://reactjs.org/link/error-boundaries to learn more about error boundaries.
The above error occurred in the <RadioBubbleInput> component:

    at file:///workspaces/indigenous-rising-ai/node_modules/@radix-ui/react-radio-group/dist/index.mjs:104:5
    at Provider (file:///workspaces/indigenous-rising-ai/node_modules/@radix-ui/react-context/dist/index.mjs:27:15)
    at file:///workspaces/indigenous-rising-ai/node_modules/@radix-ui/react-radio-group/dist/index.mjs:30:7
    at file:///workspaces/indigenous-rising-ai/node_modules/@radix-ui/react-slot/dist/index.mjs:33:13
    at file:///workspaces/indigenous-rising-ai/node_modules/@radix-ui/react-slot/dist/index.mjs:9:13
    at file:///workspaces/indigenous-rising-ai/node_modules/@radix-ui/react-primitive/dist/index.mjs:28:13
    at file:///workspaces/indigenous-rising-ai/node_modules/@radix-ui/react-slot/dist/index.mjs:33:13
    at file:///workspaces/indigenous-rising-ai/node_modules/@radix-ui/react-slot/dist/index.mjs:9:13
    at file:///workspaces/indigenous-rising-ai/node_modules/@radix-ui/react-collection/dist/index.mjs:39:15
    at file:///workspaces/indigenous-rising-ai/node_modules/@radix-ui/react-roving-focus/dist/index.mjs:124:7
    at file:///workspaces/indigenous-rising-ai/node_modules/@radix-ui/react-radio-group/dist/index.mjs:228:13
    at /workspaces/indigenous-rising-ai/src/components/ui/radio-group.tsx:25:74
    at div
    at div
    at file:///workspaces/indigenous-rising-ai/node_modules/@radix-ui/react-primitive/dist/index.mjs:28:13
    at file:///workspaces/indigenous-rising-ai/node_modules/@radix-ui/react-slot/dist/index.mjs:33:13
    at file:///workspaces/indigenous-rising-ai/node_modules/@radix-ui/react-slot/dist/index.mjs:9:13
    at file:///workspaces/indigenous-rising-ai/node_modules/@radix-ui/react-primitive/dist/index.mjs:28:13
    at Provider (file:///workspaces/indigenous-rising-ai/node_modules/@radix-ui/react-context/dist/index.mjs:27:15)
    at file:///workspaces/indigenous-rising-ai/node_modules/@radix-ui/react-roving-focus/dist/index.mjs:32:5
    at file:///workspaces/indigenous-rising-ai/node_modules/@radix-ui/react-slot/dist/index.mjs:33:13
    at file:///workspaces/indigenous-rising-ai/node_modules/@radix-ui/react-slot/dist/index.mjs:9:13
    at file:///workspaces/indigenous-rising-ai/node_modules/@radix-ui/react-collection/dist/index.mjs:27:15
    at Provider (file:///workspaces/indigenous-rising-ai/node_modules/@radix-ui/react-context/dist/index.mjs:27:15)
    at CollectionProvider (file:///workspaces/indigenous-rising-ai/node_modules/@radix-ui/react-collection/dist/index.mjs:17:13)
    at file:///workspaces/indigenous-rising-ai/node_modules/@radix-ui/react-roving-focus/dist/index.mjs:26:68
    at Provider (file:///workspaces/indigenous-rising-ai/node_modules/@radix-ui/react-context/dist/index.mjs:27:15)
    at file:///workspaces/indigenous-rising-ai/node_modules/@radix-ui/react-radio-group/dist/index.mjs:169:7
    at /workspaces/indigenous-rising-ai/src/components/ui/radio-group.tsx:13:70
    at div
    at form
    at div
    at div
    at /workspaces/indigenous-rising-ai/src/components/ui/card.tsx:13:64
    at DataRequestForm (/workspaces/indigenous-rising-ai/src/components/DataRequestForm.tsx:37:77)
    at Router (/workspaces/indigenous-rising-ai/node_modules/react-router/dist/umd/react-router.development.js:1207:17)
    at BrowserRouter (/workspaces/indigenous-rising-ai/node_modules/react-router-dom/dist/umd/react-router-dom.development.js:695:7)

Consider adding an error boundary to your tree to customize error handling behavior.
Visit https://reactjs.org/link/error-boundaries to learn more about error boundaries.
The above error occurred in the <RadioBubbleInput> component:

    at file:///workspaces/indigenous-rising-ai/node_modules/@radix-ui/react-radio-group/dist/index.mjs:104:5
    at Provider (file:///workspaces/indigenous-rising-ai/node_modules/@radix-ui/react-context/dist/index.mjs:27:15)
    at file:///workspaces/indigenous-rising-ai/node_modules/@radix-ui/react-radio-group/dist/index.mjs:30:7
    at file:///workspaces/indigenous-rising-ai/node_modules/@radix-ui/react-slot/dist/index.mjs:33:13
    at file:///workspaces/indigenous-rising-ai/node_modules/@radix-ui/react-slot/dist/index.mjs:9:13
    at file:///workspaces/indigenous-rising-ai/node_modules/@radix-ui/react-primitive/dist/index.mjs:28:13
    at file:///workspaces/indigenous-rising-ai/node_modules/@radix-ui/react-slot/dist/index.mjs:33:13
    at file:///workspaces/indigenous-rising-ai/node_modules/@radix-ui/react-slot/dist/index.mjs:9:13
    at file:///workspaces/indigenous-rising-ai/node_modules/@radix-ui/react-collection/dist/index.mjs:39:15
    at file:///workspaces/indigenous-rising-ai/node_modules/@radix-ui/react-roving-focus/dist/index.mjs:124:7
    at file:///workspaces/indigenous-rising-ai/node_modules/@radix-ui/react-radio-group/dist/index.mjs:228:13
    at /workspaces/indigenous-rising-ai/src/components/ui/radio-group.tsx:25:74
    at div
    at div
    at file:///workspaces/indigenous-rising-ai/node_modules/@radix-ui/react-primitive/dist/index.mjs:28:13
    at file:///workspaces/indigenous-rising-ai/node_modules/@radix-ui/react-slot/dist/index.mjs:33:13
    at file:///workspaces/indigenous-rising-ai/node_modules/@radix-ui/react-slot/dist/index.mjs:9:13
    at file:///workspaces/indigenous-rising-ai/node_modules/@radix-ui/react-primitive/dist/index.mjs:28:13
    at Provider (file:///workspaces/indigenous-rising-ai/node_modules/@radix-ui/react-context/dist/index.mjs:27:15)
    at file:///workspaces/indigenous-rising-ai/node_modules/@radix-ui/react-roving-focus/dist/index.mjs:32:5
    at file:///workspaces/indigenous-rising-ai/node_modules/@radix-ui/react-slot/dist/index.mjs:33:13
    at file:///workspaces/indigenous-rising-ai/node_modules/@radix-ui/react-slot/dist/index.mjs:9:13
    at file:///workspaces/indigenous-rising-ai/node_modules/@radix-ui/react-collection/dist/index.mjs:27:15
    at Provider (file:///workspaces/indigenous-rising-ai/node_modules/@radix-ui/react-context/dist/index.mjs:27:15)
    at CollectionProvider (file:///workspaces/indigenous-rising-ai/node_modules/@radix-ui/react-collection/dist/index.mjs:17:13)
    at file:///workspaces/indigenous-rising-ai/node_modules/@radix-ui/react-roving-focus/dist/index.mjs:26:68
    at Provider (file:///workspaces/indigenous-rising-ai/node_modules/@radix-ui/react-context/dist/index.mjs:27:15)
    at file:///workspaces/indigenous-rising-ai/node_modules/@radix-ui/react-radio-group/dist/index.mjs:169:7
    at /workspaces/indigenous-rising-ai/src/components/ui/radio-group.tsx:13:70
    at div
    at form
    at div
    at div
    at /workspaces/indigenous-rising-ai/src/components/ui/card.tsx:13:64
    at DataRequestForm (/workspaces/indigenous-rising-ai/src/components/DataRequestForm.tsx:37:77)
    at Router (/workspaces/indigenous-rising-ai/node_modules/react-router/dist/umd/react-router.development.js:1207:17)
    at BrowserRouter (/workspaces/indigenous-rising-ai/node_modules/react-router-dom/dist/umd/react-router-dom.development.js:695:7)

Consider adding an error boundary to your tree to customize error handling behavior.
Visit https://reactjs.org/link/error-boundaries to learn more about error boundaries.

 [31m×[39m src/components/DataRequestForm.test.tsx[2m > [22mDataRequestForm[2m > [22mvalidates request details minimum length[32m 94[2mms[22m[39m
[31m   → ResizeObserver is not defined[39m
 [31m×[39m src/components/DataRequestForm.test.tsx[2m > [22mDataRequestForm[2m > [22mshows character count for details field[32m 95[2mms[22m[39m
[31m   → ResizeObserver is not defined[39m
ReferenceError: ResizeObserver is not defined
    at file:///workspaces/indigenous-rising-ai/node_modules/@radix-ui/react-use-size/dist/index.mjs:9:30
    at commitHookEffectListMount (/workspaces/indigenous-rising-ai/node_modules/react-dom/cjs/react-dom.development.js:23189:26)
    at commitLayoutEffectOnFiber (/workspaces/indigenous-rising-ai/node_modules/react-dom/cjs/react-dom.development.js:23312:15)
    at commitLayoutMountEffects_complete (/workspaces/indigenous-rising-ai/node_modules/react-dom/cjs/react-dom.development.js:24727:9)
    at commitLayoutEffects_begin (/workspaces/indigenous-rising-ai/node_modules/react-dom/cjs/react-dom.development.js:24713:7)
    at commitLayoutEffects (/workspaces/indigenous-rising-ai/node_modules/react-dom/cjs/react-dom.development.js:24651:3)
    at commitRootImpl (/workspaces/indigenous-rising-ai/node_modules/react-dom/cjs/react-dom.development.js:26862:5)
    at commitRoot (/workspaces/indigenous-rising-ai/node_modules/react-dom/cjs/react-dom.development.js:26721:5)
    at performSyncWorkOnRoot (/workspaces/indigenous-rising-ai/node_modules/react-dom/cjs/react-dom.development.js:26156:3)
    at flushSyncCallbacks (/workspaces/indigenous-rising-ai/node_modules/react-dom/cjs/react-dom.development.js:12042:22)
ReferenceError: ResizeObserver is not defined
    at file:///workspaces/indigenous-rising-ai/node_modules/@radix-ui/react-use-size/dist/index.mjs:9:30
    at commitHookEffectListMount (/workspaces/indigenous-rising-ai/node_modules/react-dom/cjs/react-dom.development.js:23189:26)
    at commitLayoutEffectOnFiber (/workspaces/indigenous-rising-ai/node_modules/react-dom/cjs/react-dom.development.js:23312:15)
    at commitLayoutMountEffects_complete (/workspaces/indigenous-rising-ai/node_modules/react-dom/cjs/react-dom.development.js:24727:9)
    at commitLayoutEffects_begin (/workspaces/indigenous-rising-ai/node_modules/react-dom/cjs/react-dom.development.js:24713:7)
    at commitLayoutEffects (/workspaces/indigenous-rising-ai/node_modules/react-dom/cjs/react-dom.development.js:24651:3)
    at commitRootImpl (/workspaces/indigenous-rising-ai/node_modules/react-dom/cjs/react-dom.development.js:26862:5)
    at commitRoot (/workspaces/indigenous-rising-ai/node_modules/react-dom/cjs/react-dom.development.js:26721:5)
    at performSyncWorkOnRoot (/workspaces/indigenous-rising-ai/node_modules/react-dom/cjs/react-dom.development.js:26156:3)
    at flushSyncCallbacks (/workspaces/indigenous-rising-ai/node_modules/react-dom/cjs/react-dom.development.js:12042:22)
ReferenceError: ResizeObserver is not defined
    at file:///workspaces/indigenous-rising-ai/node_modules/@radix-ui/react-use-size/dist/index.mjs:9:30
    at commitHookEffectListMount (/workspaces/indigenous-rising-ai/node_modules/react-dom/cjs/react-dom.development.js:23189:26)
    at commitLayoutEffectOnFiber (/workspaces/indigenous-rising-ai/node_modules/react-dom/cjs/react-dom.development.js:23312:15)
    at commitLayoutMountEffects_complete (/workspaces/indigenous-rising-ai/node_modules/react-dom/cjs/react-dom.development.js:24727:9)
    at commitLayoutEffects_begin (/workspaces/indigenous-rising-ai/node_modules/react-dom/cjs/react-dom.development.js:24713:7)
    at commitLayoutEffects (/workspaces/indigenous-rising-ai/node_modules/react-dom/cjs/react-dom.development.js:24651:3)
    at commitRootImpl (/workspaces/indigenous-rising-ai/node_modules/react-dom/cjs/react-dom.development.js:26862:5)
    at commitRoot (/workspaces/indigenous-rising-ai/node_modules/react-dom/cjs/react-dom.development.js:26721:5)
    at performSyncWorkOnRoot (/workspaces/indigenous-rising-ai/node_modules/react-dom/cjs/react-dom.development.js:26156:3)
    at flushSyncCallbacks (/workspaces/indigenous-rising-ai/node_modules/react-dom/cjs/react-dom.development.js:12042:22)
ReferenceError: ResizeObserver is not defined
    at file:///workspaces/indigenous-rising-ai/node_modules/@radix-ui/react-use-size/dist/index.mjs:9:30
    at commitHookEffectListMount (/workspaces/indigenous-rising-ai/node_modules/react-dom/cjs/react-dom.development.js:23189:26)
    at commitLayoutEffectOnFiber (/workspaces/indigenous-rising-ai/node_modules/react-dom/cjs/react-dom.development.js:23312:15)
    at commitLayoutMountEffects_complete (/workspaces/indigenous-rising-ai/node_modules/react-dom/cjs/react-dom.development.js:24727:9)
    at commitLayoutEffects_begin (/workspaces/indigenous-rising-ai/node_modules/react-dom/cjs/react-dom.development.js:24713:7)
    at commitLayoutEffects (/workspaces/indigenous-rising-ai/node_modules/react-dom/cjs/react-dom.development.js:24651:3)
    at commitRootImpl (/workspaces/indigenous-rising-ai/node_modules/react-dom/cjs/react-dom.development.js:26862:5)
    at commitRoot (/workspaces/indigenous-rising-ai/node_modules/react-dom/cjs/react-dom.development.js:26721:5)
    at performSyncWorkOnRoot (/workspaces/indigenous-rising-ai/node_modules/react-dom/cjs/react-dom.development.js:26156:3)
    at flushSyncCallbacks (/workspaces/indigenous-rising-ai/node_modules/react-dom/cjs/react-dom.development.js:12042:22)
ReferenceError: ResizeObserver is not defined
    at file:///workspaces/indigenous-rising-ai/node_modules/@radix-ui/react-use-size/dist/index.mjs:9:30
    at commitHookEffectListMount (/workspaces/indigenous-rising-ai/node_modules/react-dom/cjs/react-dom.development.js:23189:26)
    at commitLayoutEffectOnFiber (/workspaces/indigenous-rising-ai/node_modules/react-dom/cjs/react-dom.development.js:23312:15)
    at commitLayoutMountEffects_complete (/workspaces/indigenous-rising-ai/node_modules/react-dom/cjs/react-dom.development.js:24727:9)
    at commitLayoutEffects_begin (/workspaces/indigenous-rising-ai/node_modules/react-dom/cjs/react-dom.development.js:24713:7)
    at commitLayoutEffects (/workspaces/indigenous-rising-ai/node_modules/react-dom/cjs/react-dom.development.js:24651:3)
    at commitRootImpl (/workspaces/indigenous-rising-ai/node_modules/react-dom/cjs/react-dom.development.js:26862:5)
    at commitRoot (/workspaces/indigenous-rising-ai/node_modules/react-dom/cjs/react-dom.development.js:26721:5)
    at performSyncWorkOnRoot (/workspaces/indigenous-rising-ai/node_modules/react-dom/cjs/react-dom.development.js:26156:3)
    at flushSyncCallbacks (/workspaces/indigenous-rising-ai/node_modules/react-dom/cjs/react-dom.development.js:12042:22)
[90mstderr[2m | src/components/DataRequestForm.test.tsx[2m > [22m[2mDataRequestForm[2m > [22m[2mhandles file upload with validation
[22m[39mThe above error occurred in the <RadioBubbleInput> component:

    at file:///workspaces/indigenous-rising-ai/node_modules/@radix-ui/react-radio-group/dist/index.mjs:104:5
    at Provider (file:///workspaces/indigenous-rising-ai/node_modules/@radix-ui/react-context/dist/index.mjs:27:15)
    at file:///workspaces/indigenous-rising-ai/node_modules/@radix-ui/react-radio-group/dist/index.mjs:30:7
    at file:///workspaces/indigenous-rising-ai/node_modules/@radix-ui/react-slot/dist/index.mjs:33:13
    at file:///workspaces/indigenous-rising-ai/node_modules/@radix-ui/react-slot/dist/index.mjs:9:13
    at file:///workspaces/indigenous-rising-ai/node_modules/@radix-ui/react-primitive/dist/index.mjs:28:13
    at file:///workspaces/indigenous-rising-ai/node_modules/@radix-ui/react-slot/dist/index.mjs:33:13
    at file:///workspaces/indigenous-rising-ai/node_modules/@radix-ui/react-slot/dist/index.mjs:9:13
    at file:///workspaces/indigenous-rising-ai/node_modules/@radix-ui/react-collection/dist/index.mjs:39:15
    at file:///workspaces/indigenous-rising-ai/node_modules/@radix-ui/react-roving-focus/dist/index.mjs:124:7
    at file:///workspaces/indigenous-rising-ai/node_modules/@radix-ui/react-radio-group/dist/index.mjs:228:13
    at /workspaces/indigenous-rising-ai/src/components/ui/radio-group.tsx:25:74
    at div
    at div
    at file:///workspaces/indigenous-rising-ai/node_modules/@radix-ui/react-primitive/dist/index.mjs:28:13
    at file:///workspaces/indigenous-rising-ai/node_modules/@radix-ui/react-slot/dist/index.mjs:33:13
    at file:///workspaces/indigenous-rising-ai/node_modules/@radix-ui/react-slot/dist/index.mjs:9:13
    at file:///workspaces/indigenous-rising-ai/node_modules/@radix-ui/react-primitive/dist/index.mjs:28:13
    at Provider (file:///workspaces/indigenous-rising-ai/node_modules/@radix-ui/react-context/dist/index.mjs:27:15)
    at file:///workspaces/indigenous-rising-ai/node_modules/@radix-ui/react-roving-focus/dist/index.mjs:32:5
    at file:///workspaces/indigenous-rising-ai/node_modules/@radix-ui/react-slot/dist/index.mjs:33:13
    at file:///workspaces/indigenous-rising-ai/node_modules/@radix-ui/react-slot/dist/index.mjs:9:13
    at file:///workspaces/indigenous-rising-ai/node_modules/@radix-ui/react-collection/dist/index.mjs:27:15
    at Provider (file:///workspaces/indigenous-rising-ai/node_modules/@radix-ui/react-context/dist/index.mjs:27:15)
    at CollectionProvider (file:///workspaces/indigenous-rising-ai/node_modules/@radix-ui/react-collection/dist/index.mjs:17:13)
    at file:///workspaces/indigenous-rising-ai/node_modules/@radix-ui/react-roving-focus/dist/index.mjs:26:68
    at Provider (file:///workspaces/indigenous-rising-ai/node_modules/@radix-ui/react-context/dist/index.mjs:27:15)
    at file:///workspaces/indigenous-rising-ai/node_modules/@radix-ui/react-radio-group/dist/index.mjs:169:7
    at /workspaces/indigenous-rising-ai/src/components/ui/radio-group.tsx:13:70
    at div
    at form
    at div
    at div
    at /workspaces/indigenous-rising-ai/src/components/ui/card.tsx:13:64
    at DataRequestForm (/workspaces/indigenous-rising-ai/src/components/DataRequestForm.tsx:37:77)
    at Router (/workspaces/indigenous-rising-ai/node_modules/react-router/dist/umd/react-router.development.js:1207:17)
    at BrowserRouter (/workspaces/indigenous-rising-ai/node_modules/react-router-dom/dist/umd/react-router-dom.development.js:695:7)

Consider adding an error boundary to your tree to customize error handling behavior.
Visit https://reactjs.org/link/error-boundaries to learn more about error boundaries.
The above error occurred in the <RadioBubbleInput> component:

    at file:///workspaces/indigenous-rising-ai/node_modules/@radix-ui/react-radio-group/dist/index.mjs:104:5
    at Provider (file:///workspaces/indigenous-rising-ai/node_modules/@radix-ui/react-context/dist/index.mjs:27:15)
    at file:///workspaces/indigenous-rising-ai/node_modules/@radix-ui/react-radio-group/dist/index.mjs:30:7
    at file:///workspaces/indigenous-rising-ai/node_modules/@radix-ui/react-slot/dist/index.mjs:33:13
    at file:///workspaces/indigenous-rising-ai/node_modules/@radix-ui/react-slot/dist/index.mjs:9:13
    at file:///workspaces/indigenous-rising-ai/node_modules/@radix-ui/react-primitive/dist/index.mjs:28:13
    at file:///workspaces/indigenous-rising-ai/node_modules/@radix-ui/react-slot/dist/index.mjs:33:13
    at file:///workspaces/indigenous-rising-ai/node_modules/@radix-ui/react-slot/dist/index.mjs:9:13
    at file:///workspaces/indigenous-rising-ai/node_modules/@radix-ui/react-collection/dist/index.mjs:39:15
    at file:///workspaces/indigenous-rising-ai/node_modules/@radix-ui/react-roving-focus/dist/index.mjs:124:7
    at file:///workspaces/indigenous-rising-ai/node_modules/@radix-ui/react-radio-group/dist/index.mjs:228:13
    at /workspaces/indigenous-rising-ai/src/components/ui/radio-group.tsx:25:74
    at div
    at div
    at file:///workspaces/indigenous-rising-ai/node_modules/@radix-ui/react-primitive/dist/index.mjs:28:13
    at file:///workspaces/indigenous-rising-ai/node_modules/@radix-ui/react-slot/dist/index.mjs:33:13
    at file:///workspaces/indigenous-rising-ai/node_modules/@radix-ui/react-slot/dist/index.mjs:9:13
    at file:///workspaces/indigenous-rising-ai/node_modules/@radix-ui/react-primitive/dist/index.mjs:28:13
    at Provider (file:///workspaces/indigenous-rising-ai/node_modules/@radix-ui/react-context/dist/index.mjs:27:15)
    at file:///workspaces/indigenous-rising-ai/node_modules/@radix-ui/react-roving-focus/dist/index.mjs:32:5
    at file:///workspaces/indigenous-rising-ai/node_modules/@radix-ui/react-slot/dist/index.mjs:33:13
    at file:///workspaces/indigenous-rising-ai/node_modules/@radix-ui/react-slot/dist/index.mjs:9:13
    at file:///workspaces/indigenous-rising-ai/node_modules/@radix-ui/react-collection/dist/index.mjs:27:15
    at Provider (file:///workspaces/indigenous-rising-ai/node_modules/@radix-ui/react-context/dist/index.mjs:27:15)
    at CollectionProvider (file:///workspaces/indigenous-rising-ai/node_modules/@radix-ui/react-collection/dist/index.mjs:17:13)
    at file:///workspaces/indigenous-rising-ai/node_modules/@radix-ui/react-roving-focus/dist/index.mjs:26:68
    at Provider (file:///workspaces/indigenous-rising-ai/node_modules/@radix-ui/react-context/dist/index.mjs:27:15)
    at file:///workspaces/indigenous-rising-ai/node_modules/@radix-ui/react-radio-group/dist/index.mjs:169:7
    at /workspaces/indigenous-rising-ai/src/components/ui/radio-group.tsx:13:70
    at div
    at form
    at div
    at div
    at /workspaces/indigenous-rising-ai/src/components/ui/card.tsx:13:64
    at DataRequestForm (/workspaces/indigenous-rising-ai/src/components/DataRequestForm.tsx:37:77)
    at Router (/workspaces/indigenous-rising-ai/node_modules/react-router/dist/umd/react-router.development.js:1207:17)
    at BrowserRouter (/workspaces/indigenous-rising-ai/node_modules/react-router-dom/dist/umd/react-router-dom.development.js:695:7)

Consider adding an error boundary to your tree to customize error handling behavior.
Visit https://reactjs.org/link/error-boundaries to learn more about error boundaries.
The above error occurred in the <RadioBubbleInput> component:

    at file:///workspaces/indigenous-rising-ai/node_modules/@radix-ui/react-radio-group/dist/index.mjs:104:5
    at Provider (file:///workspaces/indigenous-rising-ai/node_modules/@radix-ui/react-context/dist/index.mjs:27:15)
    at file:///workspaces/indigenous-rising-ai/node_modules/@radix-ui/react-radio-group/dist/index.mjs:30:7
    at file:///workspaces/indigenous-rising-ai/node_modules/@radix-ui/react-slot/dist/index.mjs:33:13
    at file:///workspaces/indigenous-rising-ai/node_modules/@radix-ui/react-slot/dist/index.mjs:9:13
    at file:///workspaces/indigenous-rising-ai/node_modules/@radix-ui/react-primitive/dist/index.mjs:28:13
    at file:///workspaces/indigenous-rising-ai/node_modules/@radix-ui/react-slot/dist/index.mjs:33:13
    at file:///workspaces/indigenous-rising-ai/node_modules/@radix-ui/react-slot/dist/index.mjs:9:13
    at file:///workspaces/indigenous-rising-ai/node_modules/@radix-ui/react-collection/dist/index.mjs:39:15
    at file:///workspaces/indigenous-rising-ai/node_modules/@radix-ui/react-roving-focus/dist/index.mjs:124:7
    at file:///workspaces/indigenous-rising-ai/node_modules/@radix-ui/react-radio-group/dist/index.mjs:228:13
    at /workspaces/indigenous-rising-ai/src/components/ui/radio-group.tsx:25:74
    at div
    at div
    at file:///workspaces/indigenous-rising-ai/node_modules/@radix-ui/react-primitive/dist/index.mjs:28:13
    at file:///workspaces/indigenous-rising-ai/node_modules/@radix-ui/react-slot/dist/index.mjs:33:13
    at file:///workspaces/indigenous-rising-ai/node_modules/@radix-ui/react-slot/dist/index.mjs:9:13
    at file:///workspaces/indigenous-rising-ai/node_modules/@radix-ui/react-primitive/dist/index.mjs:28:13
    at Provider (file:///workspaces/indigenous-rising-ai/node_modules/@radix-ui/react-context/dist/index.mjs:27:15)
    at file:///workspaces/indigenous-rising-ai/node_modules/@radix-ui/react-roving-focus/dist/index.mjs:32:5
    at file:///workspaces/indigenous-rising-ai/node_modules/@radix-ui/react-slot/dist/index.mjs:33:13
    at file:///workspaces/indigenous-rising-ai/node_modules/@radix-ui/react-slot/dist/index.mjs:9:13
    at file:///workspaces/indigenous-rising-ai/node_modules/@radix-ui/react-collection/dist/index.mjs:27:15
    at Provider (file:///workspaces/indigenous-rising-ai/node_modules/@radix-ui/react-context/dist/index.mjs:27:15)
    at CollectionProvider (file:///workspaces/indigenous-rising-ai/node_modules/@radix-ui/react-collection/dist/index.mjs:17:13)
    at file:///workspaces/indigenous-rising-ai/node_modules/@radix-ui/react-roving-focus/dist/index.mjs:26:68
    at Provider (file:///workspaces/indigenous-rising-ai/node_modules/@radix-ui/react-context/dist/index.mjs:27:15)
    at file:///workspaces/indigenous-rising-ai/node_modules/@radix-ui/react-radio-group/dist/index.mjs:169:7
    at /workspaces/indigenous-rising-ai/src/components/ui/radio-group.tsx:13:70
    at div
    at form
    at div
    at div
    at /workspaces/indigenous-rising-ai/src/components/ui/card.tsx:13:64
    at DataRequestForm (/workspaces/indigenous-rising-ai/src/components/DataRequestForm.tsx:37:77)
    at Router (/workspaces/indigenous-rising-ai/node_modules/react-router/dist/umd/react-router.development.js:1207:17)
    at BrowserRouter (/workspaces/indigenous-rising-ai/node_modules/react-router-dom/dist/umd/react-router-dom.development.js:695:7)

Consider adding an error boundary to your tree to customize error handling behavior.
Visit https://reactjs.org/link/error-boundaries to learn more about error boundaries.
The above error occurred in the <RadioBubbleInput> component:

    at file:///workspaces/indigenous-rising-ai/node_modules/@radix-ui/react-radio-group/dist/index.mjs:104:5
    at Provider (file:///workspaces/indigenous-rising-ai/node_modules/@radix-ui/react-context/dist/index.mjs:27:15)
    at file:///workspaces/indigenous-rising-ai/node_modules/@radix-ui/react-radio-group/dist/index.mjs:30:7
    at file:///workspaces/indigenous-rising-ai/node_modules/@radix-ui/react-slot/dist/index.mjs:33:13
    at file:///workspaces/indigenous-rising-ai/node_modules/@radix-ui/react-slot/dist/index.mjs:9:13
    at file:///workspaces/indigenous-rising-ai/node_modules/@radix-ui/react-primitive/dist/index.mjs:28:13
    at file:///workspaces/indigenous-rising-ai/node_modules/@radix-ui/react-slot/dist/index.mjs:33:13
    at file:///workspaces/indigenous-rising-ai/node_modules/@radix-ui/react-slot/dist/index.mjs:9:13
    at file:///workspaces/indigenous-rising-ai/node_modules/@radix-ui/react-collection/dist/index.mjs:39:15
    at file:///workspaces/indigenous-rising-ai/node_modules/@radix-ui/react-roving-focus/dist/index.mjs:124:7
    at file:///workspaces/indigenous-rising-ai/node_modules/@radix-ui/react-radio-group/dist/index.mjs:228:13
    at /workspaces/indigenous-rising-ai/src/components/ui/radio-group.tsx:25:74
    at div
    at div
    at file:///workspaces/indigenous-rising-ai/node_modules/@radix-ui/react-primitive/dist/index.mjs:28:13
    at file:///workspaces/indigenous-rising-ai/node_modules/@radix-ui/react-slot/dist/index.mjs:33:13
    at file:///workspaces/indigenous-rising-ai/node_modules/@radix-ui/react-slot/dist/index.mjs:9:13
    at file:///workspaces/indigenous-rising-ai/node_modules/@radix-ui/react-primitive/dist/index.mjs:28:13
    at Provider (file:///workspaces/indigenous-rising-ai/node_modules/@radix-ui/react-context/dist/index.mjs:27:15)
    at file:///workspaces/indigenous-rising-ai/node_modules/@radix-ui/react-roving-focus/dist/index.mjs:32:5
    at file:///workspaces/indigenous-rising-ai/node_modules/@radix-ui/react-slot/dist/index.mjs:33:13
    at file:///workspaces/indigenous-rising-ai/node_modules/@radix-ui/react-slot/dist/index.mjs:9:13
    at file:///workspaces/indigenous-rising-ai/node_modules/@radix-ui/react-collection/dist/index.mjs:27:15
    at Provider (file:///workspaces/indigenous-rising-ai/node_modules/@radix-ui/react-context/dist/index.mjs:27:15)
    at CollectionProvider (file:///workspaces/indigenous-rising-ai/node_modules/@radix-ui/react-collection/dist/index.mjs:17:13)
    at file:///workspaces/indigenous-rising-ai/node_modules/@radix-ui/react-roving-focus/dist/index.mjs:26:68
    at Provider (file:///workspaces/indigenous-rising-ai/node_modules/@radix-ui/react-context/dist/index.mjs:27:15)
    at file:///workspaces/indigenous-rising-ai/node_modules/@radix-ui/react-radio-group/dist/index.mjs:169:7
    at /workspaces/indigenous-rising-ai/src/components/ui/radio-group.tsx:13:70
    at div
    at form
    at div
    at div
    at /workspaces/indigenous-rising-ai/src/components/ui/card.tsx:13:64
    at DataRequestForm (/workspaces/indigenous-rising-ai/src/components/DataRequestForm.tsx:37:77)
    at Router (/workspaces/indigenous-rising-ai/node_modules/react-router/dist/umd/react-router.development.js:1207:17)
    at BrowserRouter (/workspaces/indigenous-rising-ai/node_modules/react-router-dom/dist/umd/react-router-dom.development.js:695:7)

Consider adding an error boundary to your tree to customize error handling behavior.
Visit https://reactjs.org/link/error-boundaries to learn more about error boundaries.
The above error occurred in the <RadioBubbleInput> component:

    at file:///workspaces/indigenous-rising-ai/node_modules/@radix-ui/react-radio-group/dist/index.mjs:104:5
    at Provider (file:///workspaces/indigenous-rising-ai/node_modules/@radix-ui/react-context/dist/index.mjs:27:15)
    at file:///workspaces/indigenous-rising-ai/node_modules/@radix-ui/react-radio-group/dist/index.mjs:30:7
    at file:///workspaces/indigenous-rising-ai/node_modules/@radix-ui/react-slot/dist/index.mjs:33:13
    at file:///workspaces/indigenous-rising-ai/node_modules/@radix-ui/react-slot/dist/index.mjs:9:13
    at file:///workspaces/indigenous-rising-ai/node_modules/@radix-ui/react-primitive/dist/index.mjs:28:13
    at file:///workspaces/indigenous-rising-ai/node_modules/@radix-ui/react-slot/dist/index.mjs:33:13
    at file:///workspaces/indigenous-rising-ai/node_modules/@radix-ui/react-slot/dist/index.mjs:9:13
    at file:///workspaces/indigenous-rising-ai/node_modules/@radix-ui/react-collection/dist/index.mjs:39:15
    at file:///workspaces/indigenous-rising-ai/node_modules/@radix-ui/react-roving-focus/dist/index.mjs:124:7
    at file:///workspaces/indigenous-rising-ai/node_modules/@radix-ui/react-radio-group/dist/index.mjs:228:13
    at /workspaces/indigenous-rising-ai/src/components/ui/radio-group.tsx:25:74
    at div
    at div
    at file:///workspaces/indigenous-rising-ai/node_modules/@radix-ui/react-primitive/dist/index.mjs:28:13
    at file:///workspaces/indigenous-rising-ai/node_modules/@radix-ui/react-slot/dist/index.mjs:33:13
    at file:///workspaces/indigenous-rising-ai/node_modules/@radix-ui/react-slot/dist/index.mjs:9:13
    at file:///workspaces/indigenous-rising-ai/node_modules/@radix-ui/react-primitive/dist/index.mjs:28:13
    at Provider (file:///workspaces/indigenous-rising-ai/node_modules/@radix-ui/react-context/dist/index.mjs:27:15)
    at file:///workspaces/indigenous-rising-ai/node_modules/@radix-ui/react-roving-focus/dist/index.mjs:32:5
    at file:///workspaces/indigenous-rising-ai/node_modules/@radix-ui/react-slot/dist/index.mjs:33:13
    at file:///workspaces/indigenous-rising-ai/node_modules/@radix-ui/react-slot/dist/index.mjs:9:13
    at file:///workspaces/indigenous-rising-ai/node_modules/@radix-ui/react-collection/dist/index.mjs:27:15
    at Provider (file:///workspaces/indigenous-rising-ai/node_modules/@radix-ui/react-context/dist/index.mjs:27:15)
    at CollectionProvider (file:///workspaces/indigenous-rising-ai/node_modules/@radix-ui/react-collection/dist/index.mjs:17:13)
    at file:///workspaces/indigenous-rising-ai/node_modules/@radix-ui/react-roving-focus/dist/index.mjs:26:68
    at Provider (file:///workspaces/indigenous-rising-ai/node_modules/@radix-ui/react-context/dist/index.mjs:27:15)
    at file:///workspaces/indigenous-rising-ai/node_modules/@radix-ui/react-radio-group/dist/index.mjs:169:7
    at /workspaces/indigenous-rising-ai/src/components/ui/radio-group.tsx:13:70
    at div
    at form
    at div
    at div
    at /workspaces/indigenous-rising-ai/src/components/ui/card.tsx:13:64
    at DataRequestForm (/workspaces/indigenous-rising-ai/src/components/DataRequestForm.tsx:37:77)
    at Router (/workspaces/indigenous-rising-ai/node_modules/react-router/dist/umd/react-router.development.js:1207:17)
    at BrowserRouter (/workspaces/indigenous-rising-ai/node_modules/react-router-dom/dist/umd/react-router-dom.development.js:695:7)

Consider adding an error boundary to your tree to customize error handling behavior.
Visit https://reactjs.org/link/error-boundaries to learn more about error boundaries.

ReferenceError: ResizeObserver is not defined
    at file:///workspaces/indigenous-rising-ai/node_modules/@radix-ui/react-use-size/dist/index.mjs:9:30
    at commitHookEffectListMount (/workspaces/indigenous-rising-ai/node_modules/react-dom/cjs/react-dom.development.js:23189:26)
    at commitLayoutEffectOnFiber (/workspaces/indigenous-rising-ai/node_modules/react-dom/cjs/react-dom.development.js:23312:15)
    at commitLayoutMountEffects_complete (/workspaces/indigenous-rising-ai/node_modules/react-dom/cjs/react-dom.development.js:24727:9)
    at commitLayoutEffects_begin (/workspaces/indigenous-rising-ai/node_modules/react-dom/cjs/react-dom.development.js:24713:7)
    at commitLayoutEffects (/workspaces/indigenous-rising-ai/node_modules/react-dom/cjs/react-dom.development.js:24651:3)
    at commitRootImpl (/workspaces/indigenous-rising-ai/node_modules/react-dom/cjs/react-dom.development.js:26862:5)
    at commitRoot (/workspaces/indigenous-rising-ai/node_modules/react-dom/cjs/react-dom.development.js:26721:5)
    at performSyncWorkOnRoot (/workspaces/indigenous-rising-ai/node_modules/react-dom/cjs/react-dom.development.js:26156:3)
    at flushSyncCallbacks (/workspaces/indigenous-rising-ai/node_modules/react-dom/cjs/react-dom.development.js:12042:22)
ReferenceError: ResizeObserver is not defined
    at file:///workspaces/indigenous-rising-ai/node_modules/@radix-ui/react-use-size/dist/index.mjs:9:30
    at commitHookEffectListMount (/workspaces/indigenous-rising-ai/node_modules/react-dom/cjs/react-dom.development.js:23189:26)
    at commitLayoutEffectOnFiber (/workspaces/indigenous-rising-ai/node_modules/react-dom/cjs/react-dom.development.js:23312:15)
    at commitLayoutMountEffects_complete (/workspaces/indigenous-rising-ai/node_modules/react-dom/cjs/react-dom.development.js:24727:9)
    at commitLayoutEffects_begin (/workspaces/indigenous-rising-ai/node_modules/react-dom/cjs/react-dom.development.js:24713:7)
    at commitLayoutEffects (/workspaces/indigenous-rising-ai/node_modules/react-dom/cjs/react-dom.development.js:24651:3)
    at commitRootImpl (/workspaces/indigenous-rising-ai/node_modules/react-dom/cjs/react-dom.development.js:26862:5)
    at commitRoot (/workspaces/indigenous-rising-ai/node_modules/react-dom/cjs/react-dom.development.js:26721:5)
    at performSyncWorkOnRoot (/workspaces/indigenous-rising-ai/node_modules/react-dom/cjs/react-dom.development.js:26156:3)
    at flushSyncCallbacks (/workspaces/indigenous-rising-ai/node_modules/react-dom/cjs/react-dom.development.js:12042:22)
ReferenceError: ResizeObserver is not defined
    at file:///workspaces/indigenous-rising-ai/node_modules/@radix-ui/react-use-size/dist/index.mjs:9:30
    at commitHookEffectListMount (/workspaces/indigenous-rising-ai/node_modules/react-dom/cjs/react-dom.development.js:23189:26)
    at commitLayoutEffectOnFiber (/workspaces/indigenous-rising-ai/node_modules/react-dom/cjs/react-dom.development.js:23312:15)
    at commitLayoutMountEffects_complete (/workspaces/indigenous-rising-ai/node_modules/react-dom/cjs/react-dom.development.js:24727:9)
    at commitLayoutEffects_begin (/workspaces/indigenous-rising-ai/node_modules/react-dom/cjs/react-dom.development.js:24713:7)
    at commitLayoutEffects (/workspaces/indigenous-rising-ai/node_modules/react-dom/cjs/react-dom.development.js:24651:3)
    at commitRootImpl (/workspaces/indigenous-rising-ai/node_modules/react-dom/cjs/react-dom.development.js:26862:5)
    at commitRoot (/workspaces/indigenous-rising-ai/node_modules/react-dom/cjs/react-dom.development.js:26721:5)
    at performSyncWorkOnRoot (/workspaces/indigenous-rising-ai/node_modules/react-dom/cjs/react-dom.development.js:26156:3)
    at flushSyncCallbacks (/workspaces/indigenous-rising-ai/node_modules/react-dom/cjs/react-dom.development.js:12042:22)
ReferenceError: ResizeObserver is not defined
    at file:///workspaces/indigenous-rising-ai/node_modules/@radix-ui/react-use-size/dist/index.mjs:9:30
    at commitHookEffectListMount (/workspaces/indigenous-rising-ai/node_modules/react-dom/cjs/react-dom.development.js:23189:26)
    at commitLayoutEffectOnFiber (/workspaces/indigenous-rising-ai/node_modules/react-dom/cjs/react-dom.development.js:23312:15)
    at commitLayoutMountEffects_complete (/workspaces/indigenous-rising-ai/node_modules/react-dom/cjs/react-dom.development.js:24727:9)
    at commitLayoutEffects_begin (/workspaces/indigenous-rising-ai/node_modules/react-dom/cjs/react-dom.development.js:24713:7)
    at commitLayoutEffects (/workspaces/indigenous-rising-ai/node_modules/react-dom/cjs/react-dom.development.js:24651:3)
    at commitRootImpl (/workspaces/indigenous-rising-ai/node_modules/react-dom/cjs/react-dom.development.js:26862:5)
    at commitRoot (/workspaces/indigenous-rising-ai/node_modules/react-dom/cjs/react-dom.development.js:26721:5)
    at performSyncWorkOnRoot (/workspaces/indigenous-rising-ai/node_modules/react-dom/cjs/react-dom.development.js:26156:3)
    at flushSyncCallbacks (/workspaces/indigenous-rising-ai/node_modules/react-dom/cjs/react-dom.development.js:12042:22)
ReferenceError: ResizeObserver is not defined
    at file:///workspaces/indigenous-rising-ai/node_modules/@radix-ui/react-use-size/dist/index.mjs:9:30
    at commitHookEffectListMount (/workspaces/indigenous-rising-ai/node_modules/react-dom/cjs/react-dom.development.js:23189:26)
    at commitLayoutEffectOnFiber (/workspaces/indigenous-rising-ai/node_modules/react-dom/cjs/react-dom.development.js:23312:15)
    at commitLayoutMountEffects_complete (/workspaces/indigenous-rising-ai/node_modules/react-dom/cjs/react-dom.development.js:24727:9)
    at commitLayoutEffects_begin (/workspaces/indigenous-rising-ai/node_modules/react-dom/cjs/react-dom.development.js:24713:7)
    at commitLayoutEffects (/workspaces/indigenous-rising-ai/node_modules/react-dom/cjs/react-dom.development.js:24651:3)
    at commitRootImpl (/workspaces/indigenous-rising-ai/node_modules/react-dom/cjs/react-dom.development.js:26862:5)
    at commitRoot (/workspaces/indigenous-rising-ai/node_modules/react-dom/cjs/react-dom.development.js:26721:5)
    at performSyncWorkOnRoot (/workspaces/indigenous-rising-ai/node_modules/react-dom/cjs/react-dom.development.js:26156:3)
    at flushSyncCallbacks (/workspaces/indigenous-rising-ai/node_modules/react-dom/cjs/react-dom.development.js:12042:22)
[90mstderr[2m | src/components/DataRequestForm.test.tsx[2m > [22m[2mDataRequestForm[2m > [22m[2mrejects invalid file types
[22m[39mThe above error occurred in the <RadioBubbleInput> component:

    at file:///workspaces/indigenous-rising-ai/node_modules/@radix-ui/react-radio-group/dist/index.mjs:104:5
    at Provider (file:///workspaces/indigenous-rising-ai/node_modules/@radix-ui/react-context/dist/index.mjs:27:15)
    at file:///workspaces/indigenous-rising-ai/node_modules/@radix-ui/react-radio-group/dist/index.mjs:30:7
    at file:///workspaces/indigenous-rising-ai/node_modules/@radix-ui/react-slot/dist/index.mjs:33:13
    at file:///workspaces/indigenous-rising-ai/node_modules/@radix-ui/react-slot/dist/index.mjs:9:13
    at file:///workspaces/indigenous-rising-ai/node_modules/@radix-ui/react-primitive/dist/index.mjs:28:13
    at file:///workspaces/indigenous-rising-ai/node_modules/@radix-ui/react-slot/dist/index.mjs:33:13
    at file:///workspaces/indigenous-rising-ai/node_modules/@radix-ui/react-slot/dist/index.mjs:9:13
    at file:///workspaces/indigenous-rising-ai/node_modules/@radix-ui/react-collection/dist/index.mjs:39:15
    at file:///workspaces/indigenous-rising-ai/node_modules/@radix-ui/react-roving-focus/dist/index.mjs:124:7
    at file:///workspaces/indigenous-rising-ai/node_modules/@radix-ui/react-radio-group/dist/index.mjs:228:13
    at /workspaces/indigenous-rising-ai/src/components/ui/radio-group.tsx:25:74
    at div
    at div
    at file:///workspaces/indigenous-rising-ai/node_modules/@radix-ui/react-primitive/dist/index.mjs:28:13
    at file:///workspaces/indigenous-rising-ai/node_modules/@radix-ui/react-slot/dist/index.mjs:33:13
    at file:///workspaces/indigenous-rising-ai/node_modules/@radix-ui/react-slot/dist/index.mjs:9:13
    at file:///workspaces/indigenous-rising-ai/node_modules/@radix-ui/react-primitive/dist/index.mjs:28:13
    at Provider (file:///workspaces/indigenous-rising-ai/node_modules/@radix-ui/react-context/dist/index.mjs:27:15)
    at file:///workspaces/indigenous-rising-ai/node_modules/@radix-ui/react-roving-focus/dist/index.mjs:32:5
    at file:///workspaces/indigenous-rising-ai/node_modules/@radix-ui/react-slot/dist/index.mjs:33:13
    at file:///workspaces/indigenous-rising-ai/node_modules/@radix-ui/react-slot/dist/index.mjs:9:13
    at file:///workspaces/indigenous-rising-ai/node_modules/@radix-ui/react-collection/dist/index.mjs:27:15
    at Provider (file:///workspaces/indigenous-rising-ai/node_modules/@radix-ui/react-context/dist/index.mjs:27:15)
    at CollectionProvider (file:///workspaces/indigenous-rising-ai/node_modules/@radix-ui/react-collection/dist/index.mjs:17:13)
    at file:///workspaces/indigenous-rising-ai/node_modules/@radix-ui/react-roving-focus/dist/index.mjs:26:68
    at Provider (file:///workspaces/indigenous-rising-ai/node_modules/@radix-ui/react-context/dist/index.mjs:27:15)
    at file:///workspaces/indigenous-rising-ai/node_modules/@radix-ui/react-radio-group/dist/index.mjs:169:7
    at /workspaces/indigenous-rising-ai/src/components/ui/radio-group.tsx:13:70
    at div
    at form
    at div
    at div
    at /workspaces/indigenous-rising-ai/src/components/ui/card.tsx:13:64
    at DataRequestForm (/workspaces/indigenous-rising-ai/src/components/DataRequestForm.tsx:37:77)
    at Router (/workspaces/indigenous-rising-ai/node_modules/react-router/dist/umd/react-router.development.js:1207:17)
    at BrowserRouter (/workspaces/indigenous-rising-ai/node_modules/react-router-dom/dist/umd/react-router-dom.development.js:695:7)

Consider adding an error boundary to your tree to customize error handling behavior.
Visit https://reactjs.org/link/error-boundaries to learn more about error boundaries.
The above error occurred in the <RadioBubbleInput> component:

    at file:///workspaces/indigenous-rising-ai/node_modules/@radix-ui/react-radio-group/dist/index.mjs:104:5
    at Provider (file:///workspaces/indigenous-rising-ai/node_modules/@radix-ui/react-context/dist/index.mjs:27:15)
    at file:///workspaces/indigenous-rising-ai/node_modules/@radix-ui/react-radio-group/dist/index.mjs:30:7
    at file:///workspaces/indigenous-rising-ai/node_modules/@radix-ui/react-slot/dist/index.mjs:33:13
    at file:///workspaces/indigenous-rising-ai/node_modules/@radix-ui/react-slot/dist/index.mjs:9:13
    at file:///workspaces/indigenous-rising-ai/node_modules/@radix-ui/react-primitive/dist/index.mjs:28:13
    at file:///workspaces/indigenous-rising-ai/node_modules/@radix-ui/react-slot/dist/index.mjs:33:13
    at file:///workspaces/indigenous-rising-ai/node_modules/@radix-ui/react-slot/dist/index.mjs:9:13
    at file:///workspaces/indigenous-rising-ai/node_modules/@radix-ui/react-collection/dist/index.mjs:39:15
    at file:///workspaces/indigenous-rising-ai/node_modules/@radix-ui/react-roving-focus/dist/index.mjs:124:7
    at file:///workspaces/indigenous-rising-ai/node_modules/@radix-ui/react-radio-group/dist/index.mjs:228:13
    at /workspaces/indigenous-rising-ai/src/components/ui/radio-group.tsx:25:74
    at div
    at div
    at file:///workspaces/indigenous-rising-ai/node_modules/@radix-ui/react-primitive/dist/index.mjs:28:13
    at file:///workspaces/indigenous-rising-ai/node_modules/@radix-ui/react-slot/dist/index.mjs:33:13
    at file:///workspaces/indigenous-rising-ai/node_modules/@radix-ui/react-slot/dist/index.mjs:9:13
    at file:///workspaces/indigenous-rising-ai/node_modules/@radix-ui/react-primitive/dist/index.mjs:28:13
    at Provider (file:///workspaces/indigenous-rising-ai/node_modules/@radix-ui/react-context/dist/index.mjs:27:15)
    at file:///workspaces/indigenous-rising-ai/node_modules/@radix-ui/react-roving-focus/dist/index.mjs:32:5
    at file:///workspaces/indigenous-rising-ai/node_modules/@radix-ui/react-slot/dist/index.mjs:33:13
    at file:///workspaces/indigenous-rising-ai/node_modules/@radix-ui/react-slot/dist/index.mjs:9:13
    at file:///workspaces/indigenous-rising-ai/node_modules/@radix-ui/react-collection/dist/index.mjs:27:15
    at Provider (file:///workspaces/indigenous-rising-ai/node_modules/@radix-ui/react-context/dist/index.mjs:27:15)
    at CollectionProvider (file:///workspaces/indigenous-rising-ai/node_modules/@radix-ui/react-collection/dist/index.mjs:17:13)
    at file:///workspaces/indigenous-rising-ai/node_modules/@radix-ui/react-roving-focus/dist/index.mjs:26:68
    at Provider (file:///workspaces/indigenous-rising-ai/node_modules/@radix-ui/react-context/dist/index.mjs:27:15)
    at file:///workspaces/indigenous-rising-ai/node_modules/@radix-ui/react-radio-group/dist/index.mjs:169:7
    at /workspaces/indigenous-rising-ai/src/components/ui/radio-group.tsx:13:70
    at div
    at form
    at div
    at div
    at /workspaces/indigenous-rising-ai/src/components/ui/card.tsx:13:64
    at DataRequestForm (/workspaces/indigenous-rising-ai/src/components/DataRequestForm.tsx:37:77)
    at Router (/workspaces/indigenous-rising-ai/node_modules/react-router/dist/umd/react-router.development.js:1207:17)
    at BrowserRouter (/workspaces/indigenous-rising-ai/node_modules/react-router-dom/dist/umd/react-router-dom.development.js:695:7)

Consider adding an error boundary to your tree to customize error handling behavior.
Visit https://reactjs.org/link/error-boundaries to learn more about error boundaries.
The above error occurred in the <RadioBubbleInput> component:

    at file:///workspaces/indigenous-rising-ai/node_modules/@radix-ui/react-radio-group/dist/index.mjs:104:5
    at Provider (file:///workspaces/indigenous-rising-ai/node_modules/@radix-ui/react-context/dist/index.mjs:27:15)
    at file:///workspaces/indigenous-rising-ai/node_modules/@radix-ui/react-radio-group/dist/index.mjs:30:7
    at file:///workspaces/indigenous-rising-ai/node_modules/@radix-ui/react-slot/dist/index.mjs:33:13
    at file:///workspaces/indigenous-rising-ai/node_modules/@radix-ui/react-slot/dist/index.mjs:9:13
    at file:///workspaces/indigenous-rising-ai/node_modules/@radix-ui/react-primitive/dist/index.mjs:28:13
    at file:///workspaces/indigenous-rising-ai/node_modules/@radix-ui/react-slot/dist/index.mjs:33:13
    at file:///workspaces/indigenous-rising-ai/node_modules/@radix-ui/react-slot/dist/index.mjs:9:13
    at file:///workspaces/indigenous-rising-ai/node_modules/@radix-ui/react-collection/dist/index.mjs:39:15
    at file:///workspaces/indigenous-rising-ai/node_modules/@radix-ui/react-roving-focus/dist/index.mjs:124:7
    at file:///workspaces/indigenous-rising-ai/node_modules/@radix-ui/react-radio-group/dist/index.mjs:228:13
    at /workspaces/indigenous-rising-ai/src/components/ui/radio-group.tsx:25:74
    at div
    at div
    at file:///workspaces/indigenous-rising-ai/node_modules/@radix-ui/react-primitive/dist/index.mjs:28:13
    at file:///workspaces/indigenous-rising-ai/node_modules/@radix-ui/react-slot/dist/index.mjs:33:13
    at file:///workspaces/indigenous-rising-ai/node_modules/@radix-ui/react-slot/dist/index.mjs:9:13
    at file:///workspaces/indigenous-rising-ai/node_modules/@radix-ui/react-primitive/dist/index.mjs:28:13
    at Provider (file:///workspaces/indigenous-rising-ai/node_modules/@radix-ui/react-context/dist/index.mjs:27:15)
    at file:///workspaces/indigenous-rising-ai/node_modules/@radix-ui/react-roving-focus/dist/index.mjs:32:5
    at file:///workspaces/indigenous-rising-ai/node_modules/@radix-ui/react-slot/dist/index.mjs:33:13
    at file:///workspaces/indigenous-rising-ai/node_modules/@radix-ui/react-slot/dist/index.mjs:9:13
    at file:///workspaces/indigenous-rising-ai/node_modules/@radix-ui/react-collection/dist/index.mjs:27:15
    at Provider (file:///workspaces/indigenous-rising-ai/node_modules/@radix-ui/react-context/dist/index.mjs:27:15)
    at CollectionProvider (file:///workspaces/indigenous-rising-ai/node_modules/@radix-ui/react-collection/dist/index.mjs:17:13)
    at file:///workspaces/indigenous-rising-ai/node_modules/@radix-ui/react-roving-focus/dist/index.mjs:26:68
    at Provider (file:///workspaces/indigenous-rising-ai/node_modules/@radix-ui/react-context/dist/index.mjs:27:15)
    at file:///workspaces/indigenous-rising-ai/node_modules/@radix-ui/react-radio-group/dist/index.mjs:169:7
    at /workspaces/indigenous-rising-ai/src/components/ui/radio-group.tsx:13:70
    at div
    at form
    at div
    at div
    at /workspaces/indigenous-rising-ai/src/components/ui/card.tsx:13:64
    at DataRequestForm (/workspaces/indigenous-rising-ai/src/components/DataRequestForm.tsx:37:77)
    at Router (/workspaces/indigenous-rising-ai/node_modules/react-router/dist/umd/react-router.development.js:1207:17)
    at BrowserRouter (/workspaces/indigenous-rising-ai/node_modules/react-router-dom/dist/umd/react-router-dom.development.js:695:7)

Consider adding an error boundary to your tree to customize error handling behavior.
Visit https://reactjs.org/link/error-boundaries to learn more about error boundaries.
The above error occurred in the <RadioBubbleInput> component:

    at file:///workspaces/indigenous-rising-ai/node_modules/@radix-ui/react-radio-group/dist/index.mjs:104:5
    at Provider (file:///workspaces/indigenous-rising-ai/node_modules/@radix-ui/react-context/dist/index.mjs:27:15)
    at file:///workspaces/indigenous-rising-ai/node_modules/@radix-ui/react-radio-group/dist/index.mjs:30:7
    at file:///workspaces/indigenous-rising-ai/node_modules/@radix-ui/react-slot/dist/index.mjs:33:13
    at file:///workspaces/indigenous-rising-ai/node_modules/@radix-ui/react-slot/dist/index.mjs:9:13
    at file:///workspaces/indigenous-rising-ai/node_modules/@radix-ui/react-primitive/dist/index.mjs:28:13
    at file:///workspaces/indigenous-rising-ai/node_modules/@radix-ui/react-slot/dist/index.mjs:33:13
    at file:///workspaces/indigenous-rising-ai/node_modules/@radix-ui/react-slot/dist/index.mjs:9:13
    at file:///workspaces/indigenous-rising-ai/node_modules/@radix-ui/react-collection/dist/index.mjs:39:15
    at file:///workspaces/indigenous-rising-ai/node_modules/@radix-ui/react-roving-focus/dist/index.mjs:124:7
    at file:///workspaces/indigenous-rising-ai/node_modules/@radix-ui/react-radio-group/dist/index.mjs:228:13
    at /workspaces/indigenous-rising-ai/src/components/ui/radio-group.tsx:25:74
    at div
    at div
    at file:///workspaces/indigenous-rising-ai/node_modules/@radix-ui/react-primitive/dist/index.mjs:28:13
    at file:///workspaces/indigenous-rising-ai/node_modules/@radix-ui/react-slot/dist/index.mjs:33:13
    at file:///workspaces/indigenous-rising-ai/node_modules/@radix-ui/react-slot/dist/index.mjs:9:13
    at file:///workspaces/indigenous-rising-ai/node_modules/@radix-ui/react-primitive/dist/index.mjs:28:13
    at Provider (file:///workspaces/indigenous-rising-ai/node_modules/@radix-ui/react-context/dist/index.mjs:27:15)
    at file:///workspaces/indigenous-rising-ai/node_modules/@radix-ui/react-roving-focus/dist/index.mjs:32:5
    at file:///workspaces/indigenous-rising-ai/node_modules/@radix-ui/react-slot/dist/index.mjs:33:13
    at file:///workspaces/indigenous-rising-ai/node_modules/@radix-ui/react-slot/dist/index.mjs:9:13
    at file:///workspaces/indigenous-rising-ai/node_modules/@radix-ui/react-collection/dist/index.mjs:27:15
    at Provider (file:///workspaces/indigenous-rising-ai/node_modules/@radix-ui/react-context/dist/index.mjs:27:15)
    at CollectionProvider (file:///workspaces/indigenous-rising-ai/node_modules/@radix-ui/react-collection/dist/index.mjs:17:13)
    at file:///workspaces/indigenous-rising-ai/node_modules/@radix-ui/react-roving-focus/dist/index.mjs:26:68
    at Provider (file:///workspaces/indigenous-rising-ai/node_modules/@radix-ui/react-context/dist/index.mjs:27:15)
    at file:///workspaces/indigenous-rising-ai/node_modules/@radix-ui/react-radio-group/dist/index.mjs:169:7
    at /workspaces/indigenous-rising-ai/src/components/ui/radio-group.tsx:13:70
    at div
    at form
    at div
    at div
    at /workspaces/indigenous-rising-ai/src/components/ui/card.tsx:13:64
    at DataRequestForm (/workspaces/indigenous-rising-ai/src/components/DataRequestForm.tsx:37:77)
    at Router (/workspaces/indigenous-rising-ai/node_modules/react-router/dist/umd/react-router.development.js:1207:17)
    at BrowserRouter (/workspaces/indigenous-rising-ai/node_modules/react-router-dom/dist/umd/react-router-dom.development.js:695:7)

Consider adding an error boundary to your tree to customize error handling behavior.
Visit https://reactjs.org/link/error-boundaries to learn more about error boundaries.
The above error occurred in the <RadioBubbleInput> component:

    at file:///workspaces/indigenous-rising-ai/node_modules/@radix-ui/react-radio-group/dist/index.mjs:104:5
    at Provider (file:///workspaces/indigenous-rising-ai/node_modules/@radix-ui/react-context/dist/index.mjs:27:15)
    at file:///workspaces/indigenous-rising-ai/node_modules/@radix-ui/react-radio-group/dist/index.mjs:30:7
    at file:///workspaces/indigenous-rising-ai/node_modules/@radix-ui/react-slot/dist/index.mjs:33:13
    at file:///workspaces/indigenous-rising-ai/node_modules/@radix-ui/react-slot/dist/index.mjs:9:13
    at file:///workspaces/indigenous-rising-ai/node_modules/@radix-ui/react-primitive/dist/index.mjs:28:13
    at file:///workspaces/indigenous-rising-ai/node_modules/@radix-ui/react-slot/dist/index.mjs:33:13
    at file:///workspaces/indigenous-rising-ai/node_modules/@radix-ui/react-slot/dist/index.mjs:9:13
    at file:///workspaces/indigenous-rising-ai/node_modules/@radix-ui/react-collection/dist/index.mjs:39:15
    at file:///workspaces/indigenous-rising-ai/node_modules/@radix-ui/react-roving-focus/dist/index.mjs:124:7
    at file:///workspaces/indigenous-rising-ai/node_modules/@radix-ui/react-radio-group/dist/index.mjs:228:13
    at /workspaces/indigenous-rising-ai/src/components/ui/radio-group.tsx:25:74
    at div
    at div
    at file:///workspaces/indigenous-rising-ai/node_modules/@radix-ui/react-primitive/dist/index.mjs:28:13
    at file:///workspaces/indigenous-rising-ai/node_modules/@radix-ui/react-slot/dist/index.mjs:33:13
    at file:///workspaces/indigenous-rising-ai/node_modules/@radix-ui/react-slot/dist/index.mjs:9:13
    at file:///workspaces/indigenous-rising-ai/node_modules/@radix-ui/react-primitive/dist/index.mjs:28:13
    at Provider (file:///workspaces/indigenous-rising-ai/node_modules/@radix-ui/react-context/dist/index.mjs:27:15)
    at file:///workspaces/indigenous-rising-ai/node_modules/@radix-ui/react-roving-focus/dist/index.mjs:32:5
    at file:///workspaces/indigenous-rising-ai/node_modules/@radix-ui/react-slot/dist/index.mjs:33:13
    at file:///workspaces/indigenous-rising-ai/node_modules/@radix-ui/react-slot/dist/index.mjs:9:13
    at file:///workspaces/indigenous-rising-ai/node_modules/@radix-ui/react-collection/dist/index.mjs:27:15
    at Provider (file:///workspaces/indigenous-rising-ai/node_modules/@radix-ui/react-context/dist/index.mjs:27:15)
    at CollectionProvider (file:///workspaces/indigenous-rising-ai/node_modules/@radix-ui/react-collection/dist/index.mjs:17:13)
    at file:///workspaces/indigenous-rising-ai/node_modules/@radix-ui/react-roving-focus/dist/index.mjs:26:68
    at Provider (file:///workspaces/indigenous-rising-ai/node_modules/@radix-ui/react-context/dist/index.mjs:27:15)
    at file:///workspaces/indigenous-rising-ai/node_modules/@radix-ui/react-radio-group/dist/index.mjs:169:7
    at /workspaces/indigenous-rising-ai/src/components/ui/radio-group.tsx:13:70
    at div
    at form
    at div
    at div
    at /workspaces/indigenous-rising-ai/src/components/ui/card.tsx:13:64
    at DataRequestForm (/workspaces/indigenous-rising-ai/src/components/DataRequestForm.tsx:37:77)
    at Router (/workspaces/indigenous-rising-ai/node_modules/react-router/dist/umd/react-router.development.js:1207:17)
    at BrowserRouter (/workspaces/indigenous-rising-ai/node_modules/react-router-dom/dist/umd/react-router-dom.development.js:695:7)

Consider adding an error boundary to your tree to customize error handling behavior.
Visit https://reactjs.org/link/error-boundaries to learn more about error boundaries.

 [31m×[39m src/components/DataRequestForm.test.tsx[2m > [22mDataRequestForm[2m > [22mallows selecting different request types[32m 99[2mms[22m[39m
[31m   → ResizeObserver is not defined[39m
 [31m×[39m src/components/DataRequestForm.test.tsx[2m > [22mDataRequestForm[2m > [22mhandles file upload with validation[32m 84[2mms[22m[39m
[31m   → ResizeObserver is not defined[39m
 [31m×[39m src/components/DataRequestForm.test.tsx[2m > [22mDataRequestForm[2m > [22mrejects files larger than 5MB[32m 5[2mms[22m[39m
[31m   → [vitest] No "toast" export is defined on the "@/hooks/use-toast" mock. Did you forget to return it from "vi.mock"?
If you need to partially mock a module, you can use "importOriginal" helper inside:
[39m
ReferenceError: ResizeObserver is not defined
    at file:///workspaces/indigenous-rising-ai/node_modules/@radix-ui/react-use-size/dist/index.mjs:9:30
    at commitHookEffectListMount (/workspaces/indigenous-rising-ai/node_modules/react-dom/cjs/react-dom.development.js:23189:26)
    at commitLayoutEffectOnFiber (/workspaces/indigenous-rising-ai/node_modules/react-dom/cjs/react-dom.development.js:23312:15)
    at commitLayoutMountEffects_complete (/workspaces/indigenous-rising-ai/node_modules/react-dom/cjs/react-dom.development.js:24727:9)
    at commitLayoutEffects_begin (/workspaces/indigenous-rising-ai/node_modules/react-dom/cjs/react-dom.development.js:24713:7)
    at commitLayoutEffects (/workspaces/indigenous-rising-ai/node_modules/react-dom/cjs/react-dom.development.js:24651:3)
    at commitRootImpl (/workspaces/indigenous-rising-ai/node_modules/react-dom/cjs/react-dom.development.js:26862:5)
    at commitRoot (/workspaces/indigenous-rising-ai/node_modules/react-dom/cjs/react-dom.development.js:26721:5)
    at performSyncWorkOnRoot (/workspaces/indigenous-rising-ai/node_modules/react-dom/cjs/react-dom.development.js:26156:3)
    at flushSyncCallbacks (/workspaces/indigenous-rising-ai/node_modules/react-dom/cjs/react-dom.development.js:12042:22)
ReferenceError: ResizeObserver is not defined
    at file:///workspaces/indigenous-rising-ai/node_modules/@radix-ui/react-use-size/dist/index.mjs:9:30
    at commitHookEffectListMount (/workspaces/indigenous-rising-ai/node_modules/react-dom/cjs/react-dom.development.js:23189:26)
    at commitLayoutEffectOnFiber (/workspaces/indigenous-rising-ai/node_modules/react-dom/cjs/react-dom.development.js:23312:15)
    at commitLayoutMountEffects_complete (/workspaces/indigenous-rising-ai/node_modules/react-dom/cjs/react-dom.development.js:24727:9)
    at commitLayoutEffects_begin (/workspaces/indigenous-rising-ai/node_modules/react-dom/cjs/react-dom.development.js:24713:7)
    at commitLayoutEffects (/workspaces/indigenous-rising-ai/node_modules/react-dom/cjs/react-dom.development.js:24651:3)
    at commitRootImpl (/workspaces/indigenous-rising-ai/node_modules/react-dom/cjs/react-dom.development.js:26862:5)
    at commitRoot (/workspaces/indigenous-rising-ai/node_modules/react-dom/cjs/react-dom.development.js:26721:5)
    at performSyncWorkOnRoot (/workspaces/indigenous-rising-ai/node_modules/react-dom/cjs/react-dom.development.js:26156:3)
    at flushSyncCallbacks (/workspaces/indigenous-rising-ai/node_modules/react-dom/cjs/react-dom.development.js:12042:22)
ReferenceError: ResizeObserver is not defined
    at file:///workspaces/indigenous-rising-ai/node_modules/@radix-ui/react-use-size/dist/index.mjs:9:30
    at commitHookEffectListMount (/workspaces/indigenous-rising-ai/node_modules/react-dom/cjs/react-dom.development.js:23189:26)
    at commitLayoutEffectOnFiber (/workspaces/indigenous-rising-ai/node_modules/react-dom/cjs/react-dom.development.js:23312:15)
    at commitLayoutMountEffects_complete (/workspaces/indigenous-rising-ai/node_modules/react-dom/cjs/react-dom.development.js:24727:9)
    at commitLayoutEffects_begin (/workspaces/indigenous-rising-ai/node_modules/react-dom/cjs/react-dom.development.js:24713:7)
    at commitLayoutEffects (/workspaces/indigenous-rising-ai/node_modules/react-dom/cjs/react-dom.development.js:24651:3)
    at commitRootImpl (/workspaces/indigenous-rising-ai/node_modules/react-dom/cjs/react-dom.development.js:26862:5)
    at commitRoot (/workspaces/indigenous-rising-ai/node_modules/react-dom/cjs/react-dom.development.js:26721:5)
    at performSyncWorkOnRoot (/workspaces/indigenous-rising-ai/node_modules/react-dom/cjs/react-dom.development.js:26156:3)
    at flushSyncCallbacks (/workspaces/indigenous-rising-ai/node_modules/react-dom/cjs/react-dom.development.js:12042:22)
ReferenceError: ResizeObserver is not defined
    at file:///workspaces/indigenous-rising-ai/node_modules/@radix-ui/react-use-size/dist/index.mjs:9:30
    at commitHookEffectListMount (/workspaces/indigenous-rising-ai/node_modules/react-dom/cjs/react-dom.development.js:23189:26)
    at commitLayoutEffectOnFiber (/workspaces/indigenous-rising-ai/node_modules/react-dom/cjs/react-dom.development.js:23312:15)
    at commitLayoutMountEffects_complete (/workspaces/indigenous-rising-ai/node_modules/react-dom/cjs/react-dom.development.js:24727:9)
    at commitLayoutEffects_begin (/workspaces/indigenous-rising-ai/node_modules/react-dom/cjs/react-dom.development.js:24713:7)
    at commitLayoutEffects (/workspaces/indigenous-rising-ai/node_modules/react-dom/cjs/react-dom.development.js:24651:3)
    at commitRootImpl (/workspaces/indigenous-rising-ai/node_modules/react-dom/cjs/react-dom.development.js:26862:5)
    at commitRoot (/workspaces/indigenous-rising-ai/node_modules/react-dom/cjs/react-dom.development.js:26721:5)
    at performSyncWorkOnRoot (/workspaces/indigenous-rising-ai/node_modules/react-dom/cjs/react-dom.development.js:26156:3)
    at flushSyncCallbacks (/workspaces/indigenous-rising-ai/node_modules/react-dom/cjs/react-dom.development.js:12042:22)
ReferenceError: ResizeObserver is not defined
    at file:///workspaces/indigenous-rising-ai/node_modules/@radix-ui/react-use-size/dist/index.mjs:9:30
    at commitHookEffectListMount (/workspaces/indigenous-rising-ai/node_modules/react-dom/cjs/react-dom.development.js:23189:26)
    at commitLayoutEffectOnFiber (/workspaces/indigenous-rising-ai/node_modules/react-dom/cjs/react-dom.development.js:23312:15)
    at commitLayoutMountEffects_complete (/workspaces/indigenous-rising-ai/node_modules/react-dom/cjs/react-dom.development.js:24727:9)
    at commitLayoutEffects_begin (/workspaces/indigenous-rising-ai/node_modules/react-dom/cjs/react-dom.development.js:24713:7)
    at commitLayoutEffects (/workspaces/indigenous-rising-ai/node_modules/react-dom/cjs/react-dom.development.js:24651:3)
    at commitRootImpl (/workspaces/indigenous-rising-ai/node_modules/react-dom/cjs/react-dom.development.js:26862:5)
    at commitRoot (/workspaces/indigenous-rising-ai/node_modules/react-dom/cjs/react-dom.development.js:26721:5)
    at performSyncWorkOnRoot (/workspaces/indigenous-rising-ai/node_modules/react-dom/cjs/react-dom.development.js:26156:3)
    at flushSyncCallbacks (/workspaces/indigenous-rising-ai/node_modules/react-dom/cjs/react-dom.development.js:12042:22)
[90mstderr[2m | src/components/DataRequestForm.test.tsx[2m > [22m[2mDataRequestForm[2m > [22m[2msubmits form with valid data
[22m[39mThe above error occurred in the <RadioBubbleInput> component:

    at file:///workspaces/indigenous-rising-ai/node_modules/@radix-ui/react-radio-group/dist/index.mjs:104:5
    at Provider (file:///workspaces/indigenous-rising-ai/node_modules/@radix-ui/react-context/dist/index.mjs:27:15)
    at file:///workspaces/indigenous-rising-ai/node_modules/@radix-ui/react-radio-group/dist/index.mjs:30:7
    at file:///workspaces/indigenous-rising-ai/node_modules/@radix-ui/react-slot/dist/index.mjs:33:13
    at file:///workspaces/indigenous-rising-ai/node_modules/@radix-ui/react-slot/dist/index.mjs:9:13
    at file:///workspaces/indigenous-rising-ai/node_modules/@radix-ui/react-primitive/dist/index.mjs:28:13
    at file:///workspaces/indigenous-rising-ai/node_modules/@radix-ui/react-slot/dist/index.mjs:33:13
    at file:///workspaces/indigenous-rising-ai/node_modules/@radix-ui/react-slot/dist/index.mjs:9:13
    at file:///workspaces/indigenous-rising-ai/node_modules/@radix-ui/react-collection/dist/index.mjs:39:15
    at file:///workspaces/indigenous-rising-ai/node_modules/@radix-ui/react-roving-focus/dist/index.mjs:124:7
    at file:///workspaces/indigenous-rising-ai/node_modules/@radix-ui/react-radio-group/dist/index.mjs:228:13
    at /workspaces/indigenous-rising-ai/src/components/ui/radio-group.tsx:25:74
    at div
    at div
    at file:///workspaces/indigenous-rising-ai/node_modules/@radix-ui/react-primitive/dist/index.mjs:28:13
    at file:///workspaces/indigenous-rising-ai/node_modules/@radix-ui/react-slot/dist/index.mjs:33:13
    at file:///workspaces/indigenous-rising-ai/node_modules/@radix-ui/react-slot/dist/index.mjs:9:13
    at file:///workspaces/indigenous-rising-ai/node_modules/@radix-ui/react-primitive/dist/index.mjs:28:13
    at Provider (file:///workspaces/indigenous-rising-ai/node_modules/@radix-ui/react-context/dist/index.mjs:27:15)
    at file:///workspaces/indigenous-rising-ai/node_modules/@radix-ui/react-roving-focus/dist/index.mjs:32:5
    at file:///workspaces/indigenous-rising-ai/node_modules/@radix-ui/react-slot/dist/index.mjs:33:13
    at file:///workspaces/indigenous-rising-ai/node_modules/@radix-ui/react-slot/dist/index.mjs:9:13
    at file:///workspaces/indigenous-rising-ai/node_modules/@radix-ui/react-collection/dist/index.mjs:27:15
    at Provider (file:///workspaces/indigenous-rising-ai/node_modules/@radix-ui/react-context/dist/index.mjs:27:15)
    at CollectionProvider (file:///workspaces/indigenous-rising-ai/node_modules/@radix-ui/react-collection/dist/index.mjs:17:13)
    at file:///workspaces/indigenous-rising-ai/node_modules/@radix-ui/react-roving-focus/dist/index.mjs:26:68
    at Provider (file:///workspaces/indigenous-rising-ai/node_modules/@radix-ui/react-context/dist/index.mjs:27:15)
    at file:///workspaces/indigenous-rising-ai/node_modules/@radix-ui/react-radio-group/dist/index.mjs:169:7
    at /workspaces/indigenous-rising-ai/src/components/ui/radio-group.tsx:13:70
    at div
    at form
    at div
    at div
    at /workspaces/indigenous-rising-ai/src/components/ui/card.tsx:13:64
    at DataRequestForm (/workspaces/indigenous-rising-ai/src/components/DataRequestForm.tsx:37:77)
    at Router (/workspaces/indigenous-rising-ai/node_modules/react-router/dist/umd/react-router.development.js:1207:17)
    at BrowserRouter (/workspaces/indigenous-rising-ai/node_modules/react-router-dom/dist/umd/react-router-dom.development.js:695:7)

Consider adding an error boundary to your tree to customize error handling behavior.
Visit https://reactjs.org/link/error-boundaries to learn more about error boundaries.
The above error occurred in the <RadioBubbleInput> component:

    at file:///workspaces/indigenous-rising-ai/node_modules/@radix-ui/react-radio-group/dist/index.mjs:104:5
    at Provider (file:///workspaces/indigenous-rising-ai/node_modules/@radix-ui/react-context/dist/index.mjs:27:15)
    at file:///workspaces/indigenous-rising-ai/node_modules/@radix-ui/react-radio-group/dist/index.mjs:30:7
    at file:///workspaces/indigenous-rising-ai/node_modules/@radix-ui/react-slot/dist/index.mjs:33:13
    at file:///workspaces/indigenous-rising-ai/node_modules/@radix-ui/react-slot/dist/index.mjs:9:13
    at file:///workspaces/indigenous-rising-ai/node_modules/@radix-ui/react-primitive/dist/index.mjs:28:13
    at file:///workspaces/indigenous-rising-ai/node_modules/@radix-ui/react-slot/dist/index.mjs:33:13
    at file:///workspaces/indigenous-rising-ai/node_modules/@radix-ui/react-slot/dist/index.mjs:9:13
    at file:///workspaces/indigenous-rising-ai/node_modules/@radix-ui/react-collection/dist/index.mjs:39:15
    at file:///workspaces/indigenous-rising-ai/node_modules/@radix-ui/react-roving-focus/dist/index.mjs:124:7
    at file:///workspaces/indigenous-rising-ai/node_modules/@radix-ui/react-radio-group/dist/index.mjs:228:13
    at /workspaces/indigenous-rising-ai/src/components/ui/radio-group.tsx:25:74
    at div
    at div
    at file:///workspaces/indigenous-rising-ai/node_modules/@radix-ui/react-primitive/dist/index.mjs:28:13
    at file:///workspaces/indigenous-rising-ai/node_modules/@radix-ui/react-slot/dist/index.mjs:33:13
    at file:///workspaces/indigenous-rising-ai/node_modules/@radix-ui/react-slot/dist/index.mjs:9:13
    at file:///workspaces/indigenous-rising-ai/node_modules/@radix-ui/react-primitive/dist/index.mjs:28:13
    at Provider (file:///workspaces/indigenous-rising-ai/node_modules/@radix-ui/react-context/dist/index.mjs:27:15)
    at file:///workspaces/indigenous-rising-ai/node_modules/@radix-ui/react-roving-focus/dist/index.mjs:32:5
    at file:///workspaces/indigenous-rising-ai/node_modules/@radix-ui/react-slot/dist/index.mjs:33:13
    at file:///workspaces/indigenous-rising-ai/node_modules/@radix-ui/react-slot/dist/index.mjs:9:13
    at file:///workspaces/indigenous-rising-ai/node_modules/@radix-ui/react-collection/dist/index.mjs:27:15
    at Provider (file:///workspaces/indigenous-rising-ai/node_modules/@radix-ui/react-context/dist/index.mjs:27:15)
    at CollectionProvider (file:///workspaces/indigenous-rising-ai/node_modules/@radix-ui/react-collection/dist/index.mjs:17:13)
    at file:///workspaces/indigenous-rising-ai/node_modules/@radix-ui/react-roving-focus/dist/index.mjs:26:68
    at Provider (file:///workspaces/indigenous-rising-ai/node_modules/@radix-ui/react-context/dist/index.mjs:27:15)
    at file:///workspaces/indigenous-rising-ai/node_modules/@radix-ui/react-radio-group/dist/index.mjs:169:7
    at /workspaces/indigenous-rising-ai/src/components/ui/radio-group.tsx:13:70
    at div
    at form
    at div
    at div
    at /workspaces/indigenous-rising-ai/src/components/ui/card.tsx:13:64
    at DataRequestForm (/workspaces/indigenous-rising-ai/src/components/DataRequestForm.tsx:37:77)
    at Router (/workspaces/indigenous-rising-ai/node_modules/react-router/dist/umd/react-router.development.js:1207:17)
    at BrowserRouter (/workspaces/indigenous-rising-ai/node_modules/react-router-dom/dist/umd/react-router-dom.development.js:695:7)

Consider adding an error boundary to your tree to customize error handling behavior.
Visit https://reactjs.org/link/error-boundaries to learn more about error boundaries.
The above error occurred in the <RadioBubbleInput> component:

    at file:///workspaces/indigenous-rising-ai/node_modules/@radix-ui/react-radio-group/dist/index.mjs:104:5
    at Provider (file:///workspaces/indigenous-rising-ai/node_modules/@radix-ui/react-context/dist/index.mjs:27:15)
    at file:///workspaces/indigenous-rising-ai/node_modules/@radix-ui/react-radio-group/dist/index.mjs:30:7
    at file:///workspaces/indigenous-rising-ai/node_modules/@radix-ui/react-slot/dist/index.mjs:33:13
    at file:///workspaces/indigenous-rising-ai/node_modules/@radix-ui/react-slot/dist/index.mjs:9:13
    at file:///workspaces/indigenous-rising-ai/node_modules/@radix-ui/react-primitive/dist/index.mjs:28:13
    at file:///workspaces/indigenous-rising-ai/node_modules/@radix-ui/react-slot/dist/index.mjs:33:13
    at file:///workspaces/indigenous-rising-ai/node_modules/@radix-ui/react-slot/dist/index.mjs:9:13
    at file:///workspaces/indigenous-rising-ai/node_modules/@radix-ui/react-collection/dist/index.mjs:39:15
    at file:///workspaces/indigenous-rising-ai/node_modules/@radix-ui/react-roving-focus/dist/index.mjs:124:7
    at file:///workspaces/indigenous-rising-ai/node_modules/@radix-ui/react-radio-group/dist/index.mjs:228:13
    at /workspaces/indigenous-rising-ai/src/components/ui/radio-group.tsx:25:74
    at div
    at div
    at file:///workspaces/indigenous-rising-ai/node_modules/@radix-ui/react-primitive/dist/index.mjs:28:13
    at file:///workspaces/indigenous-rising-ai/node_modules/@radix-ui/react-slot/dist/index.mjs:33:13
    at file:///workspaces/indigenous-rising-ai/node_modules/@radix-ui/react-slot/dist/index.mjs:9:13
    at file:///workspaces/indigenous-rising-ai/node_modules/@radix-ui/react-primitive/dist/index.mjs:28:13
    at Provider (file:///workspaces/indigenous-rising-ai/node_modules/@radix-ui/react-context/dist/index.mjs:27:15)
    at file:///workspaces/indigenous-rising-ai/node_modules/@radix-ui/react-roving-focus/dist/index.mjs:32:5
    at file:///workspaces/indigenous-rising-ai/node_modules/@radix-ui/react-slot/dist/index.mjs:33:13
    at file:///workspaces/indigenous-rising-ai/node_modules/@radix-ui/react-slot/dist/index.mjs:9:13
    at file:///workspaces/indigenous-rising-ai/node_modules/@radix-ui/react-collection/dist/index.mjs:27:15
    at Provider (file:///workspaces/indigenous-rising-ai/node_modules/@radix-ui/react-context/dist/index.mjs:27:15)
    at CollectionProvider (file:///workspaces/indigenous-rising-ai/node_modules/@radix-ui/react-collection/dist/index.mjs:17:13)
    at file:///workspaces/indigenous-rising-ai/node_modules/@radix-ui/react-roving-focus/dist/index.mjs:26:68
    at Provider (file:///workspaces/indigenous-rising-ai/node_modules/@radix-ui/react-context/dist/index.mjs:27:15)
    at file:///workspaces/indigenous-rising-ai/node_modules/@radix-ui/react-radio-group/dist/index.mjs:169:7
    at /workspaces/indigenous-rising-ai/src/components/ui/radio-group.tsx:13:70
    at div
    at form
    at div
    at div
    at /workspaces/indigenous-rising-ai/src/components/ui/card.tsx:13:64
    at DataRequestForm (/workspaces/indigenous-rising-ai/src/components/DataRequestForm.tsx:37:77)
    at Router (/workspaces/indigenous-rising-ai/node_modules/react-router/dist/umd/react-router.development.js:1207:17)
    at BrowserRouter (/workspaces/indigenous-rising-ai/node_modules/react-router-dom/dist/umd/react-router-dom.development.js:695:7)

Consider adding an error boundary to your tree to customize error handling behavior.
Visit https://reactjs.org/link/error-boundaries to learn more about error boundaries.
The above error occurred in the <RadioBubbleInput> component:

    at file:///workspaces/indigenous-rising-ai/node_modules/@radix-ui/react-radio-group/dist/index.mjs:104:5
    at Provider (file:///workspaces/indigenous-rising-ai/node_modules/@radix-ui/react-context/dist/index.mjs:27:15)
    at file:///workspaces/indigenous-rising-ai/node_modules/@radix-ui/react-radio-group/dist/index.mjs:30:7
    at file:///workspaces/indigenous-rising-ai/node_modules/@radix-ui/react-slot/dist/index.mjs:33:13
    at file:///workspaces/indigenous-rising-ai/node_modules/@radix-ui/react-slot/dist/index.mjs:9:13
    at file:///workspaces/indigenous-rising-ai/node_modules/@radix-ui/react-primitive/dist/index.mjs:28:13
    at file:///workspaces/indigenous-rising-ai/node_modules/@radix-ui/react-slot/dist/index.mjs:33:13
    at file:///workspaces/indigenous-rising-ai/node_modules/@radix-ui/react-slot/dist/index.mjs:9:13
    at file:///workspaces/indigenous-rising-ai/node_modules/@radix-ui/react-collection/dist/index.mjs:39:15
    at file:///workspaces/indigenous-rising-ai/node_modules/@radix-ui/react-roving-focus/dist/index.mjs:124:7
    at file:///workspaces/indigenous-rising-ai/node_modules/@radix-ui/react-radio-group/dist/index.mjs:228:13
    at /workspaces/indigenous-rising-ai/src/components/ui/radio-group.tsx:25:74
    at div
    at div
    at file:///workspaces/indigenous-rising-ai/node_modules/@radix-ui/react-primitive/dist/index.mjs:28:13
    at file:///workspaces/indigenous-rising-ai/node_modules/@radix-ui/react-slot/dist/index.mjs:33:13
    at file:///workspaces/indigenous-rising-ai/node_modules/@radix-ui/react-slot/dist/index.mjs:9:13
    at file:///workspaces/indigenous-rising-ai/node_modules/@radix-ui/react-primitive/dist/index.mjs:28:13
    at Provider (file:///workspaces/indigenous-rising-ai/node_modules/@radix-ui/react-context/dist/index.mjs:27:15)
    at file:///workspaces/indigenous-rising-ai/node_modules/@radix-ui/react-roving-focus/dist/index.mjs:32:5
    at file:///workspaces/indigenous-rising-ai/node_modules/@radix-ui/react-slot/dist/index.mjs:33:13
    at file:///workspaces/indigenous-rising-ai/node_modules/@radix-ui/react-slot/dist/index.mjs:9:13
    at file:///workspaces/indigenous-rising-ai/node_modules/@radix-ui/react-collection/dist/index.mjs:27:15
    at Provider (file:///workspaces/indigenous-rising-ai/node_modules/@radix-ui/react-context/dist/index.mjs:27:15)
    at CollectionProvider (file:///workspaces/indigenous-rising-ai/node_modules/@radix-ui/react-collection/dist/index.mjs:17:13)
    at file:///workspaces/indigenous-rising-ai/node_modules/@radix-ui/react-roving-focus/dist/index.mjs:26:68
    at Provider (file:///workspaces/indigenous-rising-ai/node_modules/@radix-ui/react-context/dist/index.mjs:27:15)
    at file:///workspaces/indigenous-rising-ai/node_modules/@radix-ui/react-radio-group/dist/index.mjs:169:7
    at /workspaces/indigenous-rising-ai/src/components/ui/radio-group.tsx:13:70
    at div
    at form
    at div
    at div
    at /workspaces/indigenous-rising-ai/src/components/ui/card.tsx:13:64
    at DataRequestForm (/workspaces/indigenous-rising-ai/src/components/DataRequestForm.tsx:37:77)
    at Router (/workspaces/indigenous-rising-ai/node_modules/react-router/dist/umd/react-router.development.js:1207:17)
    at BrowserRouter (/workspaces/indigenous-rising-ai/node_modules/react-router-dom/dist/umd/react-router-dom.development.js:695:7)

Consider adding an error boundary to your tree to customize error handling behavior.
Visit https://reactjs.org/link/error-boundaries to learn more about error boundaries.
The above error occurred in the <RadioBubbleInput> component:

    at file:///workspaces/indigenous-rising-ai/node_modules/@radix-ui/react-radio-group/dist/index.mjs:104:5
    at Provider (file:///workspaces/indigenous-rising-ai/node_modules/@radix-ui/react-context/dist/index.mjs:27:15)
    at file:///workspaces/indigenous-rising-ai/node_modules/@radix-ui/react-radio-group/dist/index.mjs:30:7
    at file:///workspaces/indigenous-rising-ai/node_modules/@radix-ui/react-slot/dist/index.mjs:33:13
    at file:///workspaces/indigenous-rising-ai/node_modules/@radix-ui/react-slot/dist/index.mjs:9:13
    at file:///workspaces/indigenous-rising-ai/node_modules/@radix-ui/react-primitive/dist/index.mjs:28:13
    at file:///workspaces/indigenous-rising-ai/node_modules/@radix-ui/react-slot/dist/index.mjs:33:13
    at file:///workspaces/indigenous-rising-ai/node_modules/@radix-ui/react-slot/dist/index.mjs:9:13
    at file:///workspaces/indigenous-rising-ai/node_modules/@radix-ui/react-collection/dist/index.mjs:39:15
    at file:///workspaces/indigenous-rising-ai/node_modules/@radix-ui/react-roving-focus/dist/index.mjs:124:7
    at file:///workspaces/indigenous-rising-ai/node_modules/@radix-ui/react-radio-group/dist/index.mjs:228:13
    at /workspaces/indigenous-rising-ai/src/components/ui/radio-group.tsx:25:74
    at div
    at div
    at file:///workspaces/indigenous-rising-ai/node_modules/@radix-ui/react-primitive/dist/index.mjs:28:13
    at file:///workspaces/indigenous-rising-ai/node_modules/@radix-ui/react-slot/dist/index.mjs:33:13
    at file:///workspaces/indigenous-rising-ai/node_modules/@radix-ui/react-slot/dist/index.mjs:9:13
    at file:///workspaces/indigenous-rising-ai/node_modules/@radix-ui/react-primitive/dist/index.mjs:28:13
    at Provider (file:///workspaces/indigenous-rising-ai/node_modules/@radix-ui/react-context/dist/index.mjs:27:15)
    at file:///workspaces/indigenous-rising-ai/node_modules/@radix-ui/react-roving-focus/dist/index.mjs:32:5
    at file:///workspaces/indigenous-rising-ai/node_modules/@radix-ui/react-slot/dist/index.mjs:33:13
    at file:///workspaces/indigenous-rising-ai/node_modules/@radix-ui/react-slot/dist/index.mjs:9:13
    at file:///workspaces/indigenous-rising-ai/node_modules/@radix-ui/react-collection/dist/index.mjs:27:15
    at Provider (file:///workspaces/indigenous-rising-ai/node_modules/@radix-ui/react-context/dist/index.mjs:27:15)
    at CollectionProvider (file:///workspaces/indigenous-rising-ai/node_modules/@radix-ui/react-collection/dist/index.mjs:17:13)
    at file:///workspaces/indigenous-rising-ai/node_modules/@radix-ui/react-roving-focus/dist/index.mjs:26:68
    at Provider (file:///workspaces/indigenous-rising-ai/node_modules/@radix-ui/react-context/dist/index.mjs:27:15)
    at file:///workspaces/indigenous-rising-ai/node_modules/@radix-ui/react-radio-group/dist/index.mjs:169:7
    at /workspaces/indigenous-rising-ai/src/components/ui/radio-group.tsx:13:70
    at div
    at form
    at div
    at div
    at /workspaces/indigenous-rising-ai/src/components/ui/card.tsx:13:64
    at DataRequestForm (/workspaces/indigenous-rising-ai/src/components/DataRequestForm.tsx:37:77)
    at Router (/workspaces/indigenous-rising-ai/node_modules/react-router/dist/umd/react-router.development.js:1207:17)
    at BrowserRouter (/workspaces/indigenous-rising-ai/node_modules/react-router-dom/dist/umd/react-router-dom.development.js:695:7)

Consider adding an error boundary to your tree to customize error handling behavior.
Visit https://reactjs.org/link/error-boundaries to learn more about error boundaries.

ReferenceError: ResizeObserver is not defined
    at file:///workspaces/indigenous-rising-ai/node_modules/@radix-ui/react-use-size/dist/index.mjs:9:30
    at commitHookEffectListMount (/workspaces/indigenous-rising-ai/node_modules/react-dom/cjs/react-dom.development.js:23189:26)
    at commitLayoutEffectOnFiber (/workspaces/indigenous-rising-ai/node_modules/react-dom/cjs/react-dom.development.js:23312:15)
    at commitLayoutMountEffects_complete (/workspaces/indigenous-rising-ai/node_modules/react-dom/cjs/react-dom.development.js:24727:9)
    at commitLayoutEffects_begin (/workspaces/indigenous-rising-ai/node_modules/react-dom/cjs/react-dom.development.js:24713:7)
    at commitLayoutEffects (/workspaces/indigenous-rising-ai/node_modules/react-dom/cjs/react-dom.development.js:24651:3)
    at commitRootImpl (/workspaces/indigenous-rising-ai/node_modules/react-dom/cjs/react-dom.development.js:26862:5)
    at commitRoot (/workspaces/indigenous-rising-ai/node_modules/react-dom/cjs/react-dom.development.js:26721:5)
    at performSyncWorkOnRoot (/workspaces/indigenous-rising-ai/node_modules/react-dom/cjs/react-dom.development.js:26156:3)
    at flushSyncCallbacks (/workspaces/indigenous-rising-ai/node_modules/react-dom/cjs/react-dom.development.js:12042:22)
ReferenceError: ResizeObserver is not defined
    at file:///workspaces/indigenous-rising-ai/node_modules/@radix-ui/react-use-size/dist/index.mjs:9:30
    at commitHookEffectListMount (/workspaces/indigenous-rising-ai/node_modules/react-dom/cjs/react-dom.development.js:23189:26)
    at commitLayoutEffectOnFiber (/workspaces/indigenous-rising-ai/node_modules/react-dom/cjs/react-dom.development.js:23312:15)
    at commitLayoutMountEffects_complete (/workspaces/indigenous-rising-ai/node_modules/react-dom/cjs/react-dom.development.js:24727:9)
    at commitLayoutEffects_begin (/workspaces/indigenous-rising-ai/node_modules/react-dom/cjs/react-dom.development.js:24713:7)
    at commitLayoutEffects (/workspaces/indigenous-rising-ai/node_modules/react-dom/cjs/react-dom.development.js:24651:3)
    at commitRootImpl (/workspaces/indigenous-rising-ai/node_modules/react-dom/cjs/react-dom.development.js:26862:5)
    at commitRoot (/workspaces/indigenous-rising-ai/node_modules/react-dom/cjs/react-dom.development.js:26721:5)
    at performSyncWorkOnRoot (/workspaces/indigenous-rising-ai/node_modules/react-dom/cjs/react-dom.development.js:26156:3)
    at flushSyncCallbacks (/workspaces/indigenous-rising-ai/node_modules/react-dom/cjs/react-dom.development.js:12042:22)
ReferenceError: ResizeObserver is not defined
    at file:///workspaces/indigenous-rising-ai/node_modules/@radix-ui/react-use-size/dist/index.mjs:9:30
    at commitHookEffectListMount (/workspaces/indigenous-rising-ai/node_modules/react-dom/cjs/react-dom.development.js:23189:26)
    at commitLayoutEffectOnFiber (/workspaces/indigenous-rising-ai/node_modules/react-dom/cjs/react-dom.development.js:23312:15)
    at commitLayoutMountEffects_complete (/workspaces/indigenous-rising-ai/node_modules/react-dom/cjs/react-dom.development.js:24727:9)
    at commitLayoutEffects_begin (/workspaces/indigenous-rising-ai/node_modules/react-dom/cjs/react-dom.development.js:24713:7)
    at commitLayoutEffects (/workspaces/indigenous-rising-ai/node_modules/react-dom/cjs/react-dom.development.js:24651:3)
    at commitRootImpl (/workspaces/indigenous-rising-ai/node_modules/react-dom/cjs/react-dom.development.js:26862:5)
    at commitRoot (/workspaces/indigenous-rising-ai/node_modules/react-dom/cjs/react-dom.development.js:26721:5)
    at performSyncWorkOnRoot (/workspaces/indigenous-rising-ai/node_modules/react-dom/cjs/react-dom.development.js:26156:3)
    at flushSyncCallbacks (/workspaces/indigenous-rising-ai/node_modules/react-dom/cjs/react-dom.development.js:12042:22)
ReferenceError: ResizeObserver is not defined
    at file:///workspaces/indigenous-rising-ai/node_modules/@radix-ui/react-use-size/dist/index.mjs:9:30
    at commitHookEffectListMount (/workspaces/indigenous-rising-ai/node_modules/react-dom/cjs/react-dom.development.js:23189:26)
    at commitLayoutEffectOnFiber (/workspaces/indigenous-rising-ai/node_modules/react-dom/cjs/react-dom.development.js:23312:15)
    at commitLayoutMountEffects_complete (/workspaces/indigenous-rising-ai/node_modules/react-dom/cjs/react-dom.development.js:24727:9)
    at commitLayoutEffects_begin (/workspaces/indigenous-rising-ai/node_modules/react-dom/cjs/react-dom.development.js:24713:7)
    at commitLayoutEffects (/workspaces/indigenous-rising-ai/node_modules/react-dom/cjs/react-dom.development.js:24651:3)
    at commitRootImpl (/workspaces/indigenous-rising-ai/node_modules/react-dom/cjs/react-dom.development.js:26862:5)
    at commitRoot (/workspaces/indigenous-rising-ai/node_modules/react-dom/cjs/react-dom.development.js:26721:5)
    at performSyncWorkOnRoot (/workspaces/indigenous-rising-ai/node_modules/react-dom/cjs/react-dom.development.js:26156:3)
    at flushSyncCallbacks (/workspaces/indigenous-rising-ai/node_modules/react-dom/cjs/react-dom.development.js:12042:22)
ReferenceError: ResizeObserver is not defined
    at file:///workspaces/indigenous-rising-ai/node_modules/@radix-ui/react-use-size/dist/index.mjs:9:30
    at commitHookEffectListMount (/workspaces/indigenous-rising-ai/node_modules/react-dom/cjs/react-dom.development.js:23189:26)
    at commitLayoutEffectOnFiber (/workspaces/indigenous-rising-ai/node_modules/react-dom/cjs/react-dom.development.js:23312:15)
    at commitLayoutMountEffects_complete (/workspaces/indigenous-rising-ai/node_modules/react-dom/cjs/react-dom.development.js:24727:9)
    at commitLayoutEffects_begin (/workspaces/indigenous-rising-ai/node_modules/react-dom/cjs/react-dom.development.js:24713:7)
    at commitLayoutEffects (/workspaces/indigenous-rising-ai/node_modules/react-dom/cjs/react-dom.development.js:24651:3)
    at commitRootImpl (/workspaces/indigenous-rising-ai/node_modules/react-dom/cjs/react-dom.development.js:26862:5)
    at commitRoot (/workspaces/indigenous-rising-ai/node_modules/react-dom/cjs/react-dom.development.js:26721:5)
    at performSyncWorkOnRoot (/workspaces/indigenous-rising-ai/node_modules/react-dom/cjs/react-dom.development.js:26156:3)
    at flushSyncCallbacks (/workspaces/indigenous-rising-ai/node_modules/react-dom/cjs/react-dom.development.js:12042:22)
[90mstderr[2m | src/components/DataRequestForm.test.tsx[2m > [22m[2mDataRequestForm[2m > [22m[2mdisplays success screen with tracking number
[22m[39mThe above error occurred in the <RadioBubbleInput> component:

    at file:///workspaces/indigenous-rising-ai/node_modules/@radix-ui/react-radio-group/dist/index.mjs:104:5
    at Provider (file:///workspaces/indigenous-rising-ai/node_modules/@radix-ui/react-context/dist/index.mjs:27:15)
    at file:///workspaces/indigenous-rising-ai/node_modules/@radix-ui/react-radio-group/dist/index.mjs:30:7
    at file:///workspaces/indigenous-rising-ai/node_modules/@radix-ui/react-slot/dist/index.mjs:33:13
    at file:///workspaces/indigenous-rising-ai/node_modules/@radix-ui/react-slot/dist/index.mjs:9:13
    at file:///workspaces/indigenous-rising-ai/node_modules/@radix-ui/react-primitive/dist/index.mjs:28:13
    at file:///workspaces/indigenous-rising-ai/node_modules/@radix-ui/react-slot/dist/index.mjs:33:13
    at file:///workspaces/indigenous-rising-ai/node_modules/@radix-ui/react-slot/dist/index.mjs:9:13
    at file:///workspaces/indigenous-rising-ai/node_modules/@radix-ui/react-collection/dist/index.mjs:39:15
    at file:///workspaces/indigenous-rising-ai/node_modules/@radix-ui/react-roving-focus/dist/index.mjs:124:7
    at file:///workspaces/indigenous-rising-ai/node_modules/@radix-ui/react-radio-group/dist/index.mjs:228:13
    at /workspaces/indigenous-rising-ai/src/components/ui/radio-group.tsx:25:74
    at div
    at div
    at file:///workspaces/indigenous-rising-ai/node_modules/@radix-ui/react-primitive/dist/index.mjs:28:13
    at file:///workspaces/indigenous-rising-ai/node_modules/@radix-ui/react-slot/dist/index.mjs:33:13
    at file:///workspaces/indigenous-rising-ai/node_modules/@radix-ui/react-slot/dist/index.mjs:9:13
    at file:///workspaces/indigenous-rising-ai/node_modules/@radix-ui/react-primitive/dist/index.mjs:28:13
    at Provider (file:///workspaces/indigenous-rising-ai/node_modules/@radix-ui/react-context/dist/index.mjs:27:15)
    at file:///workspaces/indigenous-rising-ai/node_modules/@radix-ui/react-roving-focus/dist/index.mjs:32:5
    at file:///workspaces/indigenous-rising-ai/node_modules/@radix-ui/react-slot/dist/index.mjs:33:13
    at file:///workspaces/indigenous-rising-ai/node_modules/@radix-ui/react-slot/dist/index.mjs:9:13
    at file:///workspaces/indigenous-rising-ai/node_modules/@radix-ui/react-collection/dist/index.mjs:27:15
    at Provider (file:///workspaces/indigenous-rising-ai/node_modules/@radix-ui/react-context/dist/index.mjs:27:15)
    at CollectionProvider (file:///workspaces/indigenous-rising-ai/node_modules/@radix-ui/react-collection/dist/index.mjs:17:13)
    at file:///workspaces/indigenous-rising-ai/node_modules/@radix-ui/react-roving-focus/dist/index.mjs:26:68
    at Provider (file:///workspaces/indigenous-rising-ai/node_modules/@radix-ui/react-context/dist/index.mjs:27:15)
    at file:///workspaces/indigenous-rising-ai/node_modules/@radix-ui/react-radio-group/dist/index.mjs:169:7
    at /workspaces/indigenous-rising-ai/src/components/ui/radio-group.tsx:13:70
    at div
    at form
    at div
    at div
    at /workspaces/indigenous-rising-ai/src/components/ui/card.tsx:13:64
    at DataRequestForm (/workspaces/indigenous-rising-ai/src/components/DataRequestForm.tsx:37:77)
    at Router (/workspaces/indigenous-rising-ai/node_modules/react-router/dist/umd/react-router.development.js:1207:17)
    at BrowserRouter (/workspaces/indigenous-rising-ai/node_modules/react-router-dom/dist/umd/react-router-dom.development.js:695:7)

Consider adding an error boundary to your tree to customize error handling behavior.
Visit https://reactjs.org/link/error-boundaries to learn more about error boundaries.
The above error occurred in the <RadioBubbleInput> component:

    at file:///workspaces/indigenous-rising-ai/node_modules/@radix-ui/react-radio-group/dist/index.mjs:104:5
    at Provider (file:///workspaces/indigenous-rising-ai/node_modules/@radix-ui/react-context/dist/index.mjs:27:15)
    at file:///workspaces/indigenous-rising-ai/node_modules/@radix-ui/react-radio-group/dist/index.mjs:30:7
    at file:///workspaces/indigenous-rising-ai/node_modules/@radix-ui/react-slot/dist/index.mjs:33:13
    at file:///workspaces/indigenous-rising-ai/node_modules/@radix-ui/react-slot/dist/index.mjs:9:13
    at file:///workspaces/indigenous-rising-ai/node_modules/@radix-ui/react-primitive/dist/index.mjs:28:13
    at file:///workspaces/indigenous-rising-ai/node_modules/@radix-ui/react-slot/dist/index.mjs:33:13
    at file:///workspaces/indigenous-rising-ai/node_modules/@radix-ui/react-slot/dist/index.mjs:9:13
    at file:///workspaces/indigenous-rising-ai/node_modules/@radix-ui/react-collection/dist/index.mjs:39:15
    at file:///workspaces/indigenous-rising-ai/node_modules/@radix-ui/react-roving-focus/dist/index.mjs:124:7
    at file:///workspaces/indigenous-rising-ai/node_modules/@radix-ui/react-radio-group/dist/index.mjs:228:13
    at /workspaces/indigenous-rising-ai/src/components/ui/radio-group.tsx:25:74
    at div
    at div
    at file:///workspaces/indigenous-rising-ai/node_modules/@radix-ui/react-primitive/dist/index.mjs:28:13
    at file:///workspaces/indigenous-rising-ai/node_modules/@radix-ui/react-slot/dist/index.mjs:33:13
    at file:///workspaces/indigenous-rising-ai/node_modules/@radix-ui/react-slot/dist/index.mjs:9:13
    at file:///workspaces/indigenous-rising-ai/node_modules/@radix-ui/react-primitive/dist/index.mjs:28:13
    at Provider (file:///workspaces/indigenous-rising-ai/node_modules/@radix-ui/react-context/dist/index.mjs:27:15)
    at file:///workspaces/indigenous-rising-ai/node_modules/@radix-ui/react-roving-focus/dist/index.mjs:32:5
    at file:///workspaces/indigenous-rising-ai/node_modules/@radix-ui/react-slot/dist/index.mjs:33:13
    at file:///workspaces/indigenous-rising-ai/node_modules/@radix-ui/react-slot/dist/index.mjs:9:13
    at file:///workspaces/indigenous-rising-ai/node_modules/@radix-ui/react-collection/dist/index.mjs:27:15
    at Provider (file:///workspaces/indigenous-rising-ai/node_modules/@radix-ui/react-context/dist/index.mjs:27:15)
    at CollectionProvider (file:///workspaces/indigenous-rising-ai/node_modules/@radix-ui/react-collection/dist/index.mjs:17:13)
    at file:///workspaces/indigenous-rising-ai/node_modules/@radix-ui/react-roving-focus/dist/index.mjs:26:68
    at Provider (file:///workspaces/indigenous-rising-ai/node_modules/@radix-ui/react-context/dist/index.mjs:27:15)
    at file:///workspaces/indigenous-rising-ai/node_modules/@radix-ui/react-radio-group/dist/index.mjs:169:7
    at /workspaces/indigenous-rising-ai/src/components/ui/radio-group.tsx:13:70
    at div
    at form
    at div
    at div
    at /workspaces/indigenous-rising-ai/src/components/ui/card.tsx:13:64
    at DataRequestForm (/workspaces/indigenous-rising-ai/src/components/DataRequestForm.tsx:37:77)
    at Router (/workspaces/indigenous-rising-ai/node_modules/react-router/dist/umd/react-router.development.js:1207:17)
    at BrowserRouter (/workspaces/indigenous-rising-ai/node_modules/react-router-dom/dist/umd/react-router-dom.development.js:695:7)

Consider adding an error boundary to your tree to customize error handling behavior.
Visit https://reactjs.org/link/error-boundaries to learn more about error boundaries.
The above error occurred in the <RadioBubbleInput> component:

    at file:///workspaces/indigenous-rising-ai/node_modules/@radix-ui/react-radio-group/dist/index.mjs:104:5
    at Provider (file:///workspaces/indigenous-rising-ai/node_modules/@radix-ui/react-context/dist/index.mjs:27:15)
    at file:///workspaces/indigenous-rising-ai/node_modules/@radix-ui/react-radio-group/dist/index.mjs:30:7
    at file:///workspaces/indigenous-rising-ai/node_modules/@radix-ui/react-slot/dist/index.mjs:33:13
    at file:///workspaces/indigenous-rising-ai/node_modules/@radix-ui/react-slot/dist/index.mjs:9:13
    at file:///workspaces/indigenous-rising-ai/node_modules/@radix-ui/react-primitive/dist/index.mjs:28:13
    at file:///workspaces/indigenous-rising-ai/node_modules/@radix-ui/react-slot/dist/index.mjs:33:13
    at file:///workspaces/indigenous-rising-ai/node_modules/@radix-ui/react-slot/dist/index.mjs:9:13
    at file:///workspaces/indigenous-rising-ai/node_modules/@radix-ui/react-collection/dist/index.mjs:39:15
    at file:///workspaces/indigenous-rising-ai/node_modules/@radix-ui/react-roving-focus/dist/index.mjs:124:7
    at file:///workspaces/indigenous-rising-ai/node_modules/@radix-ui/react-radio-group/dist/index.mjs:228:13
    at /workspaces/indigenous-rising-ai/src/components/ui/radio-group.tsx:25:74
    at div
    at div
    at file:///workspaces/indigenous-rising-ai/node_modules/@radix-ui/react-primitive/dist/index.mjs:28:13
    at file:///workspaces/indigenous-rising-ai/node_modules/@radix-ui/react-slot/dist/index.mjs:33:13
    at file:///workspaces/indigenous-rising-ai/node_modules/@radix-ui/react-slot/dist/index.mjs:9:13
    at file:///workspaces/indigenous-rising-ai/node_modules/@radix-ui/react-primitive/dist/index.mjs:28:13
    at Provider (file:///workspaces/indigenous-rising-ai/node_modules/@radix-ui/react-context/dist/index.mjs:27:15)
    at file:///workspaces/indigenous-rising-ai/node_modules/@radix-ui/react-roving-focus/dist/index.mjs:32:5
    at file:///workspaces/indigenous-rising-ai/node_modules/@radix-ui/react-slot/dist/index.mjs:33:13
    at file:///workspaces/indigenous-rising-ai/node_modules/@radix-ui/react-slot/dist/index.mjs:9:13
    at file:///workspaces/indigenous-rising-ai/node_modules/@radix-ui/react-collection/dist/index.mjs:27:15
    at Provider (file:///workspaces/indigenous-rising-ai/node_modules/@radix-ui/react-context/dist/index.mjs:27:15)
    at CollectionProvider (file:///workspaces/indigenous-rising-ai/node_modules/@radix-ui/react-collection/dist/index.mjs:17:13)
    at file:///workspaces/indigenous-rising-ai/node_modules/@radix-ui/react-roving-focus/dist/index.mjs:26:68
    at Provider (file:///workspaces/indigenous-rising-ai/node_modules/@radix-ui/react-context/dist/index.mjs:27:15)
    at file:///workspaces/indigenous-rising-ai/node_modules/@radix-ui/react-radio-group/dist/index.mjs:169:7
    at /workspaces/indigenous-rising-ai/src/components/ui/radio-group.tsx:13:70
    at div
    at form
    at div
    at div
    at /workspaces/indigenous-rising-ai/src/components/ui/card.tsx:13:64
    at DataRequestForm (/workspaces/indigenous-rising-ai/src/components/DataRequestForm.tsx:37:77)
    at Router (/workspaces/indigenous-rising-ai/node_modules/react-router/dist/umd/react-router.development.js:1207:17)
    at BrowserRouter (/workspaces/indigenous-rising-ai/node_modules/react-router-dom/dist/umd/react-router-dom.development.js:695:7)

Consider adding an error boundary to your tree to customize error handling behavior.
Visit https://reactjs.org/link/error-boundaries to learn more about error boundaries.
The above error occurred in the <RadioBubbleInput> component:

    at file:///workspaces/indigenous-rising-ai/node_modules/@radix-ui/react-radio-group/dist/index.mjs:104:5
    at Provider (file:///workspaces/indigenous-rising-ai/node_modules/@radix-ui/react-context/dist/index.mjs:27:15)
    at file:///workspaces/indigenous-rising-ai/node_modules/@radix-ui/react-radio-group/dist/index.mjs:30:7
    at file:///workspaces/indigenous-rising-ai/node_modules/@radix-ui/react-slot/dist/index.mjs:33:13
    at file:///workspaces/indigenous-rising-ai/node_modules/@radix-ui/react-slot/dist/index.mjs:9:13
    at file:///workspaces/indigenous-rising-ai/node_modules/@radix-ui/react-primitive/dist/index.mjs:28:13
    at file:///workspaces/indigenous-rising-ai/node_modules/@radix-ui/react-slot/dist/index.mjs:33:13
    at file:///workspaces/indigenous-rising-ai/node_modules/@radix-ui/react-slot/dist/index.mjs:9:13
    at file:///workspaces/indigenous-rising-ai/node_modules/@radix-ui/react-collection/dist/index.mjs:39:15
    at file:///workspaces/indigenous-rising-ai/node_modules/@radix-ui/react-roving-focus/dist/index.mjs:124:7
    at file:///workspaces/indigenous-rising-ai/node_modules/@radix-ui/react-radio-group/dist/index.mjs:228:13
    at /workspaces/indigenous-rising-ai/src/components/ui/radio-group.tsx:25:74
    at div
    at div
    at file:///workspaces/indigenous-rising-ai/node_modules/@radix-ui/react-primitive/dist/index.mjs:28:13
    at file:///workspaces/indigenous-rising-ai/node_modules/@radix-ui/react-slot/dist/index.mjs:33:13
    at file:///workspaces/indigenous-rising-ai/node_modules/@radix-ui/react-slot/dist/index.mjs:9:13
    at file:///workspaces/indigenous-rising-ai/node_modules/@radix-ui/react-primitive/dist/index.mjs:28:13
    at Provider (file:///workspaces/indigenous-rising-ai/node_modules/@radix-ui/react-context/dist/index.mjs:27:15)
    at file:///workspaces/indigenous-rising-ai/node_modules/@radix-ui/react-roving-focus/dist/index.mjs:32:5
    at file:///workspaces/indigenous-rising-ai/node_modules/@radix-ui/react-slot/dist/index.mjs:33:13
    at file:///workspaces/indigenous-rising-ai/node_modules/@radix-ui/react-slot/dist/index.mjs:9:13
    at file:///workspaces/indigenous-rising-ai/node_modules/@radix-ui/react-collection/dist/index.mjs:27:15
    at Provider (file:///workspaces/indigenous-rising-ai/node_modules/@radix-ui/react-context/dist/index.mjs:27:15)
    at CollectionProvider (file:///workspaces/indigenous-rising-ai/node_modules/@radix-ui/react-collection/dist/index.mjs:17:13)
    at file:///workspaces/indigenous-rising-ai/node_modules/@radix-ui/react-roving-focus/dist/index.mjs:26:68
    at Provider (file:///workspaces/indigenous-rising-ai/node_modules/@radix-ui/react-context/dist/index.mjs:27:15)
    at file:///workspaces/indigenous-rising-ai/node_modules/@radix-ui/react-radio-group/dist/index.mjs:169:7
    at /workspaces/indigenous-rising-ai/src/components/ui/radio-group.tsx:13:70
    at div
    at form
    at div
    at div
    at /workspaces/indigenous-rising-ai/src/components/ui/card.tsx:13:64
    at DataRequestForm (/workspaces/indigenous-rising-ai/src/components/DataRequestForm.tsx:37:77)
    at Router (/workspaces/indigenous-rising-ai/node_modules/react-router/dist/umd/react-router.development.js:1207:17)
    at BrowserRouter (/workspaces/indigenous-rising-ai/node_modules/react-router-dom/dist/umd/react-router-dom.development.js:695:7)

Consider adding an error boundary to your tree to customize error handling behavior.
Visit https://reactjs.org/link/error-boundaries to learn more about error boundaries.
The above error occurred in the <RadioBubbleInput> component:

    at file:///workspaces/indigenous-rising-ai/node_modules/@radix-ui/react-radio-group/dist/index.mjs:104:5
    at Provider (file:///workspaces/indigenous-rising-ai/node_modules/@radix-ui/react-context/dist/index.mjs:27:15)
    at file:///workspaces/indigenous-rising-ai/node_modules/@radix-ui/react-radio-group/dist/index.mjs:30:7
    at file:///workspaces/indigenous-rising-ai/node_modules/@radix-ui/react-slot/dist/index.mjs:33:13
    at file:///workspaces/indigenous-rising-ai/node_modules/@radix-ui/react-slot/dist/index.mjs:9:13
    at file:///workspaces/indigenous-rising-ai/node_modules/@radix-ui/react-primitive/dist/index.mjs:28:13
    at file:///workspaces/indigenous-rising-ai/node_modules/@radix-ui/react-slot/dist/index.mjs:33:13
    at file:///workspaces/indigenous-rising-ai/node_modules/@radix-ui/react-slot/dist/index.mjs:9:13
    at file:///workspaces/indigenous-rising-ai/node_modules/@radix-ui/react-collection/dist/index.mjs:39:15
    at file:///workspaces/indigenous-rising-ai/node_modules/@radix-ui/react-roving-focus/dist/index.mjs:124:7
    at file:///workspaces/indigenous-rising-ai/node_modules/@radix-ui/react-radio-group/dist/index.mjs:228:13
    at /workspaces/indigenous-rising-ai/src/components/ui/radio-group.tsx:25:74
    at div
    at div
    at file:///workspaces/indigenous-rising-ai/node_modules/@radix-ui/react-primitive/dist/index.mjs:28:13
    at file:///workspaces/indigenous-rising-ai/node_modules/@radix-ui/react-slot/dist/index.mjs:33:13
    at file:///workspaces/indigenous-rising-ai/node_modules/@radix-ui/react-slot/dist/index.mjs:9:13
    at file:///workspaces/indigenous-rising-ai/node_modules/@radix-ui/react-primitive/dist/index.mjs:28:13
    at Provider (file:///workspaces/indigenous-rising-ai/node_modules/@radix-ui/react-context/dist/index.mjs:27:15)
    at file:///workspaces/indigenous-rising-ai/node_modules/@radix-ui/react-roving-focus/dist/index.mjs:32:5
    at file:///workspaces/indigenous-rising-ai/node_modules/@radix-ui/react-slot/dist/index.mjs:33:13
    at file:///workspaces/indigenous-rising-ai/node_modules/@radix-ui/react-slot/dist/index.mjs:9:13
    at file:///workspaces/indigenous-rising-ai/node_modules/@radix-ui/react-collection/dist/index.mjs:27:15
    at Provider (file:///workspaces/indigenous-rising-ai/node_modules/@radix-ui/react-context/dist/index.mjs:27:15)
    at CollectionProvider (file:///workspaces/indigenous-rising-ai/node_modules/@radix-ui/react-collection/dist/index.mjs:17:13)
    at file:///workspaces/indigenous-rising-ai/node_modules/@radix-ui/react-roving-focus/dist/index.mjs:26:68
    at Provider (file:///workspaces/indigenous-rising-ai/node_modules/@radix-ui/react-context/dist/index.mjs:27:15)
    at file:///workspaces/indigenous-rising-ai/node_modules/@radix-ui/react-radio-group/dist/index.mjs:169:7
    at /workspaces/indigenous-rising-ai/src/components/ui/radio-group.tsx:13:70
    at div
    at form
    at div
    at div
    at /workspaces/indigenous-rising-ai/src/components/ui/card.tsx:13:64
    at DataRequestForm (/workspaces/indigenous-rising-ai/src/components/DataRequestForm.tsx:37:77)
    at Router (/workspaces/indigenous-rising-ai/node_modules/react-router/dist/umd/react-router.development.js:1207:17)
    at BrowserRouter (/workspaces/indigenous-rising-ai/node_modules/react-router-dom/dist/umd/react-router-dom.development.js:695:7)

Consider adding an error boundary to your tree to customize error handling behavior.
Visit https://reactjs.org/link/error-boundaries to learn more about error boundaries.

 [31m×[39m src/components/DataRequestForm.test.tsx[2m > [22mDataRequestForm[2m > [22mrejects invalid file types[32m 47[2mms[22m[39m
[31m   → ResizeObserver is not defined[39m
 [31m×[39m src/components/DataRequestForm.test.tsx[2m > [22mDataRequestForm[2m > [22msubmits form with valid data[32m 65[2mms[22m[39m
[31m   → ResizeObserver is not defined[39m
ReferenceError: ResizeObserver is not defined
    at file:///workspaces/indigenous-rising-ai/node_modules/@radix-ui/react-use-size/dist/index.mjs:9:30
    at commitHookEffectListMount (/workspaces/indigenous-rising-ai/node_modules/react-dom/cjs/react-dom.development.js:23189:26)
    at commitLayoutEffectOnFiber (/workspaces/indigenous-rising-ai/node_modules/react-dom/cjs/react-dom.development.js:23312:15)
    at commitLayoutMountEffects_complete (/workspaces/indigenous-rising-ai/node_modules/react-dom/cjs/react-dom.development.js:24727:9)
    at commitLayoutEffects_begin (/workspaces/indigenous-rising-ai/node_modules/react-dom/cjs/react-dom.development.js:24713:7)
    at commitLayoutEffects (/workspaces/indigenous-rising-ai/node_modules/react-dom/cjs/react-dom.development.js:24651:3)
    at commitRootImpl (/workspaces/indigenous-rising-ai/node_modules/react-dom/cjs/react-dom.development.js:26862:5)
    at commitRoot (/workspaces/indigenous-rising-ai/node_modules/react-dom/cjs/react-dom.development.js:26721:5)
    at performSyncWorkOnRoot (/workspaces/indigenous-rising-ai/node_modules/react-dom/cjs/react-dom.development.js:26156:3)
    at flushSyncCallbacks (/workspaces/indigenous-rising-ai/node_modules/react-dom/cjs/react-dom.development.js:12042:22)
ReferenceError: ResizeObserver is not defined
    at file:///workspaces/indigenous-rising-ai/node_modules/@radix-ui/react-use-size/dist/index.mjs:9:30
    at commitHookEffectListMount (/workspaces/indigenous-rising-ai/node_modules/react-dom/cjs/react-dom.development.js:23189:26)
    at commitLayoutEffectOnFiber (/workspaces/indigenous-rising-ai/node_modules/react-dom/cjs/react-dom.development.js:23312:15)
    at commitLayoutMountEffects_complete (/workspaces/indigenous-rising-ai/node_modules/react-dom/cjs/react-dom.development.js:24727:9)
    at commitLayoutEffects_begin (/workspaces/indigenous-rising-ai/node_modules/react-dom/cjs/react-dom.development.js:24713:7)
    at commitLayoutEffects (/workspaces/indigenous-rising-ai/node_modules/react-dom/cjs/react-dom.development.js:24651:3)
    at commitRootImpl (/workspaces/indigenous-rising-ai/node_modules/react-dom/cjs/react-dom.development.js:26862:5)
    at commitRoot (/workspaces/indigenous-rising-ai/node_modules/react-dom/cjs/react-dom.development.js:26721:5)
    at performSyncWorkOnRoot (/workspaces/indigenous-rising-ai/node_modules/react-dom/cjs/react-dom.development.js:26156:3)
    at flushSyncCallbacks (/workspaces/indigenous-rising-ai/node_modules/react-dom/cjs/react-dom.development.js:12042:22)
ReferenceError: ResizeObserver is not defined
    at file:///workspaces/indigenous-rising-ai/node_modules/@radix-ui/react-use-size/dist/index.mjs:9:30
    at commitHookEffectListMount (/workspaces/indigenous-rising-ai/node_modules/react-dom/cjs/react-dom.development.js:23189:26)
    at commitLayoutEffectOnFiber (/workspaces/indigenous-rising-ai/node_modules/react-dom/cjs/react-dom.development.js:23312:15)
    at commitLayoutMountEffects_complete (/workspaces/indigenous-rising-ai/node_modules/react-dom/cjs/react-dom.development.js:24727:9)
    at commitLayoutEffects_begin (/workspaces/indigenous-rising-ai/node_modules/react-dom/cjs/react-dom.development.js:24713:7)
    at commitLayoutEffects (/workspaces/indigenous-rising-ai/node_modules/react-dom/cjs/react-dom.development.js:24651:3)
    at commitRootImpl (/workspaces/indigenous-rising-ai/node_modules/react-dom/cjs/react-dom.development.js:26862:5)
    at commitRoot (/workspaces/indigenous-rising-ai/node_modules/react-dom/cjs/react-dom.development.js:26721:5)
    at performSyncWorkOnRoot (/workspaces/indigenous-rising-ai/node_modules/react-dom/cjs/react-dom.development.js:26156:3)
    at flushSyncCallbacks (/workspaces/indigenous-rising-ai/node_modules/react-dom/cjs/react-dom.development.js:12042:22)
ReferenceError: ResizeObserver is not defined
    at file:///workspaces/indigenous-rising-ai/node_modules/@radix-ui/react-use-size/dist/index.mjs:9:30
    at commitHookEffectListMount (/workspaces/indigenous-rising-ai/node_modules/react-dom/cjs/react-dom.development.js:23189:26)
    at commitLayoutEffectOnFiber (/workspaces/indigenous-rising-ai/node_modules/react-dom/cjs/react-dom.development.js:23312:15)
    at commitLayoutMountEffects_complete (/workspaces/indigenous-rising-ai/node_modules/react-dom/cjs/react-dom.development.js:24727:9)
    at commitLayoutEffects_begin (/workspaces/indigenous-rising-ai/node_modules/react-dom/cjs/react-dom.development.js:24713:7)
    at commitLayoutEffects (/workspaces/indigenous-rising-ai/node_modules/react-dom/cjs/react-dom.development.js:24651:3)
    at commitRootImpl (/workspaces/indigenous-rising-ai/node_modules/react-dom/cjs/react-dom.development.js:26862:5)
    at commitRoot (/workspaces/indigenous-rising-ai/node_modules/react-dom/cjs/react-dom.development.js:26721:5)
    at performSyncWorkOnRoot (/workspaces/indigenous-rising-ai/node_modules/react-dom/cjs/react-dom.development.js:26156:3)
    at flushSyncCallbacks (/workspaces/indigenous-rising-ai/node_modules/react-dom/cjs/react-dom.development.js:12042:22)
ReferenceError: ResizeObserver is not defined
    at file:///workspaces/indigenous-rising-ai/node_modules/@radix-ui/react-use-size/dist/index.mjs:9:30
    at commitHookEffectListMount (/workspaces/indigenous-rising-ai/node_modules/react-dom/cjs/react-dom.development.js:23189:26)
    at commitLayoutEffectOnFiber (/workspaces/indigenous-rising-ai/node_modules/react-dom/cjs/react-dom.development.js:23312:15)
    at commitLayoutMountEffects_complete (/workspaces/indigenous-rising-ai/node_modules/react-dom/cjs/react-dom.development.js:24727:9)
    at commitLayoutEffects_begin (/workspaces/indigenous-rising-ai/node_modules/react-dom/cjs/react-dom.development.js:24713:7)
    at commitLayoutEffects (/workspaces/indigenous-rising-ai/node_modules/react-dom/cjs/react-dom.development.js:24651:3)
    at commitRootImpl (/workspaces/indigenous-rising-ai/node_modules/react-dom/cjs/react-dom.development.js:26862:5)
    at commitRoot (/workspaces/indigenous-rising-ai/node_modules/react-dom/cjs/react-dom.development.js:26721:5)
    at performSyncWorkOnRoot (/workspaces/indigenous-rising-ai/node_modules/react-dom/cjs/react-dom.development.js:26156:3)
    at flushSyncCallbacks (/workspaces/indigenous-rising-ai/node_modules/react-dom/cjs/react-dom.development.js:12042:22)
[90mstderr[2m | src/components/DataRequestForm.test.tsx[2m > [22m[2mDataRequestForm[2m > [22m[2mshows 30-day response timeframe
[22m[39mThe above error occurred in the <RadioBubbleInput> component:

    at file:///workspaces/indigenous-rising-ai/node_modules/@radix-ui/react-radio-group/dist/index.mjs:104:5
    at Provider (file:///workspaces/indigenous-rising-ai/node_modules/@radix-ui/react-context/dist/index.mjs:27:15)
    at file:///workspaces/indigenous-rising-ai/node_modules/@radix-ui/react-radio-group/dist/index.mjs:30:7
    at file:///workspaces/indigenous-rising-ai/node_modules/@radix-ui/react-slot/dist/index.mjs:33:13
    at file:///workspaces/indigenous-rising-ai/node_modules/@radix-ui/react-slot/dist/index.mjs:9:13
    at file:///workspaces/indigenous-rising-ai/node_modules/@radix-ui/react-primitive/dist/index.mjs:28:13
    at file:///workspaces/indigenous-rising-ai/node_modules/@radix-ui/react-slot/dist/index.mjs:33:13
    at file:///workspaces/indigenous-rising-ai/node_modules/@radix-ui/react-slot/dist/index.mjs:9:13
    at file:///workspaces/indigenous-rising-ai/node_modules/@radix-ui/react-collection/dist/index.mjs:39:15
    at file:///workspaces/indigenous-rising-ai/node_modules/@radix-ui/react-roving-focus/dist/index.mjs:124:7
    at file:///workspaces/indigenous-rising-ai/node_modules/@radix-ui/react-radio-group/dist/index.mjs:228:13
    at /workspaces/indigenous-rising-ai/src/components/ui/radio-group.tsx:25:74
    at div
    at div
    at file:///workspaces/indigenous-rising-ai/node_modules/@radix-ui/react-primitive/dist/index.mjs:28:13
    at file:///workspaces/indigenous-rising-ai/node_modules/@radix-ui/react-slot/dist/index.mjs:33:13
    at file:///workspaces/indigenous-rising-ai/node_modules/@radix-ui/react-slot/dist/index.mjs:9:13
    at file:///workspaces/indigenous-rising-ai/node_modules/@radix-ui/react-primitive/dist/index.mjs:28:13
    at Provider (file:///workspaces/indigenous-rising-ai/node_modules/@radix-ui/react-context/dist/index.mjs:27:15)
    at file:///workspaces/indigenous-rising-ai/node_modules/@radix-ui/react-roving-focus/dist/index.mjs:32:5
    at file:///workspaces/indigenous-rising-ai/node_modules/@radix-ui/react-slot/dist/index.mjs:33:13
    at file:///workspaces/indigenous-rising-ai/node_modules/@radix-ui/react-slot/dist/index.mjs:9:13
    at file:///workspaces/indigenous-rising-ai/node_modules/@radix-ui/react-collection/dist/index.mjs:27:15
    at Provider (file:///workspaces/indigenous-rising-ai/node_modules/@radix-ui/react-context/dist/index.mjs:27:15)
    at CollectionProvider (file:///workspaces/indigenous-rising-ai/node_modules/@radix-ui/react-collection/dist/index.mjs:17:13)
    at file:///workspaces/indigenous-rising-ai/node_modules/@radix-ui/react-roving-focus/dist/index.mjs:26:68
    at Provider (file:///workspaces/indigenous-rising-ai/node_modules/@radix-ui/react-context/dist/index.mjs:27:15)
    at file:///workspaces/indigenous-rising-ai/node_modules/@radix-ui/react-radio-group/dist/index.mjs:169:7
    at /workspaces/indigenous-rising-ai/src/components/ui/radio-group.tsx:13:70
    at div
    at form
    at div
    at div
    at /workspaces/indigenous-rising-ai/src/components/ui/card.tsx:13:64
    at DataRequestForm (/workspaces/indigenous-rising-ai/src/components/DataRequestForm.tsx:37:77)
    at Router (/workspaces/indigenous-rising-ai/node_modules/react-router/dist/umd/react-router.development.js:1207:17)
    at BrowserRouter (/workspaces/indigenous-rising-ai/node_modules/react-router-dom/dist/umd/react-router-dom.development.js:695:7)

Consider adding an error boundary to your tree to customize error handling behavior.
Visit https://reactjs.org/link/error-boundaries to learn more about error boundaries.
The above error occurred in the <RadioBubbleInput> component:

    at file:///workspaces/indigenous-rising-ai/node_modules/@radix-ui/react-radio-group/dist/index.mjs:104:5
    at Provider (file:///workspaces/indigenous-rising-ai/node_modules/@radix-ui/react-context/dist/index.mjs:27:15)
    at file:///workspaces/indigenous-rising-ai/node_modules/@radix-ui/react-radio-group/dist/index.mjs:30:7
    at file:///workspaces/indigenous-rising-ai/node_modules/@radix-ui/react-slot/dist/index.mjs:33:13
    at file:///workspaces/indigenous-rising-ai/node_modules/@radix-ui/react-slot/dist/index.mjs:9:13
    at file:///workspaces/indigenous-rising-ai/node_modules/@radix-ui/react-primitive/dist/index.mjs:28:13
    at file:///workspaces/indigenous-rising-ai/node_modules/@radix-ui/react-slot/dist/index.mjs:33:13
    at file:///workspaces/indigenous-rising-ai/node_modules/@radix-ui/react-slot/dist/index.mjs:9:13
    at file:///workspaces/indigenous-rising-ai/node_modules/@radix-ui/react-collection/dist/index.mjs:39:15
    at file:///workspaces/indigenous-rising-ai/node_modules/@radix-ui/react-roving-focus/dist/index.mjs:124:7
    at file:///workspaces/indigenous-rising-ai/node_modules/@radix-ui/react-radio-group/dist/index.mjs:228:13
    at /workspaces/indigenous-rising-ai/src/components/ui/radio-group.tsx:25:74
    at div
    at div
    at file:///workspaces/indigenous-rising-ai/node_modules/@radix-ui/react-primitive/dist/index.mjs:28:13
    at file:///workspaces/indigenous-rising-ai/node_modules/@radix-ui/react-slot/dist/index.mjs:33:13
    at file:///workspaces/indigenous-rising-ai/node_modules/@radix-ui/react-slot/dist/index.mjs:9:13
    at file:///workspaces/indigenous-rising-ai/node_modules/@radix-ui/react-primitive/dist/index.mjs:28:13
    at Provider (file:///workspaces/indigenous-rising-ai/node_modules/@radix-ui/react-context/dist/index.mjs:27:15)
    at file:///workspaces/indigenous-rising-ai/node_modules/@radix-ui/react-roving-focus/dist/index.mjs:32:5
    at file:///workspaces/indigenous-rising-ai/node_modules/@radix-ui/react-slot/dist/index.mjs:33:13
    at file:///workspaces/indigenous-rising-ai/node_modules/@radix-ui/react-slot/dist/index.mjs:9:13
    at file:///workspaces/indigenous-rising-ai/node_modules/@radix-ui/react-collection/dist/index.mjs:27:15
    at Provider (file:///workspaces/indigenous-rising-ai/node_modules/@radix-ui/react-context/dist/index.mjs:27:15)
    at CollectionProvider (file:///workspaces/indigenous-rising-ai/node_modules/@radix-ui/react-collection/dist/index.mjs:17:13)
    at file:///workspaces/indigenous-rising-ai/node_modules/@radix-ui/react-roving-focus/dist/index.mjs:26:68
    at Provider (file:///workspaces/indigenous-rising-ai/node_modules/@radix-ui/react-context/dist/index.mjs:27:15)
    at file:///workspaces/indigenous-rising-ai/node_modules/@radix-ui/react-radio-group/dist/index.mjs:169:7
    at /workspaces/indigenous-rising-ai/src/components/ui/radio-group.tsx:13:70
    at div
    at form
    at div
    at div
    at /workspaces/indigenous-rising-ai/src/components/ui/card.tsx:13:64
    at DataRequestForm (/workspaces/indigenous-rising-ai/src/components/DataRequestForm.tsx:37:77)
    at Router (/workspaces/indigenous-rising-ai/node_modules/react-router/dist/umd/react-router.development.js:1207:17)
    at BrowserRouter (/workspaces/indigenous-rising-ai/node_modules/react-router-dom/dist/umd/react-router-dom.development.js:695:7)

Consider adding an error boundary to your tree to customize error handling behavior.
Visit https://reactjs.org/link/error-boundaries to learn more about error boundaries.
The above error occurred in the <RadioBubbleInput> component:

    at file:///workspaces/indigenous-rising-ai/node_modules/@radix-ui/react-radio-group/dist/index.mjs:104:5
    at Provider (file:///workspaces/indigenous-rising-ai/node_modules/@radix-ui/react-context/dist/index.mjs:27:15)
    at file:///workspaces/indigenous-rising-ai/node_modules/@radix-ui/react-radio-group/dist/index.mjs:30:7
    at file:///workspaces/indigenous-rising-ai/node_modules/@radix-ui/react-slot/dist/index.mjs:33:13
    at file:///workspaces/indigenous-rising-ai/node_modules/@radix-ui/react-slot/dist/index.mjs:9:13
    at file:///workspaces/indigenous-rising-ai/node_modules/@radix-ui/react-primitive/dist/index.mjs:28:13
    at file:///workspaces/indigenous-rising-ai/node_modules/@radix-ui/react-slot/dist/index.mjs:33:13
    at file:///workspaces/indigenous-rising-ai/node_modules/@radix-ui/react-slot/dist/index.mjs:9:13
    at file:///workspaces/indigenous-rising-ai/node_modules/@radix-ui/react-collection/dist/index.mjs:39:15
    at file:///workspaces/indigenous-rising-ai/node_modules/@radix-ui/react-roving-focus/dist/index.mjs:124:7
    at file:///workspaces/indigenous-rising-ai/node_modules/@radix-ui/react-radio-group/dist/index.mjs:228:13
    at /workspaces/indigenous-rising-ai/src/components/ui/radio-group.tsx:25:74
    at div
    at div
    at file:///workspaces/indigenous-rising-ai/node_modules/@radix-ui/react-primitive/dist/index.mjs:28:13
    at file:///workspaces/indigenous-rising-ai/node_modules/@radix-ui/react-slot/dist/index.mjs:33:13
    at file:///workspaces/indigenous-rising-ai/node_modules/@radix-ui/react-slot/dist/index.mjs:9:13
    at file:///workspaces/indigenous-rising-ai/node_modules/@radix-ui/react-primitive/dist/index.mjs:28:13
    at Provider (file:///workspaces/indigenous-rising-ai/node_modules/@radix-ui/react-context/dist/index.mjs:27:15)
    at file:///workspaces/indigenous-rising-ai/node_modules/@radix-ui/react-roving-focus/dist/index.mjs:32:5
    at file:///workspaces/indigenous-rising-ai/node_modules/@radix-ui/react-slot/dist/index.mjs:33:13
    at file:///workspaces/indigenous-rising-ai/node_modules/@radix-ui/react-slot/dist/index.mjs:9:13
    at file:///workspaces/indigenous-rising-ai/node_modules/@radix-ui/react-collection/dist/index.mjs:27:15
    at Provider (file:///workspaces/indigenous-rising-ai/node_modules/@radix-ui/react-context/dist/index.mjs:27:15)
    at CollectionProvider (file:///workspaces/indigenous-rising-ai/node_modules/@radix-ui/react-collection/dist/index.mjs:17:13)
    at file:///workspaces/indigenous-rising-ai/node_modules/@radix-ui/react-roving-focus/dist/index.mjs:26:68
    at Provider (file:///workspaces/indigenous-rising-ai/node_modules/@radix-ui/react-context/dist/index.mjs:27:15)
    at file:///workspaces/indigenous-rising-ai/node_modules/@radix-ui/react-radio-group/dist/index.mjs:169:7
    at /workspaces/indigenous-rising-ai/src/components/ui/radio-group.tsx:13:70
    at div
    at form
    at div
    at div
    at /workspaces/indigenous-rising-ai/src/components/ui/card.tsx:13:64
    at DataRequestForm (/workspaces/indigenous-rising-ai/src/components/DataRequestForm.tsx:37:77)
    at Router (/workspaces/indigenous-rising-ai/node_modules/react-router/dist/umd/react-router.development.js:1207:17)
    at BrowserRouter (/workspaces/indigenous-rising-ai/node_modules/react-router-dom/dist/umd/react-router-dom.development.js:695:7)

Consider adding an error boundary to your tree to customize error handling behavior.
Visit https://reactjs.org/link/error-boundaries to learn more about error boundaries.
The above error occurred in the <RadioBubbleInput> component:

    at file:///workspaces/indigenous-rising-ai/node_modules/@radix-ui/react-radio-group/dist/index.mjs:104:5
    at Provider (file:///workspaces/indigenous-rising-ai/node_modules/@radix-ui/react-context/dist/index.mjs:27:15)
    at file:///workspaces/indigenous-rising-ai/node_modules/@radix-ui/react-radio-group/dist/index.mjs:30:7
    at file:///workspaces/indigenous-rising-ai/node_modules/@radix-ui/react-slot/dist/index.mjs:33:13
    at file:///workspaces/indigenous-rising-ai/node_modules/@radix-ui/react-slot/dist/index.mjs:9:13
    at file:///workspaces/indigenous-rising-ai/node_modules/@radix-ui/react-primitive/dist/index.mjs:28:13
    at file:///workspaces/indigenous-rising-ai/node_modules/@radix-ui/react-slot/dist/index.mjs:33:13
    at file:///workspaces/indigenous-rising-ai/node_modules/@radix-ui/react-slot/dist/index.mjs:9:13
    at file:///workspaces/indigenous-rising-ai/node_modules/@radix-ui/react-collection/dist/index.mjs:39:15
    at file:///workspaces/indigenous-rising-ai/node_modules/@radix-ui/react-roving-focus/dist/index.mjs:124:7
    at file:///workspaces/indigenous-rising-ai/node_modules/@radix-ui/react-radio-group/dist/index.mjs:228:13
    at /workspaces/indigenous-rising-ai/src/components/ui/radio-group.tsx:25:74
    at div
    at div
    at file:///workspaces/indigenous-rising-ai/node_modules/@radix-ui/react-primitive/dist/index.mjs:28:13
    at file:///workspaces/indigenous-rising-ai/node_modules/@radix-ui/react-slot/dist/index.mjs:33:13
    at file:///workspaces/indigenous-rising-ai/node_modules/@radix-ui/react-slot/dist/index.mjs:9:13
    at file:///workspaces/indigenous-rising-ai/node_modules/@radix-ui/react-primitive/dist/index.mjs:28:13
    at Provider (file:///workspaces/indigenous-rising-ai/node_modules/@radix-ui/react-context/dist/index.mjs:27:15)
    at file:///workspaces/indigenous-rising-ai/node_modules/@radix-ui/react-roving-focus/dist/index.mjs:32:5
    at file:///workspaces/indigenous-rising-ai/node_modules/@radix-ui/react-slot/dist/index.mjs:33:13
    at file:///workspaces/indigenous-rising-ai/node_modules/@radix-ui/react-slot/dist/index.mjs:9:13
    at file:///workspaces/indigenous-rising-ai/node_modules/@radix-ui/react-collection/dist/index.mjs:27:15
    at Provider (file:///workspaces/indigenous-rising-ai/node_modules/@radix-ui/react-context/dist/index.mjs:27:15)
    at CollectionProvider (file:///workspaces/indigenous-rising-ai/node_modules/@radix-ui/react-collection/dist/index.mjs:17:13)
    at file:///workspaces/indigenous-rising-ai/node_modules/@radix-ui/react-roving-focus/dist/index.mjs:26:68
    at Provider (file:///workspaces/indigenous-rising-ai/node_modules/@radix-ui/react-context/dist/index.mjs:27:15)
    at file:///workspaces/indigenous-rising-ai/node_modules/@radix-ui/react-radio-group/dist/index.mjs:169:7
    at /workspaces/indigenous-rising-ai/src/components/ui/radio-group.tsx:13:70
    at div
    at form
    at div
    at div
    at /workspaces/indigenous-rising-ai/src/components/ui/card.tsx:13:64
    at DataRequestForm (/workspaces/indigenous-rising-ai/src/components/DataRequestForm.tsx:37:77)
    at Router (/workspaces/indigenous-rising-ai/node_modules/react-router/dist/umd/react-router.development.js:1207:17)
    at BrowserRouter (/workspaces/indigenous-rising-ai/node_modules/react-router-dom/dist/umd/react-router-dom.development.js:695:7)

Consider adding an error boundary to your tree to customize error handling behavior.
Visit https://reactjs.org/link/error-boundaries to learn more about error boundaries.
The above error occurred in the <RadioBubbleInput> component:

    at file:///workspaces/indigenous-rising-ai/node_modules/@radix-ui/react-radio-group/dist/index.mjs:104:5
    at Provider (file:///workspaces/indigenous-rising-ai/node_modules/@radix-ui/react-context/dist/index.mjs:27:15)
    at file:///workspaces/indigenous-rising-ai/node_modules/@radix-ui/react-radio-group/dist/index.mjs:30:7
    at file:///workspaces/indigenous-rising-ai/node_modules/@radix-ui/react-slot/dist/index.mjs:33:13
    at file:///workspaces/indigenous-rising-ai/node_modules/@radix-ui/react-slot/dist/index.mjs:9:13
    at file:///workspaces/indigenous-rising-ai/node_modules/@radix-ui/react-primitive/dist/index.mjs:28:13
    at file:///workspaces/indigenous-rising-ai/node_modules/@radix-ui/react-slot/dist/index.mjs:33:13
    at file:///workspaces/indigenous-rising-ai/node_modules/@radix-ui/react-slot/dist/index.mjs:9:13
    at file:///workspaces/indigenous-rising-ai/node_modules/@radix-ui/react-collection/dist/index.mjs:39:15
    at file:///workspaces/indigenous-rising-ai/node_modules/@radix-ui/react-roving-focus/dist/index.mjs:124:7
    at file:///workspaces/indigenous-rising-ai/node_modules/@radix-ui/react-radio-group/dist/index.mjs:228:13
    at /workspaces/indigenous-rising-ai/src/components/ui/radio-group.tsx:25:74
    at div
    at div
    at file:///workspaces/indigenous-rising-ai/node_modules/@radix-ui/react-primitive/dist/index.mjs:28:13
    at file:///workspaces/indigenous-rising-ai/node_modules/@radix-ui/react-slot/dist/index.mjs:33:13
    at file:///workspaces/indigenous-rising-ai/node_modules/@radix-ui/react-slot/dist/index.mjs:9:13
    at file:///workspaces/indigenous-rising-ai/node_modules/@radix-ui/react-primitive/dist/index.mjs:28:13
    at Provider (file:///workspaces/indigenous-rising-ai/node_modules/@radix-ui/react-context/dist/index.mjs:27:15)
    at file:///workspaces/indigenous-rising-ai/node_modules/@radix-ui/react-roving-focus/dist/index.mjs:32:5
    at file:///workspaces/indigenous-rising-ai/node_modules/@radix-ui/react-slot/dist/index.mjs:33:13
    at file:///workspaces/indigenous-rising-ai/node_modules/@radix-ui/react-slot/dist/index.mjs:9:13
    at file:///workspaces/indigenous-rising-ai/node_modules/@radix-ui/react-collection/dist/index.mjs:27:15
    at Provider (file:///workspaces/indigenous-rising-ai/node_modules/@radix-ui/react-context/dist/index.mjs:27:15)
    at CollectionProvider (file:///workspaces/indigenous-rising-ai/node_modules/@radix-ui/react-collection/dist/index.mjs:17:13)
    at file:///workspaces/indigenous-rising-ai/node_modules/@radix-ui/react-roving-focus/dist/index.mjs:26:68
    at Provider (file:///workspaces/indigenous-rising-ai/node_modules/@radix-ui/react-context/dist/index.mjs:27:15)
    at file:///workspaces/indigenous-rising-ai/node_modules/@radix-ui/react-radio-group/dist/index.mjs:169:7
    at /workspaces/indigenous-rising-ai/src/components/ui/radio-group.tsx:13:70
    at div
    at form
    at div
    at div
    at /workspaces/indigenous-rising-ai/src/components/ui/card.tsx:13:64
    at DataRequestForm (/workspaces/indigenous-rising-ai/src/components/DataRequestForm.tsx:37:77)
    at Router (/workspaces/indigenous-rising-ai/node_modules/react-router/dist/umd/react-router.development.js:1207:17)
    at BrowserRouter (/workspaces/indigenous-rising-ai/node_modules/react-router-dom/dist/umd/react-router-dom.development.js:695:7)

Consider adding an error boundary to your tree to customize error handling behavior.
Visit https://reactjs.org/link/error-boundaries to learn more about error boundaries.

ReferenceError: ResizeObserver is not defined
    at file:///workspaces/indigenous-rising-ai/node_modules/@radix-ui/react-use-size/dist/index.mjs:9:30
    at commitHookEffectListMount (/workspaces/indigenous-rising-ai/node_modules/react-dom/cjs/react-dom.development.js:23189:26)
    at commitLayoutEffectOnFiber (/workspaces/indigenous-rising-ai/node_modules/react-dom/cjs/react-dom.development.js:23312:15)
    at commitLayoutMountEffects_complete (/workspaces/indigenous-rising-ai/node_modules/react-dom/cjs/react-dom.development.js:24727:9)
    at commitLayoutEffects_begin (/workspaces/indigenous-rising-ai/node_modules/react-dom/cjs/react-dom.development.js:24713:7)
    at commitLayoutEffects (/workspaces/indigenous-rising-ai/node_modules/react-dom/cjs/react-dom.development.js:24651:3)
    at commitRootImpl (/workspaces/indigenous-rising-ai/node_modules/react-dom/cjs/react-dom.development.js:26862:5)
    at commitRoot (/workspaces/indigenous-rising-ai/node_modules/react-dom/cjs/react-dom.development.js:26721:5)
    at performSyncWorkOnRoot (/workspaces/indigenous-rising-ai/node_modules/react-dom/cjs/react-dom.development.js:26156:3)
    at flushSyncCallbacks (/workspaces/indigenous-rising-ai/node_modules/react-dom/cjs/react-dom.development.js:12042:22)
ReferenceError: ResizeObserver is not defined
    at file:///workspaces/indigenous-rising-ai/node_modules/@radix-ui/react-use-size/dist/index.mjs:9:30
    at commitHookEffectListMount (/workspaces/indigenous-rising-ai/node_modules/react-dom/cjs/react-dom.development.js:23189:26)
    at commitLayoutEffectOnFiber (/workspaces/indigenous-rising-ai/node_modules/react-dom/cjs/react-dom.development.js:23312:15)
    at commitLayoutMountEffects_complete (/workspaces/indigenous-rising-ai/node_modules/react-dom/cjs/react-dom.development.js:24727:9)
    at commitLayoutEffects_begin (/workspaces/indigenous-rising-ai/node_modules/react-dom/cjs/react-dom.development.js:24713:7)
    at commitLayoutEffects (/workspaces/indigenous-rising-ai/node_modules/react-dom/cjs/react-dom.development.js:24651:3)
    at commitRootImpl (/workspaces/indigenous-rising-ai/node_modules/react-dom/cjs/react-dom.development.js:26862:5)
    at commitRoot (/workspaces/indigenous-rising-ai/node_modules/react-dom/cjs/react-dom.development.js:26721:5)
    at performSyncWorkOnRoot (/workspaces/indigenous-rising-ai/node_modules/react-dom/cjs/react-dom.development.js:26156:3)
    at flushSyncCallbacks (/workspaces/indigenous-rising-ai/node_modules/react-dom/cjs/react-dom.development.js:12042:22)
ReferenceError: ResizeObserver is not defined
    at file:///workspaces/indigenous-rising-ai/node_modules/@radix-ui/react-use-size/dist/index.mjs:9:30
    at commitHookEffectListMount (/workspaces/indigenous-rising-ai/node_modules/react-dom/cjs/react-dom.development.js:23189:26)
    at commitLayoutEffectOnFiber (/workspaces/indigenous-rising-ai/node_modules/react-dom/cjs/react-dom.development.js:23312:15)
    at commitLayoutMountEffects_complete (/workspaces/indigenous-rising-ai/node_modules/react-dom/cjs/react-dom.development.js:24727:9)
    at commitLayoutEffects_begin (/workspaces/indigenous-rising-ai/node_modules/react-dom/cjs/react-dom.development.js:24713:7)
    at commitLayoutEffects (/workspaces/indigenous-rising-ai/node_modules/react-dom/cjs/react-dom.development.js:24651:3)
    at commitRootImpl (/workspaces/indigenous-rising-ai/node_modules/react-dom/cjs/react-dom.development.js:26862:5)
    at commitRoot (/workspaces/indigenous-rising-ai/node_modules/react-dom/cjs/react-dom.development.js:26721:5)
    at performSyncWorkOnRoot (/workspaces/indigenous-rising-ai/node_modules/react-dom/cjs/react-dom.development.js:26156:3)
    at flushSyncCallbacks (/workspaces/indigenous-rising-ai/node_modules/react-dom/cjs/react-dom.development.js:12042:22)
ReferenceError: ResizeObserver is not defined
    at file:///workspaces/indigenous-rising-ai/node_modules/@radix-ui/react-use-size/dist/index.mjs:9:30
    at commitHookEffectListMount (/workspaces/indigenous-rising-ai/node_modules/react-dom/cjs/react-dom.development.js:23189:26)
    at commitLayoutEffectOnFiber (/workspaces/indigenous-rising-ai/node_modules/react-dom/cjs/react-dom.development.js:23312:15)
    at commitLayoutMountEffects_complete (/workspaces/indigenous-rising-ai/node_modules/react-dom/cjs/react-dom.development.js:24727:9)
    at commitLayoutEffects_begin (/workspaces/indigenous-rising-ai/node_modules/react-dom/cjs/react-dom.development.js:24713:7)
    at commitLayoutEffects (/workspaces/indigenous-rising-ai/node_modules/react-dom/cjs/react-dom.development.js:24651:3)
    at commitRootImpl (/workspaces/indigenous-rising-ai/node_modules/react-dom/cjs/react-dom.development.js:26862:5)
    at commitRoot (/workspaces/indigenous-rising-ai/node_modules/react-dom/cjs/react-dom.development.js:26721:5)
    at performSyncWorkOnRoot (/workspaces/indigenous-rising-ai/node_modules/react-dom/cjs/react-dom.development.js:26156:3)
    at flushSyncCallbacks (/workspaces/indigenous-rising-ai/node_modules/react-dom/cjs/react-dom.development.js:12042:22)
ReferenceError: ResizeObserver is not defined
    at file:///workspaces/indigenous-rising-ai/node_modules/@radix-ui/react-use-size/dist/index.mjs:9:30
    at commitHookEffectListMount (/workspaces/indigenous-rising-ai/node_modules/react-dom/cjs/react-dom.development.js:23189:26)
    at commitLayoutEffectOnFiber (/workspaces/indigenous-rising-ai/node_modules/react-dom/cjs/react-dom.development.js:23312:15)
    at commitLayoutMountEffects_complete (/workspaces/indigenous-rising-ai/node_modules/react-dom/cjs/react-dom.development.js:24727:9)
    at commitLayoutEffects_begin (/workspaces/indigenous-rising-ai/node_modules/react-dom/cjs/react-dom.development.js:24713:7)
    at commitLayoutEffects (/workspaces/indigenous-rising-ai/node_modules/react-dom/cjs/react-dom.development.js:24651:3)
    at commitRootImpl (/workspaces/indigenous-rising-ai/node_modules/react-dom/cjs/react-dom.development.js:26862:5)
    at commitRoot (/workspaces/indigenous-rising-ai/node_modules/react-dom/cjs/react-dom.development.js:26721:5)
    at performSyncWorkOnRoot (/workspaces/indigenous-rising-ai/node_modules/react-dom/cjs/react-dom.development.js:26156:3)
    at flushSyncCallbacks (/workspaces/indigenous-rising-ai/node_modules/react-dom/cjs/react-dom.development.js:12042:22)
[90mstderr[2m | src/components/DataRequestForm.test.tsx[2m > [22m[2mDataRequestForm[2m > [22m[2mincludes privacy officer contact information
[22m[39mThe above error occurred in the <RadioBubbleInput> component:

    at file:///workspaces/indigenous-rising-ai/node_modules/@radix-ui/react-radio-group/dist/index.mjs:104:5
    at Provider (file:///workspaces/indigenous-rising-ai/node_modules/@radix-ui/react-context/dist/index.mjs:27:15)
    at file:///workspaces/indigenous-rising-ai/node_modules/@radix-ui/react-radio-group/dist/index.mjs:30:7
    at file:///workspaces/indigenous-rising-ai/node_modules/@radix-ui/react-slot/dist/index.mjs:33:13
    at file:///workspaces/indigenous-rising-ai/node_modules/@radix-ui/react-slot/dist/index.mjs:9:13
    at file:///workspaces/indigenous-rising-ai/node_modules/@radix-ui/react-primitive/dist/index.mjs:28:13
    at file:///workspaces/indigenous-rising-ai/node_modules/@radix-ui/react-slot/dist/index.mjs:33:13
    at file:///workspaces/indigenous-rising-ai/node_modules/@radix-ui/react-slot/dist/index.mjs:9:13
    at file:///workspaces/indigenous-rising-ai/node_modules/@radix-ui/react-collection/dist/index.mjs:39:15
    at file:///workspaces/indigenous-rising-ai/node_modules/@radix-ui/react-roving-focus/dist/index.mjs:124:7
    at file:///workspaces/indigenous-rising-ai/node_modules/@radix-ui/react-radio-group/dist/index.mjs:228:13
    at /workspaces/indigenous-rising-ai/src/components/ui/radio-group.tsx:25:74
    at div
    at div
    at file:///workspaces/indigenous-rising-ai/node_modules/@radix-ui/react-primitive/dist/index.mjs:28:13
    at file:///workspaces/indigenous-rising-ai/node_modules/@radix-ui/react-slot/dist/index.mjs:33:13
    at file:///workspaces/indigenous-rising-ai/node_modules/@radix-ui/react-slot/dist/index.mjs:9:13
    at file:///workspaces/indigenous-rising-ai/node_modules/@radix-ui/react-primitive/dist/index.mjs:28:13
    at Provider (file:///workspaces/indigenous-rising-ai/node_modules/@radix-ui/react-context/dist/index.mjs:27:15)
    at file:///workspaces/indigenous-rising-ai/node_modules/@radix-ui/react-roving-focus/dist/index.mjs:32:5
    at file:///workspaces/indigenous-rising-ai/node_modules/@radix-ui/react-slot/dist/index.mjs:33:13
    at file:///workspaces/indigenous-rising-ai/node_modules/@radix-ui/react-slot/dist/index.mjs:9:13
    at file:///workspaces/indigenous-rising-ai/node_modules/@radix-ui/react-collection/dist/index.mjs:27:15
    at Provider (file:///workspaces/indigenous-rising-ai/node_modules/@radix-ui/react-context/dist/index.mjs:27:15)
    at CollectionProvider (file:///workspaces/indigenous-rising-ai/node_modules/@radix-ui/react-collection/dist/index.mjs:17:13)
    at file:///workspaces/indigenous-rising-ai/node_modules/@radix-ui/react-roving-focus/dist/index.mjs:26:68
    at Provider (file:///workspaces/indigenous-rising-ai/node_modules/@radix-ui/react-context/dist/index.mjs:27:15)
    at file:///workspaces/indigenous-rising-ai/node_modules/@radix-ui/react-radio-group/dist/index.mjs:169:7
    at /workspaces/indigenous-rising-ai/src/components/ui/radio-group.tsx:13:70
    at div
    at form
    at div
    at div
    at /workspaces/indigenous-rising-ai/src/components/ui/card.tsx:13:64
    at DataRequestForm (/workspaces/indigenous-rising-ai/src/components/DataRequestForm.tsx:37:77)
    at Router (/workspaces/indigenous-rising-ai/node_modules/react-router/dist/umd/react-router.development.js:1207:17)
    at BrowserRouter (/workspaces/indigenous-rising-ai/node_modules/react-router-dom/dist/umd/react-router-dom.development.js:695:7)

Consider adding an error boundary to your tree to customize error handling behavior.
Visit https://reactjs.org/link/error-boundaries to learn more about error boundaries.
The above error occurred in the <RadioBubbleInput> component:

    at file:///workspaces/indigenous-rising-ai/node_modules/@radix-ui/react-radio-group/dist/index.mjs:104:5
    at Provider (file:///workspaces/indigenous-rising-ai/node_modules/@radix-ui/react-context/dist/index.mjs:27:15)
    at file:///workspaces/indigenous-rising-ai/node_modules/@radix-ui/react-radio-group/dist/index.mjs:30:7
    at file:///workspaces/indigenous-rising-ai/node_modules/@radix-ui/react-slot/dist/index.mjs:33:13
    at file:///workspaces/indigenous-rising-ai/node_modules/@radix-ui/react-slot/dist/index.mjs:9:13
    at file:///workspaces/indigenous-rising-ai/node_modules/@radix-ui/react-primitive/dist/index.mjs:28:13
    at file:///workspaces/indigenous-rising-ai/node_modules/@radix-ui/react-slot/dist/index.mjs:33:13
    at file:///workspaces/indigenous-rising-ai/node_modules/@radix-ui/react-slot/dist/index.mjs:9:13
    at file:///workspaces/indigenous-rising-ai/node_modules/@radix-ui/react-collection/dist/index.mjs:39:15
    at file:///workspaces/indigenous-rising-ai/node_modules/@radix-ui/react-roving-focus/dist/index.mjs:124:7
    at file:///workspaces/indigenous-rising-ai/node_modules/@radix-ui/react-radio-group/dist/index.mjs:228:13
    at /workspaces/indigenous-rising-ai/src/components/ui/radio-group.tsx:25:74
    at div
    at div
    at file:///workspaces/indigenous-rising-ai/node_modules/@radix-ui/react-primitive/dist/index.mjs:28:13
    at file:///workspaces/indigenous-rising-ai/node_modules/@radix-ui/react-slot/dist/index.mjs:33:13
    at file:///workspaces/indigenous-rising-ai/node_modules/@radix-ui/react-slot/dist/index.mjs:9:13
    at file:///workspaces/indigenous-rising-ai/node_modules/@radix-ui/react-primitive/dist/index.mjs:28:13
    at Provider (file:///workspaces/indigenous-rising-ai/node_modules/@radix-ui/react-context/dist/index.mjs:27:15)
    at file:///workspaces/indigenous-rising-ai/node_modules/@radix-ui/react-roving-focus/dist/index.mjs:32:5
    at file:///workspaces/indigenous-rising-ai/node_modules/@radix-ui/react-slot/dist/index.mjs:33:13
    at file:///workspaces/indigenous-rising-ai/node_modules/@radix-ui/react-slot/dist/index.mjs:9:13
    at file:///workspaces/indigenous-rising-ai/node_modules/@radix-ui/react-collection/dist/index.mjs:27:15
    at Provider (file:///workspaces/indigenous-rising-ai/node_modules/@radix-ui/react-context/dist/index.mjs:27:15)
    at CollectionProvider (file:///workspaces/indigenous-rising-ai/node_modules/@radix-ui/react-collection/dist/index.mjs:17:13)
    at file:///workspaces/indigenous-rising-ai/node_modules/@radix-ui/react-roving-focus/dist/index.mjs:26:68
    at Provider (file:///workspaces/indigenous-rising-ai/node_modules/@radix-ui/react-context/dist/index.mjs:27:15)
    at file:///workspaces/indigenous-rising-ai/node_modules/@radix-ui/react-radio-group/dist/index.mjs:169:7
    at /workspaces/indigenous-rising-ai/src/components/ui/radio-group.tsx:13:70
    at div
    at form
    at div
    at div
    at /workspaces/indigenous-rising-ai/src/components/ui/card.tsx:13:64
    at DataRequestForm (/workspaces/indigenous-rising-ai/src/components/DataRequestForm.tsx:37:77)
    at Router (/workspaces/indigenous-rising-ai/node_modules/react-router/dist/umd/react-router.development.js:1207:17)
    at BrowserRouter (/workspaces/indigenous-rising-ai/node_modules/react-router-dom/dist/umd/react-router-dom.development.js:695:7)

Consider adding an error boundary to your tree to customize error handling behavior.
Visit https://reactjs.org/link/error-boundaries to learn more about error boundaries.
The above error occurred in the <RadioBubbleInput> component:

    at file:///workspaces/indigenous-rising-ai/node_modules/@radix-ui/react-radio-group/dist/index.mjs:104:5
    at Provider (file:///workspaces/indigenous-rising-ai/node_modules/@radix-ui/react-context/dist/index.mjs:27:15)
    at file:///workspaces/indigenous-rising-ai/node_modules/@radix-ui/react-radio-group/dist/index.mjs:30:7
    at file:///workspaces/indigenous-rising-ai/node_modules/@radix-ui/react-slot/dist/index.mjs:33:13
    at file:///workspaces/indigenous-rising-ai/node_modules/@radix-ui/react-slot/dist/index.mjs:9:13
    at file:///workspaces/indigenous-rising-ai/node_modules/@radix-ui/react-primitive/dist/index.mjs:28:13
    at file:///workspaces/indigenous-rising-ai/node_modules/@radix-ui/react-slot/dist/index.mjs:33:13
    at file:///workspaces/indigenous-rising-ai/node_modules/@radix-ui/react-slot/dist/index.mjs:9:13
    at file:///workspaces/indigenous-rising-ai/node_modules/@radix-ui/react-collection/dist/index.mjs:39:15
    at file:///workspaces/indigenous-rising-ai/node_modules/@radix-ui/react-roving-focus/dist/index.mjs:124:7
    at file:///workspaces/indigenous-rising-ai/node_modules/@radix-ui/react-radio-group/dist/index.mjs:228:13
    at /workspaces/indigenous-rising-ai/src/components/ui/radio-group.tsx:25:74
    at div
    at div
    at file:///workspaces/indigenous-rising-ai/node_modules/@radix-ui/react-primitive/dist/index.mjs:28:13
    at file:///workspaces/indigenous-rising-ai/node_modules/@radix-ui/react-slot/dist/index.mjs:33:13
    at file:///workspaces/indigenous-rising-ai/node_modules/@radix-ui/react-slot/dist/index.mjs:9:13
    at file:///workspaces/indigenous-rising-ai/node_modules/@radix-ui/react-primitive/dist/index.mjs:28:13
    at Provider (file:///workspaces/indigenous-rising-ai/node_modules/@radix-ui/react-context/dist/index.mjs:27:15)
    at file:///workspaces/indigenous-rising-ai/node_modules/@radix-ui/react-roving-focus/dist/index.mjs:32:5
    at file:///workspaces/indigenous-rising-ai/node_modules/@radix-ui/react-slot/dist/index.mjs:33:13
    at file:///workspaces/indigenous-rising-ai/node_modules/@radix-ui/react-slot/dist/index.mjs:9:13
    at file:///workspaces/indigenous-rising-ai/node_modules/@radix-ui/react-collection/dist/index.mjs:27:15
    at Provider (file:///workspaces/indigenous-rising-ai/node_modules/@radix-ui/react-context/dist/index.mjs:27:15)
    at CollectionProvider (file:///workspaces/indigenous-rising-ai/node_modules/@radix-ui/react-collection/dist/index.mjs:17:13)
    at file:///workspaces/indigenous-rising-ai/node_modules/@radix-ui/react-roving-focus/dist/index.mjs:26:68
    at Provider (file:///workspaces/indigenous-rising-ai/node_modules/@radix-ui/react-context/dist/index.mjs:27:15)
    at file:///workspaces/indigenous-rising-ai/node_modules/@radix-ui/react-radio-group/dist/index.mjs:169:7
    at /workspaces/indigenous-rising-ai/src/components/ui/radio-group.tsx:13:70
    at div
    at form
    at div
    at div
    at /workspaces/indigenous-rising-ai/src/components/ui/card.tsx:13:64
    at DataRequestForm (/workspaces/indigenous-rising-ai/src/components/DataRequestForm.tsx:37:77)
    at Router (/workspaces/indigenous-rising-ai/node_modules/react-router/dist/umd/react-router.development.js:1207:17)
    at BrowserRouter (/workspaces/indigenous-rising-ai/node_modules/react-router-dom/dist/umd/react-router-dom.development.js:695:7)

Consider adding an error boundary to your tree to customize error handling behavior.
Visit https://reactjs.org/link/error-boundaries to learn more about error boundaries.
The above error occurred in the <RadioBubbleInput> component:

    at file:///workspaces/indigenous-rising-ai/node_modules/@radix-ui/react-radio-group/dist/index.mjs:104:5
    at Provider (file:///workspaces/indigenous-rising-ai/node_modules/@radix-ui/react-context/dist/index.mjs:27:15)
    at file:///workspaces/indigenous-rising-ai/node_modules/@radix-ui/react-radio-group/dist/index.mjs:30:7
    at file:///workspaces/indigenous-rising-ai/node_modules/@radix-ui/react-slot/dist/index.mjs:33:13
    at file:///workspaces/indigenous-rising-ai/node_modules/@radix-ui/react-slot/dist/index.mjs:9:13
    at file:///workspaces/indigenous-rising-ai/node_modules/@radix-ui/react-primitive/dist/index.mjs:28:13
    at file:///workspaces/indigenous-rising-ai/node_modules/@radix-ui/react-slot/dist/index.mjs:33:13
    at file:///workspaces/indigenous-rising-ai/node_modules/@radix-ui/react-slot/dist/index.mjs:9:13
    at file:///workspaces/indigenous-rising-ai/node_modules/@radix-ui/react-collection/dist/index.mjs:39:15
    at file:///workspaces/indigenous-rising-ai/node_modules/@radix-ui/react-roving-focus/dist/index.mjs:124:7
    at file:///workspaces/indigenous-rising-ai/node_modules/@radix-ui/react-radio-group/dist/index.mjs:228:13
    at /workspaces/indigenous-rising-ai/src/components/ui/radio-group.tsx:25:74
    at div
    at div
    at file:///workspaces/indigenous-rising-ai/node_modules/@radix-ui/react-primitive/dist/index.mjs:28:13
    at file:///workspaces/indigenous-rising-ai/node_modules/@radix-ui/react-slot/dist/index.mjs:33:13
    at file:///workspaces/indigenous-rising-ai/node_modules/@radix-ui/react-slot/dist/index.mjs:9:13
    at file:///workspaces/indigenous-rising-ai/node_modules/@radix-ui/react-primitive/dist/index.mjs:28:13
    at Provider (file:///workspaces/indigenous-rising-ai/node_modules/@radix-ui/react-context/dist/index.mjs:27:15)
    at file:///workspaces/indigenous-rising-ai/node_modules/@radix-ui/react-roving-focus/dist/index.mjs:32:5
    at file:///workspaces/indigenous-rising-ai/node_modules/@radix-ui/react-slot/dist/index.mjs:33:13
    at file:///workspaces/indigenous-rising-ai/node_modules/@radix-ui/react-slot/dist/index.mjs:9:13
    at file:///workspaces/indigenous-rising-ai/node_modules/@radix-ui/react-collection/dist/index.mjs:27:15
    at Provider (file:///workspaces/indigenous-rising-ai/node_modules/@radix-ui/react-context/dist/index.mjs:27:15)
    at CollectionProvider (file:///workspaces/indigenous-rising-ai/node_modules/@radix-ui/react-collection/dist/index.mjs:17:13)
    at file:///workspaces/indigenous-rising-ai/node_modules/@radix-ui/react-roving-focus/dist/index.mjs:26:68
    at Provider (file:///workspaces/indigenous-rising-ai/node_modules/@radix-ui/react-context/dist/index.mjs:27:15)
    at file:///workspaces/indigenous-rising-ai/node_modules/@radix-ui/react-radio-group/dist/index.mjs:169:7
    at /workspaces/indigenous-rising-ai/src/components/ui/radio-group.tsx:13:70
    at div
    at form
    at div
    at div
    at /workspaces/indigenous-rising-ai/src/components/ui/card.tsx:13:64
    at DataRequestForm (/workspaces/indigenous-rising-ai/src/components/DataRequestForm.tsx:37:77)
    at Router (/workspaces/indigenous-rising-ai/node_modules/react-router/dist/umd/react-router.development.js:1207:17)
    at BrowserRouter (/workspaces/indigenous-rising-ai/node_modules/react-router-dom/dist/umd/react-router-dom.development.js:695:7)

Consider adding an error boundary to your tree to customize error handling behavior.
Visit https://reactjs.org/link/error-boundaries to learn more about error boundaries.
The above error occurred in the <RadioBubbleInput> component:

    at file:///workspaces/indigenous-rising-ai/node_modules/@radix-ui/react-radio-group/dist/index.mjs:104:5
    at Provider (file:///workspaces/indigenous-rising-ai/node_modules/@radix-ui/react-context/dist/index.mjs:27:15)
    at file:///workspaces/indigenous-rising-ai/node_modules/@radix-ui/react-radio-group/dist/index.mjs:30:7
    at file:///workspaces/indigenous-rising-ai/node_modules/@radix-ui/react-slot/dist/index.mjs:33:13
    at file:///workspaces/indigenous-rising-ai/node_modules/@radix-ui/react-slot/dist/index.mjs:9:13
    at file:///workspaces/indigenous-rising-ai/node_modules/@radix-ui/react-primitive/dist/index.mjs:28:13
    at file:///workspaces/indigenous-rising-ai/node_modules/@radix-ui/react-slot/dist/index.mjs:33:13
    at file:///workspaces/indigenous-rising-ai/node_modules/@radix-ui/react-slot/dist/index.mjs:9:13
    at file:///workspaces/indigenous-rising-ai/node_modules/@radix-ui/react-collection/dist/index.mjs:39:15
    at file:///workspaces/indigenous-rising-ai/node_modules/@radix-ui/react-roving-focus/dist/index.mjs:124:7
    at file:///workspaces/indigenous-rising-ai/node_modules/@radix-ui/react-radio-group/dist/index.mjs:228:13
    at /workspaces/indigenous-rising-ai/src/components/ui/radio-group.tsx:25:74
    at div
    at div
    at file:///workspaces/indigenous-rising-ai/node_modules/@radix-ui/react-primitive/dist/index.mjs:28:13
    at file:///workspaces/indigenous-rising-ai/node_modules/@radix-ui/react-slot/dist/index.mjs:33:13
    at file:///workspaces/indigenous-rising-ai/node_modules/@radix-ui/react-slot/dist/index.mjs:9:13
    at file:///workspaces/indigenous-rising-ai/node_modules/@radix-ui/react-primitive/dist/index.mjs:28:13
    at Provider (file:///workspaces/indigenous-rising-ai/node_modules/@radix-ui/react-context/dist/index.mjs:27:15)
    at file:///workspaces/indigenous-rising-ai/node_modules/@radix-ui/react-roving-focus/dist/index.mjs:32:5
    at file:///workspaces/indigenous-rising-ai/node_modules/@radix-ui/react-slot/dist/index.mjs:33:13
    at file:///workspaces/indigenous-rising-ai/node_modules/@radix-ui/react-slot/dist/index.mjs:9:13
    at file:///workspaces/indigenous-rising-ai/node_modules/@radix-ui/react-collection/dist/index.mjs:27:15
    at Provider (file:///workspaces/indigenous-rising-ai/node_modules/@radix-ui/react-context/dist/index.mjs:27:15)
    at CollectionProvider (file:///workspaces/indigenous-rising-ai/node_modules/@radix-ui/react-collection/dist/index.mjs:17:13)
    at file:///workspaces/indigenous-rising-ai/node_modules/@radix-ui/react-roving-focus/dist/index.mjs:26:68
    at Provider (file:///workspaces/indigenous-rising-ai/node_modules/@radix-ui/react-context/dist/index.mjs:27:15)
    at file:///workspaces/indigenous-rising-ai/node_modules/@radix-ui/react-radio-group/dist/index.mjs:169:7
    at /workspaces/indigenous-rising-ai/src/components/ui/radio-group.tsx:13:70
    at div
    at form
    at div
    at div
    at /workspaces/indigenous-rising-ai/src/components/ui/card.tsx:13:64
    at DataRequestForm (/workspaces/indigenous-rising-ai/src/components/DataRequestForm.tsx:37:77)
    at Router (/workspaces/indigenous-rising-ai/node_modules/react-router/dist/umd/react-router.development.js:1207:17)
    at BrowserRouter (/workspaces/indigenous-rising-ai/node_modules/react-router-dom/dist/umd/react-router-dom.development.js:695:7)

Consider adding an error boundary to your tree to customize error handling behavior.
Visit https://reactjs.org/link/error-boundaries to learn more about error boundaries.

 [31m×[39m src/components/DataRequestForm.test.tsx[2m > [22mDataRequestForm[2m > [22mdisplays success screen with tracking number[32m 74[2mms[22m[39m
[31m   → ResizeObserver is not defined[39m
 [31m×[39m src/components/DataRequestForm.test.tsx[2m > [22mDataRequestForm[2m > [22mshows 30-day response timeframe[32m 69[2mms[22m[39m
[31m   → ResizeObserver is not defined[39m
 [31m×[39m src/components/DataRequestForm.test.tsx[2m > [22mDataRequestForm[2m > [22mincludes privacy officer contact information[32m 63[2mms[22m[39m
[31m   → ResizeObserver is not defined[39m
[90mstdout[2m | src/components/__tests__/PlanStepper.test.tsx[2m > [22m[2mPlanStepper[2m > [22m[2muses AI co-pilot and records progress event
[22m[39mTRACK_EVENT {
  event: [32m'ai_copilot_used'[39m,
  properties: { step: [32m'Vision'[39m },
  timestamp: [32m'2026-01-05T08:42:24.036Z'[39m
}

 [31m×[39m src/components/__tests__/PlanStepper.test.tsx[2m > [22mPlanStepper[2m > [22muses AI co-pilot and records progress event[33m 1048[2mms[22m[39m
[31m   → [2mexpect([22m[31melement[31m[2m).toHaveValue([22m[32mStringContaining[31m[2m)[22m

Expected the element to have value:
[32m  StringContaining "Edited by AI co-pilot"[31m
Received:
[31m  My vision statement

  (Edited by AI co-pilot for clarity and alignment with Indigenous values)[31m

Ignored nodes: comments, script, style
[36m<html>[31m
  [36m<head />[31m
  [36m<body>[31m
    [36m<div>[31m
      [36m<div[31m
        [33mclass[31m=[32m"bg-white/4 p-6 rounded-lg space-y-4"[31m
      [36m>[31m
        [36m<div[31m
          [33mclass[31m=[32m"flex items-center justify-between"[31m
        [36m>[31m
          [36m<div>[31m
            [36m<p[31m
              [33mclass[31m=[32m"text-sm text-white/70"[31m
            [36m>[31m
              [0mStep [0m
              [0m1[0m
              [0m of [0m
              [0m6[0m
            [36m</p>[31m
            [36m<h2[31m
              [33mclass[31m=[32m"text-xl font-semibold"[31m
            [36m>[31m
              [0mVision[0m
            [36m</h2>[31m
          [36m</div>[31m
          [36m<div[31m
            [33mclass[31m=[32m"text-sm text-white/70"[31m
          [36m>[31m
            [0mProgress: [0m
            [0m17[0m
            [0m%[0m
          [36m</div>[31m
        [36m</div>[31m
        [36m<textarea[31m
          [33mclass[31m=[32m"w-full bg-transparent border border-white/10 rounded-md p-3 min-h-[120px] text-white"[31m
          [33mplaceholder[31m=[32m"Write your vision..."[31m
        [36m>[31m
          [0mMy vision statement

(Edited by AI co-pilot for clarity and alignment with Indigenous values)[0m
        [36m</textarea>[31m
        [36m<div[31m
          [33mclass[31m=[32m"flex items-center gap-3"[31m
        [36m>[31m
          [36m<button[31m
            [33mclass[31m=[32m"px-3 py-2 bg-emerald-500 rounded-md text-white text-sm"[31m
          [36m>[31m
            [0mUse AI co-pilot[0m
          [36m</button>[31m
          [36m<button[31m
            [33mclass[31m=[32m"px-3 py-2 bg-indigo-600 rounded-md text-white text-sm"[31m
          [36m>[31m
            [0mExport bank-ready PDF[0m
          [36m</button>[31m
          [36m<div[31m
            [33mclass[31m=[32m"ml-auto flex items-center gap-2"[31m
          [36m>[31m
            [36m<button[31m
              [33mclass[31m=[32m"px-3 py-2 bg-white/6 rounded-md text-white/90 text-sm disabled:opacity-50"[31m
              [33mdisabled[31m=[32m""[31m
            [36m>[31m
              [0mBack[0m
            [36m</button>[31m
            [36m<button[31m
              [33mclass[31m=[32m"px-3 py-2 bg-white/8 rounded-md text-white text-sm"[31m
            [36m>[31m
              [0mNext[0m
            [36m</button>[31m
          [36m</div>[31m
        [36m</div>[31m
      [36m</div>[31m
    [36m</div>[31m
  [36m</body>[31m
[36m</html>[31m[39m
[90mstderr[2m | src/pages/Index.test.tsx[2m > [22m[2mIndex Page[2m > [22m[2mrenders without crashing
[22m[39m⚠️ React Router Future Flag Warning: React Router will begin wrapping state updates in `React.startTransition` in v7. You can use the `v7_startTransition` future flag to opt-in early. For more information, see https://reactrouter.com/v6/upgrading/future#v7_starttransition.
⚠️ React Router Future Flag Warning: Relative route resolution within Splat routes is changing in v7. You can use the `v7_relativeSplatPath` future flag to opt-in early. For more information, see https://reactrouter.com/v6/upgrading/future#v7_relativesplatpath.

 [32m✓[39m src/pages/Index.test.tsx[2m > [22mIndex Page[2m > [22mrenders without crashing[32m 198[2mms[22m[39m
 [32m✓[39m src/pages/Index.test.tsx[2m > [22mIndex Page[2m > [22mrenders navigation component[32m 26[2mms[22m[39m
 [31m×[39m src/pages/Index.test.tsx[2m > [22mIndex Page[2m > [22mrenders all main sections in correct order[32m 62[2mms[22m[39m
[31m   → Unable to find an element by: [data-testid="faq"]

Ignored nodes: comments, script, style
[36m<body>[31m
  [36m<div>[31m
    [36m<div[31m
      [33mclass[31m=[32m"min-h-screen bg-background"[31m
    [36m>[31m
      [36m<div[31m
        [33mdata-testid[31m=[32m"meta-tags"[31m
      [36m>[31m
        [0mMeta Tags[0m
      [36m</div>[31m
      [36m<div[31m
        [33mdata-testid[31m=[32m"progress-bar"[31m
      [36m>[31m
        [0mProgress Bar[0m
      [36m</div>[31m
      [36m<a[31m
        [33mclass[31m=[32m"skip-link"[31m
        [33mhref[31m=[32m"#main-content"[31m
      [36m>[31m
        [0mSkip to main content[0m
      [36m</a>[31m
      [36m<nav[31m
        [33mdata-testid[31m=[32m"navigation"[31m
      [36m>[31m
        [0mNavigation[0m
      [36m</nav>[31m
      [36m<main[31m
        [33mid[31m=[32m"main-content"[31m
        [33mrole[31m=[32m"main"[31m
      [36m>[31m
        [36m<section[31m
          [33mdata-testid[31m=[32m"hero"[31m
        [36m>[31m
          [0mHero Section[0m
        [36m</section>[31m
        [36m<section[31m
          [33mclass[31m=[32m"py-16 bg-card/30 border-y border-border/30"[31m
        [36m>[31m
          [36m<div[31m
            [33mclass[31m=[32m"container mx-auto px-4"[31m
          [36m>[31m
            [36m<div[31m
              [33mclass[31m=[32m"text-center mb-10"[31m
            [36m>[31m
              [36m<p[31m
                [33mclass[31m=[32m"text-sm font-medium text-muted-foreground uppercase tracking-wider"[31m
              [36m>[31m
                [0mTrusted by Leading Indigenous Organizations[0m
              [36m</p>[31m
            [36m</div>[31m
            [36m<div[31m
              [33mclass[31m=[32m"grid grid-cols-2 md:grid-cols-3 lg:grid-cols-6 gap-8 items-center justify-items-center"[31m
            [36m>[31m
              [36m<div[31m
                [33mclass[31m=[32m"group flex flex-col items-center gap-3 animate-fade-in-up"[31m
                [33mstyle[31m=[32m"animation-delay: 0s;"[31m
              [36m>[31m
                [36m<div[31m
                  [33mclass[31m=[32m"relative w-20 h-20 md:w-24 md:h-24 rounded-xl bg-background p-3 border border-border/50 shadow-sm group-hover:shadow-natural group-hover:border-primary/30 transition-all duration-300"[31m
                [36m>[31m
                  [36m<img[31m
                    [33malt[31m=[32m"National Aboriginal Capital Corporations Association logo"[31m
                    [33mclass[31m=[32m"w-full h-full object-contain filter grayscale group-hover:grayscale-0 transition-all duration-300"[31m
                    [33mloading[31m=[32m"lazy"[31m
                    [33msrc[31m=[32m"/src/assets/logo-nacca.png"[31m
                  [36m/>[31m
                [36m</div>[31m
                [36m<div[31m
                  [33mclass[31m=[32m"text-center"[31m
                [36m>[31m
                  [36m<p[31m
                    [33mclass[31m=[32m"text-xs font-semibold text-foreground/80 group-hover:text-primary transition-colors"[31m
                  [36m>[31m
                    [0mNACCA[0m
                  [36m</p>[31m
                  [36m<p[31m
                    [33mclass[31m=[32m"text-[10px] text-muted-foreground max-w-[120px] leading-tight hidden md:block"[31m
                  [36m>[31m
                    [0mNational Aboriginal Capital Corporations Association[0m
                  [36m</p>[31m
                [36m</div>[31m
              [36m</div>[31m
              [36m<div[31m
                [33mclass[31m=[32m"group flex flex-col items-center gap-3 animate-fade-in-up"[31m
                [33mstyle[31m=[32m"animation-delay: 0.1s;"[31m
              [36m>[31m
                [36m<div[31m
                  [33mclass[31m=[32m"relative w-20 h-20 md:w-24 md:h-24 rounded-xl bg-background p-3 border border-border/50 shadow-sm group-hover:shadow-natural group-hover:border-primary/30 transition-all duration-300"[31m
                [36m>[31m
                  [36m<img[31m
                    [33malt[31m=[32m"Canadian Council for Indigenous Business logo"[31m
                    [33mclass[31m=[32m"w-full h-full object-contain filter grayscale group-hover:grayscale-0 transition-all duration-300"[31m
                    [33mloading[31m=[32m"lazy"[31m
                    [33msrc[31m=[32m"/src/assets/logo-ccib.png"[31m
                  [36m/>[31m
                [36m</div>[31m
                [36m<div[31m
                  [33mclass[31m=[32m"text-center"[31m
                [36m>[31m
                  [36m<p[31m
                    [33mclass[31m=[32m"text-xs font-semibold text-foreground/80 group-hover:text-primary transition-colors"[31m
                  [36m>[31m
                    [0mCCIB[0m
                  [36m</p>[31m
                  [36m<p[31m
                    [33mclass[31m=[32m"text-[10px] text-muted-foreground max-w-[120px] leading-tight hidden md:block"[31m
                  [36m>[31m
                    [0mCanadian Council for Indigenous Business[0m
                  [36m</p>[31m
                [36m</div>[31m
              [36m</div>[31m
              [36m<div[31m
                [33mclass[31m=[32m"group flex flex-col items-center gap-3 animate-fade-in-up"[31m
                [33mstyle[31m=[32m"animation-delay: 0.2s;"[31m
              [36m>[31m
                [36m<div[31m
                  [33mclass[31m=[32m"relative w-20 h-20 md:w-24 md:h-24 rounded-xl bg-background p-3 border border-border/50 shadow-sm group-hover:shadow-natural group-hover:border-primary/30 transition-all duration-300"[31m
                [36m>[31m
                  [36m<img[31m
                    [33malt[31m=[32m"Assembly of First Nations logo"[31m
                    [33mclass[31m=[32m"w-full h-full object-contain filter grayscale group-hover:grayscale-0 transition-all duration-300"[31m
                    [33mloading[31m=[32m"lazy"[31m
                    [33msrc[31m=[32m"/src/assets/logo-afn.png"[31m
                  [36m/>[31m
                [36m</div>[31m
                [36m<div[31m
                  [33mclass[31m=[32m"text-center"[31m
                [36m>[31m
                  [36m<p[31m
                    [33mclass[31m=[32m"text-xs font-semibold text-foreground/80 group-hover:text-primary transition-colors"[31m
                  [36m>[31m
                    [0mAFN[0m
                  [36m</p>[31m
                  [36m<p[31m
                    [33mclass[31m=[32m"text-[10px] text-muted-foreground max-w-[120px] leading-tight hidden md:block"[31m
                  [36m>[31m
                    [0mAssembly of First Nations[0m
                  [36m</p>[31m
                [36m</div>[31m
              [36m</div>[31m
              [36m<div[31m
                [33...[39m
 [32m✓[39m src/pages/Index.test.tsx[2m > [22mIndex Page[2m > [22mrenders footer component[32m 31[2mms[22m[39m
 [32m✓[39m src/pages/Index.test.tsx[2m > [22mIndex Page[2m > [22mrenders utility components[32m 43[2mms[22m[39m
 [32m✓[39m src/pages/Index.test.tsx[2m > [22mIndex Page[2m > [22mhas proper semantic HTML structure[32m 76[2mms[22m[39m
 [32m✓[39m src/pages/Index.test.tsx[2m > [22mIndex Page[2m > [22mincludes skip to main content link for accessibility[32m 30[2mms[22m[39m
 [32m✓[39m src/pages/Index.test.tsx[2m > [22mIndex Page[2m > [22mrenders MetaTags component[32m 38[2mms[22m[39m
 [32m✓[39m src/pages/Index.test.tsx[2m > [22mIndex Page[2m > [22mhas minimum height styling[32m 31[2mms[22m[39m
ReferenceError: ResizeObserver is not defined
    at file:///workspaces/indigenous-rising-ai/node_modules/@radix-ui/react-use-size/dist/index.mjs:9:30
    at commitHookEffectListMount (/workspaces/indigenous-rising-ai/node_modules/react-dom/cjs/react-dom.development.js:23189:26)
    at commitLayoutEffectOnFiber (/workspaces/indigenous-rising-ai/node_modules/react-dom/cjs/react-dom.development.js:23312:15)
    at commitLayoutMountEffects_complete (/workspaces/indigenous-rising-ai/node_modules/react-dom/cjs/react-dom.development.js:24727:9)
    at commitLayoutEffects_begin (/workspaces/indigenous-rising-ai/node_modules/react-dom/cjs/react-dom.development.js:24713:7)
    at commitLayoutEffects (/workspaces/indigenous-rising-ai/node_modules/react-dom/cjs/react-dom.development.js:24651:3)
    at commitRootImpl (/workspaces/indigenous-rising-ai/node_modules/react-dom/cjs/react-dom.development.js:26862:5)
    at commitRoot (/workspaces/indigenous-rising-ai/node_modules/react-dom/cjs/react-dom.development.js:26721:5)
    at performSyncWorkOnRoot (/workspaces/indigenous-rising-ai/node_modules/react-dom/cjs/react-dom.development.js:26156:3)
    at flushSyncCallbacks (/workspaces/indigenous-rising-ai/node_modules/react-dom/cjs/react-dom.development.js:12042:22)
[90mstderr[2m | src/components/NewsletterSignup.test.tsx[2m > [22m[2mNewsletterSignup[2m > [22m[2mrenders newsletter signup form
[22m[39m⚠️ React Router Future Flag Warning: React Router will begin wrapping state updates in `React.startTransition` in v7. You can use the `v7_startTransition` future flag to opt-in early. For more information, see https://reactrouter.com/v6/upgrading/future#v7_starttransition.
⚠️ React Router Future Flag Warning: Relative route resolution within Splat routes is changing in v7. You can use the `v7_relativeSplatPath` future flag to opt-in early. For more information, see https://reactrouter.com/v6/upgrading/future#v7_relativesplatpath.
The above error occurred in the <CheckboxBubbleInput> component:

    at file:///workspaces/indigenous-rising-ai/node_modules/@radix-ui/react-checkbox/dist/index.mjs:196:6
    at Provider (file:///workspaces/indigenous-rising-ai/node_modules/@radix-ui/react-context/dist/index.mjs:27:15)
    at CheckboxProvider (file:///workspaces/indigenous-rising-ai/node_modules/@radix-ui/react-checkbox/dist/index.mjs:19:5)
    at file:///workspaces/indigenous-rising-ai/node_modules/@radix-ui/react-checkbox/dist/index.mjs:126:7
    at /workspaces/indigenous-rising-ai/src/components/ui/checkbox.tsx:12:68
    at div
    at div
    at form
    at div
    at div
    at /workspaces/indigenous-rising-ai/src/components/ui/card.tsx:13:64
    at NewsletterSignup (/workspaces/indigenous-rising-ai/src/components/NewsletterSignup.tsx:33:77)
    at Router (/workspaces/indigenous-rising-ai/node_modules/react-router/dist/umd/react-router.development.js:1207:17)
    at BrowserRouter (/workspaces/indigenous-rising-ai/node_modules/react-router-dom/dist/umd/react-router-dom.development.js:695:7)

Consider adding an error boundary to your tree to customize error handling behavior.
Visit https://reactjs.org/link/error-boundaries to learn more about error boundaries.

ReferenceError: ResizeObserver is not defined
    at file:///workspaces/indigenous-rising-ai/node_modules/@radix-ui/react-use-size/dist/index.mjs:9:30
    at commitHookEffectListMount (/workspaces/indigenous-rising-ai/node_modules/react-dom/cjs/react-dom.development.js:23189:26)
    at commitLayoutEffectOnFiber (/workspaces/indigenous-rising-ai/node_modules/react-dom/cjs/react-dom.development.js:23312:15)
    at commitLayoutMountEffects_complete (/workspaces/indigenous-rising-ai/node_modules/react-dom/cjs/react-dom.development.js:24727:9)
    at commitLayoutEffects_begin (/workspaces/indigenous-rising-ai/node_modules/react-dom/cjs/react-dom.development.js:24713:7)
    at commitLayoutEffects (/workspaces/indigenous-rising-ai/node_modules/react-dom/cjs/react-dom.development.js:24651:3)
    at commitRootImpl (/workspaces/indigenous-rising-ai/node_modules/react-dom/cjs/react-dom.development.js:26862:5)
    at commitRoot (/workspaces/indigenous-rising-ai/node_modules/react-dom/cjs/react-dom.development.js:26721:5)
    at performSyncWorkOnRoot (/workspaces/indigenous-rising-ai/node_modules/react-dom/cjs/react-dom.development.js:26156:3)
    at flushSyncCallbacks (/workspaces/indigenous-rising-ai/node_modules/react-dom/cjs/react-dom.development.js:12042:22)
[90mstderr[2m | src/components/NewsletterSignup.test.tsx[2m > [22m[2mNewsletterSignup[2m > [22m[2mvalidates email format
[22m[39mThe above error occurred in the <CheckboxBubbleInput> component:

    at file:///workspaces/indigenous-rising-ai/node_modules/@radix-ui/react-checkbox/dist/index.mjs:196:6
    at Provider (file:///workspaces/indigenous-rising-ai/node_modules/@radix-ui/react-context/dist/index.mjs:27:15)
    at CheckboxProvider (file:///workspaces/indigenous-rising-ai/node_modules/@radix-ui/react-checkbox/dist/index.mjs:19:5)
    at file:///workspaces/indigenous-rising-ai/node_modules/@radix-ui/react-checkbox/dist/index.mjs:126:7
    at /workspaces/indigenous-rising-ai/src/components/ui/checkbox.tsx:12:68
    at div
    at div
    at form
    at div
    at div
    at /workspaces/indigenous-rising-ai/src/components/ui/card.tsx:13:64
    at NewsletterSignup (/workspaces/indigenous-rising-ai/src/components/NewsletterSignup.tsx:33:77)
    at Router (/workspaces/indigenous-rising-ai/node_modules/react-router/dist/umd/react-router.development.js:1207:17)
    at BrowserRouter (/workspaces/indigenous-rising-ai/node_modules/react-router-dom/dist/umd/react-router-dom.development.js:695:7)

Consider adding an error boundary to your tree to customize error handling behavior.
Visit https://reactjs.org/link/error-boundaries to learn more about error boundaries.

ReferenceError: ResizeObserver is not defined
    at file:///workspaces/indigenous-rising-ai/node_modules/@radix-ui/react-use-size/dist/index.mjs:9:30
    at commitHookEffectListMount (/workspaces/indigenous-rising-ai/node_modules/react-dom/cjs/react-dom.development.js:23189:26)
    at commitLayoutEffectOnFiber (/workspaces/indigenous-rising-ai/node_modules/react-dom/cjs/react-dom.development.js:23312:15)
    at commitLayoutMountEffects_complete (/workspaces/indigenous-rising-ai/node_modules/react-dom/cjs/react-dom.development.js:24727:9)
    at commitLayoutEffects_begin (/workspaces/indigenous-rising-ai/node_modules/react-dom/cjs/react-dom.development.js:24713:7)
    at commitLayoutEffects (/workspaces/indigenous-rising-ai/node_modules/react-dom/cjs/react-dom.development.js:24651:3)
    at commitRootImpl (/workspaces/indigenous-rising-ai/node_modules/react-dom/cjs/react-dom.development.js:26862:5)
    at commitRoot (/workspaces/indigenous-rising-ai/node_modules/react-dom/cjs/react-dom.development.js:26721:5)
    at performSyncWorkOnRoot (/workspaces/indigenous-rising-ai/node_modules/react-dom/cjs/react-dom.development.js:26156:3)
    at flushSyncCallbacks (/workspaces/indigenous-rising-ai/node_modules/react-dom/cjs/react-dom.development.js:12042:22)
[90mstderr[2m | src/components/NewsletterSignup.test.tsx[2m > [22m[2mNewsletterSignup[2m > [22m[2mrequires consent checkbox to be checked
[22m[39mThe above error occurred in the <CheckboxBubbleInput> component:

    at file:///workspaces/indigenous-rising-ai/node_modules/@radix-ui/react-checkbox/dist/index.mjs:196:6
    at Provider (file:///workspaces/indigenous-rising-ai/node_modules/@radix-ui/react-context/dist/index.mjs:27:15)
    at CheckboxProvider (file:///workspaces/indigenous-rising-ai/node_modules/@radix-ui/react-checkbox/dist/index.mjs:19:5)
    at file:///workspaces/indigenous-rising-ai/node_modules/@radix-ui/react-checkbox/dist/index.mjs:126:7
    at /workspaces/indigenous-rising-ai/src/components/ui/checkbox.tsx:12:68
    at div
    at div
    at form
    at div
    at div
    at /workspaces/indigenous-rising-ai/src/components/ui/card.tsx:13:64
    at NewsletterSignup (/workspaces/indigenous-rising-ai/src/components/NewsletterSignup.tsx:33:77)
    at Router (/workspaces/indigenous-rising-ai/node_modules/react-router/dist/umd/react-router.development.js:1207:17)
    at BrowserRouter (/workspaces/indigenous-rising-ai/node_modules/react-router-dom/dist/umd/react-router-dom.development.js:695:7)

Consider adding an error boundary to your tree to customize error handling behavior.
Visit https://reactjs.org/link/error-boundaries to learn more about error boundaries.

 [31m×[39m src/components/NewsletterSignup.test.tsx[2m > [22mNewsletterSignup[2m > [22mrenders newsletter signup form[32m 77[2mms[22m[39m
[31m   → ResizeObserver is not defined[39m
 [31m×[39m src/components/NewsletterSignup.test.tsx[2m > [22mNewsletterSignup[2m > [22mvalidates email format[32m 18[2mms[22m[39m
[31m   → ResizeObserver is not defined[39m
ReferenceError: ResizeObserver is not defined
    at file:///workspaces/indigenous-rising-ai/node_modules/@radix-ui/react-use-size/dist/index.mjs:9:30
    at commitHookEffectListMount (/workspaces/indigenous-rising-ai/node_modules/react-dom/cjs/react-dom.development.js:23189:26)
    at commitLayoutEffectOnFiber (/workspaces/indigenous-rising-ai/node_modules/react-dom/cjs/react-dom.development.js:23312:15)
    at commitLayoutMountEffects_complete (/workspaces/indigenous-rising-ai/node_modules/react-dom/cjs/react-dom.development.js:24727:9)
    at commitLayoutEffects_begin (/workspaces/indigenous-rising-ai/node_modules/react-dom/cjs/react-dom.development.js:24713:7)
    at commitLayoutEffects (/workspaces/indigenous-rising-ai/node_modules/react-dom/cjs/react-dom.development.js:24651:3)
    at commitRootImpl (/workspaces/indigenous-rising-ai/node_modules/react-dom/cjs/react-dom.development.js:26862:5)
    at commitRoot (/workspaces/indigenous-rising-ai/node_modules/react-dom/cjs/react-dom.development.js:26721:5)
    at performSyncWorkOnRoot (/workspaces/indigenous-rising-ai/node_modules/react-dom/cjs/react-dom.development.js:26156:3)
    at flushSyncCallbacks (/workspaces/indigenous-rising-ai/node_modules/react-dom/cjs/react-dom.development.js:12042:22)
[90mstderr[2m | src/components/NewsletterSignup.test.tsx[2m > [22m[2mNewsletterSignup[2m > [22m[2menables submit button when form is valid and consent is given
[22m[39mThe above error occurred in the <CheckboxBubbleInput> component:

    at file:///workspaces/indigenous-rising-ai/node_modules/@radix-ui/react-checkbox/dist/index.mjs:196:6
    at Provider (file:///workspaces/indigenous-rising-ai/node_modules/@radix-ui/react-context/dist/index.mjs:27:15)
    at CheckboxProvider (file:///workspaces/indigenous-rising-ai/node_modules/@radix-ui/react-checkbox/dist/index.mjs:19:5)
    at file:///workspaces/indigenous-rising-ai/node_modules/@radix-ui/react-checkbox/dist/index.mjs:126:7
    at /workspaces/indigenous-rising-ai/src/components/ui/checkbox.tsx:12:68
    at div
    at div
    at form
    at div
    at div
    at /workspaces/indigenous-rising-ai/src/components/ui/card.tsx:13:64
    at NewsletterSignup (/workspaces/indigenous-rising-ai/src/components/NewsletterSignup.tsx:33:77)
    at Router (/workspaces/indigenous-rising-ai/node_modules/react-router/dist/umd/react-router.development.js:1207:17)
    at BrowserRouter (/workspaces/indigenous-rising-ai/node_modules/react-router-dom/dist/umd/react-router-dom.development.js:695:7)

Consider adding an error boundary to your tree to customize error handling behavior.
Visit https://reactjs.org/link/error-boundaries to learn more about error boundaries.

ReferenceError: ResizeObserver is not defined
    at file:///workspaces/indigenous-rising-ai/node_modules/@radix-ui/react-use-size/dist/index.mjs:9:30
    at commitHookEffectListMount (/workspaces/indigenous-rising-ai/node_modules/react-dom/cjs/react-dom.development.js:23189:26)
    at commitLayoutEffectOnFiber (/workspaces/indigenous-rising-ai/node_modules/react-dom/cjs/react-dom.development.js:23312:15)
    at commitLayoutMountEffects_complete (/workspaces/indigenous-rising-ai/node_modules/react-dom/cjs/react-dom.development.js:24727:9)
    at commitLayoutEffects_begin (/workspaces/indigenous-rising-ai/node_modules/react-dom/cjs/react-dom.development.js:24713:7)
    at commitLayoutEffects (/workspaces/indigenous-rising-ai/node_modules/react-dom/cjs/react-dom.development.js:24651:3)
    at commitRootImpl (/workspaces/indigenous-rising-ai/node_modules/react-dom/cjs/react-dom.development.js:26862:5)
    at commitRoot (/workspaces/indigenous-rising-ai/node_modules/react-dom/cjs/react-dom.development.js:26721:5)
    at performSyncWorkOnRoot (/workspaces/indigenous-rising-ai/node_modules/react-dom/cjs/react-dom.development.js:26156:3)
    at flushSyncCallbacks (/workspaces/indigenous-rising-ai/node_modules/react-dom/cjs/react-dom.development.js:12042:22)
[90mstderr[2m | src/components/NewsletterSignup.test.tsx[2m > [22m[2mNewsletterSignup[2m > [22m[2mrejects emails with plus-addressing
[22m[39mThe above error occurred in the <CheckboxBubbleInput> component:

    at file:///workspaces/indigenous-rising-ai/node_modules/@radix-ui/react-checkbox/dist/index.mjs:196:6
    at Provider (file:///workspaces/indigenous-rising-ai/node_modules/@radix-ui/react-context/dist/index.mjs:27:15)
    at CheckboxProvider (file:///workspaces/indigenous-rising-ai/node_modules/@radix-ui/react-checkbox/dist/index.mjs:19:5)
    at file:///workspaces/indigenous-rising-ai/node_modules/@radix-ui/react-checkbox/dist/index.mjs:126:7
    at /workspaces/indigenous-rising-ai/src/components/ui/checkbox.tsx:12:68
    at div
    at div
    at form
    at div
    at div
    at /workspaces/indigenous-rising-ai/src/components/ui/card.tsx:13:64
    at NewsletterSignup (/workspaces/indigenous-rising-ai/src/components/NewsletterSignup.tsx:33:77)
    at Router (/workspaces/indigenous-rising-ai/node_modules/react-router/dist/umd/react-router.development.js:1207:17)
    at BrowserRouter (/workspaces/indigenous-rising-ai/node_modules/react-router-dom/dist/umd/react-router-dom.development.js:695:7)

Consider adding an error boundary to your tree to customize error handling behavior.
Visit https://reactjs.org/link/error-boundaries to learn more about error boundaries.

ReferenceError: ResizeObserver is not defined
    at file:///workspaces/indigenous-rising-ai/node_modules/@radix-ui/react-use-size/dist/index.mjs:9:30
    at commitHookEffectListMount (/workspaces/indigenous-rising-ai/node_modules/react-dom/cjs/react-dom.development.js:23189:26)
    at commitLayoutEffectOnFiber (/workspaces/indigenous-rising-ai/node_modules/react-dom/cjs/react-dom.development.js:23312:15)
    at commitLayoutMountEffects_complete (/workspaces/indigenous-rising-ai/node_modules/react-dom/cjs/react-dom.development.js:24727:9)
    at commitLayoutEffects_begin (/workspaces/indigenous-rising-ai/node_modules/react-dom/cjs/react-dom.development.js:24713:7)
    at commitLayoutEffects (/workspaces/indigenous-rising-ai/node_modules/react-dom/cjs/react-dom.development.js:24651:3)
    at commitRootImpl (/workspaces/indigenous-rising-ai/node_modules/react-dom/cjs/react-dom.development.js:26862:5)
    at commitRoot (/workspaces/indigenous-rising-ai/node_modules/react-dom/cjs/react-dom.development.js:26721:5)
    at performSyncWorkOnRoot (/workspaces/indigenous-rising-ai/node_modules/react-dom/cjs/react-dom.development.js:26156:3)
    at flushSyncCallbacks (/workspaces/indigenous-rising-ai/node_modules/react-dom/cjs/react-dom.development.js:12042:22)
[90mstderr[2m | src/components/NewsletterSignup.test.tsx[2m > [22m[2mNewsletterSignup[2m > [22m[2mdisplays success message after successful submission
[22m[39mThe above error occurred in the <CheckboxBubbleInput> component:

    at file:///workspaces/indigenous-rising-ai/node_modules/@radix-ui/react-checkbox/dist/index.mjs:196:6
    at Provider (file:///workspaces/indigenous-rising-ai/node_modules/@radix-ui/react-context/dist/index.mjs:27:15)
    at CheckboxProvider (file:///workspaces/indigenous-rising-ai/node_modules/@radix-ui/react-checkbox/dist/index.mjs:19:5)
    at file:///workspaces/indigenous-rising-ai/node_modules/@radix-ui/react-checkbox/dist/index.mjs:126:7
    at /workspaces/indigenous-rising-ai/src/components/ui/checkbox.tsx:12:68
    at div
    at div
    at form
    at div
    at div
    at /workspaces/indigenous-rising-ai/src/components/ui/card.tsx:13:64
    at NewsletterSignup (/workspaces/indigenous-rising-ai/src/components/NewsletterSignup.tsx:33:77)
    at Router (/workspaces/indigenous-rising-ai/node_modules/react-router/dist/umd/react-router.development.js:1207:17)
    at BrowserRouter (/workspaces/indigenous-rising-ai/node_modules/react-router-dom/dist/umd/react-router-dom.development.js:695:7)

Consider adding an error boundary to your tree to customize error handling behavior.
Visit https://reactjs.org/link/error-boundaries to learn more about error boundaries.

ReferenceError: ResizeObserver is not defined
    at file:///workspaces/indigenous-rising-ai/node_modules/@radix-ui/react-use-size/dist/index.mjs:9:30
    at commitHookEffectListMount (/workspaces/indigenous-rising-ai/node_modules/react-dom/cjs/react-dom.development.js:23189:26)
    at commitLayoutEffectOnFiber (/workspaces/indigenous-rising-ai/node_modules/react-dom/cjs/react-dom.development.js:23312:15)
    at commitLayoutMountEffects_complete (/workspaces/indigenous-rising-ai/node_modules/react-dom/cjs/react-dom.development.js:24727:9)
    at commitLayoutEffects_begin (/workspaces/indigenous-rising-ai/node_modules/react-dom/cjs/react-dom.development.js:24713:7)
    at commitLayoutEffects (/workspaces/indigenous-rising-ai/node_modules/react-dom/cjs/react-dom.development.js:24651:3)
    at commitRootImpl (/workspaces/indigenous-rising-ai/node_modules/react-dom/cjs/react-dom.development.js:26862:5)
    at commitRoot (/workspaces/indigenous-rising-ai/node_modules/react-dom/cjs/react-dom.development.js:26721:5)
    at performSyncWorkOnRoot (/workspaces/indigenous-rising-ai/node_modules/react-dom/cjs/react-dom.development.js:26156:3)
    at flushSyncCallbacks (/workspaces/indigenous-rising-ai/node_modules/react-dom/cjs/react-dom.development.js:12042:22)
[90mstderr[2m | src/components/NewsletterSignup.test.tsx[2m > [22m[2mNewsletterSignup[2m > [22m[2mdisplays loading state during submission
[22m[39mThe above error occurred in the <CheckboxBubbleInput> component:

    at file:///workspaces/indigenous-rising-ai/node_modules/@radix-ui/react-checkbox/dist/index.mjs:196:6
    at Provider (file:///workspaces/indigenous-rising-ai/node_modules/@radix-ui/react-context/dist/index.mjs:27:15)
    at CheckboxProvider (file:///workspaces/indigenous-rising-ai/node_modules/@radix-ui/react-checkbox/dist/index.mjs:19:5)
    at file:///workspaces/indigenous-rising-ai/node_modules/@radix-ui/react-checkbox/dist/index.mjs:126:7
    at /workspaces/indigenous-rising-ai/src/components/ui/checkbox.tsx:12:68
    at div
    at div
    at form
    at div
    at div
    at /workspaces/indigenous-rising-ai/src/components/ui/card.tsx:13:64
    at NewsletterSignup (/workspaces/indigenous-rising-ai/src/components/NewsletterSignup.tsx:33:77)
    at Router (/workspaces/indigenous-rising-ai/node_modules/react-router/dist/umd/react-router.development.js:1207:17)
    at BrowserRouter (/workspaces/indigenous-rising-ai/node_modules/react-router-dom/dist/umd/react-router-dom.development.js:695:7)

Consider adding an error boundary to your tree to customize error handling behavior.
Visit https://reactjs.org/link/error-boundaries to learn more about error boundaries.

ReferenceError: ResizeObserver is not defined
    at file:///workspaces/indigenous-rising-ai/node_modules/@radix-ui/react-use-size/dist/index.mjs:9:30
    at commitHookEffectListMount (/workspaces/indigenous-rising-ai/node_modules/react-dom/cjs/react-dom.development.js:23189:26)
    at commitLayoutEffectOnFiber (/workspaces/indigenous-rising-ai/node_modules/react-dom/cjs/react-dom.development.js:23312:15)
    at commitLayoutMountEffects_complete (/workspaces/indigenous-rising-ai/node_modules/react-dom/cjs/react-dom.development.js:24727:9)
    at commitLayoutEffects_begin (/workspaces/indigenous-rising-ai/node_modules/react-dom/cjs/react-dom.development.js:24713:7)
    at commitLayoutEffects (/workspaces/indigenous-rising-ai/node_modules/react-dom/cjs/react-dom.development.js:24651:3)
    at commitRootImpl (/workspaces/indigenous-rising-ai/node_modules/react-dom/cjs/react-dom.development.js:26862:5)
    at commitRoot (/workspaces/indigenous-rising-ai/node_modules/react-dom/cjs/react-dom.development.js:26721:5)
    at performSyncWorkOnRoot (/workspaces/indigenous-rising-ai/node_modules/react-dom/cjs/react-dom.development.js:26156:3)
    at flushSyncCallbacks (/workspaces/indigenous-rising-ai/node_modules/react-dom/cjs/react-dom.development.js:12042:22)
[90mstderr[2m | src/components/NewsletterSignup.test.tsx[2m > [22m[2mNewsletterSignup[2m > [22m[2mshows privacy policy link
[22m[39mThe above error occurred in the <CheckboxBubbleInput> component:

    at file:///workspaces/indigenous-rising-ai/node_modules/@radix-ui/react-checkbox/dist/index.mjs:196:6
    at Provider (file:///workspaces/indigenous-rising-ai/node_modules/@radix-ui/react-context/dist/index.mjs:27:15)
    at CheckboxProvider (file:///workspaces/indigenous-rising-ai/node_modules/@radix-ui/react-checkbox/dist/index.mjs:19:5)
    at file:///workspaces/indigenous-rising-ai/node_modules/@radix-ui/react-checkbox/dist/index.mjs:126:7
    at /workspaces/indigenous-rising-ai/src/components/ui/checkbox.tsx:12:68
    at div
    at div
    at form
    at div
    at div
    at /workspaces/indigenous-rising-ai/src/components/ui/card.tsx:13:64
    at NewsletterSignup (/workspaces/indigenous-rising-ai/src/components/NewsletterSignup.tsx:33:77)
    at Router (/workspaces/indigenous-rising-ai/node_modules/react-router/dist/umd/react-router.development.js:1207:17)
    at BrowserRouter (/workspaces/indigenous-rising-ai/node_modules/react-router-dom/dist/umd/react-router-dom.development.js:695:7)

Consider adding an error boundary to your tree to customize error handling behavior.
Visit https://reactjs.org/link/error-boundaries to learn more about error boundaries.

 [31m×[39m src/components/NewsletterSignup.test.tsx[2m > [22mNewsletterSignup[2m > [22mrequires consent checkbox to be checked[32m 15[2mms[22m[39m
[31m   → ResizeObserver is not defined[39m
 [31m×[39m src/components/NewsletterSignup.test.tsx[2m > [22mNewsletterSignup[2m > [22menables submit button when form is valid and consent is given[32m 25[2mms[22m[39m
[31m   → ResizeObserver is not defined[39m
 [31m×[39m src/components/NewsletterSignup.test.tsx[2m > [22mNewsletterSignup[2m > [22mrejects emails with plus-addressing[32m 19[2mms[22m[39m
[31m   → ResizeObserver is not defined[39m
 [31m×[39m src/components/NewsletterSignup.test.tsx[2m > [22mNewsletterSignup[2m > [22mdisplays success message after successful submission[32m 27[2mms[22m[39m
[31m   → ResizeObserver is not defined[39m
 [31m×[39m src/components/NewsletterSignup.test.tsx[2m > [22mNewsletterSignup[2m > [22mdisplays loading state during submission[32m 11[2mms[22m[39m
[31m   → ResizeObserver is not defined[39m
ReferenceError: ResizeObserver is not defined
    at file:///workspaces/indigenous-rising-ai/node_modules/@radix-ui/react-use-size/dist/index.mjs:9:30
    at commitHookEffectListMount (/workspaces/indigenous-rising-ai/node_modules/react-dom/cjs/react-dom.development.js:23189:26)
    at commitLayoutEffectOnFiber (/workspaces/indigenous-rising-ai/node_modules/react-dom/cjs/react-dom.development.js:23312:15)
    at commitLayoutMountEffects_complete (/workspaces/indigenous-rising-ai/node_modules/react-dom/cjs/react-dom.development.js:24727:9)
    at commitLayoutEffects_begin (/workspaces/indigenous-rising-ai/node_modules/react-dom/cjs/react-dom.development.js:24713:7)
    at commitLayoutEffects (/workspaces/indigenous-rising-ai/node_modules/react-dom/cjs/react-dom.development.js:24651:3)
    at commitRootImpl (/workspaces/indigenous-rising-ai/node_modules/react-dom/cjs/react-dom.development.js:26862:5)
    at commitRoot (/workspaces/indigenous-rising-ai/node_modules/react-dom/cjs/react-dom.development.js:26721:5)
    at performSyncWorkOnRoot (/workspaces/indigenous-rising-ai/node_modules/react-dom/cjs/react-dom.development.js:26156:3)
    at flushSyncCallbacks (/workspaces/indigenous-rising-ai/node_modules/react-dom/cjs/react-dom.development.js:12042:22)
[90mstderr[2m | src/components/NewsletterSignup.test.tsx[2m > [22m[2mNewsletterSignup[2m > [22m[2mdisplays PIPEDA compliance message
[22m[39mThe above error occurred in the <CheckboxBubbleInput> component:

    at file:///workspaces/indigenous-rising-ai/node_modules/@radix-ui/react-checkbox/dist/index.mjs:196:6
    at Provider (file:///workspaces/indigenous-rising-ai/node_modules/@radix-ui/react-context/dist/index.mjs:27:15)
    at CheckboxProvider (file:///workspaces/indigenous-rising-ai/node_modules/@radix-ui/react-checkbox/dist/index.mjs:19:5)
    at file:///workspaces/indigenous-rising-ai/node_modules/@radix-ui/react-checkbox/dist/index.mjs:126:7
    at /workspaces/indigenous-rising-ai/src/components/ui/checkbox.tsx:12:68
    at div
    at div
    at form
    at div
    at div
    at /workspaces/indigenous-rising-ai/src/components/ui/card.tsx:13:64
    at NewsletterSignup (/workspaces/indigenous-rising-ai/src/components/NewsletterSignup.tsx:33:77)
    at Router (/workspaces/indigenous-rising-ai/node_modules/react-router/dist/umd/react-router.development.js:1207:17)
    at BrowserRouter (/workspaces/indigenous-rising-ai/node_modules/react-router-dom/dist/umd/react-router-dom.development.js:695:7)

Consider adding an error boundary to your tree to customize error handling behavior.
Visit https://reactjs.org/link/error-boundaries to learn more about error boundaries.

 [31m×[39m src/components/NewsletterSignup.test.tsx[2m > [22mNewsletterSignup[2m > [22mshows privacy policy link[32m 19[2mms[22m[39m
[31m   → ResizeObserver is not defined[39m
 [31m×[39m src/components/NewsletterSignup.test.tsx[2m > [22mNewsletterSignup[2m > [22mdisplays PIPEDA compliance message[32m 20[2mms[22m[39m
[31m   → ResizeObserver is not defined[39m
Not implemented: Window's alert() method
[90mstdout[2m | src/components/__tests__/ImpactLogForm.test.tsx[2m > [22m[2mImpactLogForm[2m > [22m[2msubmits a log and records analytics
[22m[39mTRACK_EVENT {
  event: [32m'impact_log_submitted'[39m,
  properties: { jobs: [33m2[39m, youth: [33m0[39m },
  timestamp: [32m'2026-01-05T08:42:29.176Z'[39m
}

 [32m✓[39m src/components/__tests__/ImpactLogForm.test.tsx[2m > [22mImpactLogForm[2m > [22msubmits a log and records analytics[32m 104[2mms[22m[39m
Not implemented: Window's alert() method
[90mstdout[2m | src/components/__tests__/FundingList.test.tsx[2m > [22m[2mFundingList[2m > [22m[2mstarts application and records analytics
[22m[39mTRACK_EVENT {
  event: [32m'funding_application_started'[39m,
  properties: { opportunityId: [32m'1'[39m, title: [32m'Arts Support Grant'[39m },
  timestamp: [32m'2026-01-05T08:42:30.179Z'[39m
}

 [32m✓[39m src/components/__tests__/FundingList.test.tsx[2m > [22mFundingList[2m > [22mstarts application and records analytics[32m 126[2mms[22m[39m
Error: Test error
    at ThrowError (/workspaces/indigenous-rising-ai/src/components/ErrorBoundary.test.tsx:6:9)
    at renderWithHooks (/workspaces/indigenous-rising-ai/node_modules/react-dom/cjs/react-dom.development.js:15486:18)
    at mountIndeterminateComponent (/workspaces/indigenous-rising-ai/node_modules/react-dom/cjs/react-dom.development.js:20103:13)
    at beginWork (/workspaces/indigenous-rising-ai/node_modules/react-dom/cjs/react-dom.development.js:21626:16)
    at HTMLUnknownElement.callCallback (/workspaces/indigenous-rising-ai/node_modules/react-dom/cjs/react-dom.development.js:4164:14)
    at HTMLUnknownElement.callTheUserObjectsOperation (/workspaces/indigenous-rising-ai/node_modules/jsdom/lib/jsdom/living/generated/EventListener.js:26:30)
    at innerInvokeEventListeners (/workspaces/indigenous-rising-ai/node_modules/jsdom/lib/jsdom/living/events/EventTarget-impl.js:360:16)
    at invokeEventListeners (/workspaces/indigenous-rising-ai/node_modules/jsdom/lib/jsdom/living/events/EventTarget-impl.js:296:3)
    at HTMLUnknownElementImpl._dispatch (/workspaces/indigenous-rising-ai/node_modules/jsdom/lib/jsdom/living/events/EventTarget-impl.js:243:9)
    at HTMLUnknownElementImpl.dispatchEvent (/workspaces/indigenous-rising-ai/node_modules/jsdom/lib/jsdom/living/events/EventTarget-impl.js:114:17)
Error: Test error
    at ThrowError (/workspaces/indigenous-rising-ai/src/components/ErrorBoundary.test.tsx:6:9)
    at renderWithHooks (/workspaces/indigenous-rising-ai/node_modules/react-dom/cjs/react-dom.development.js:15486:18)
    at mountIndeterminateComponent (/workspaces/indigenous-rising-ai/node_modules/react-dom/cjs/react-dom.development.js:20103:13)
    at beginWork (/workspaces/indigenous-rising-ai/node_modules/react-dom/cjs/react-dom.development.js:21626:16)
    at HTMLUnknownElement.callCallback (/workspaces/indigenous-rising-ai/node_modules/react-dom/cjs/react-dom.development.js:4164:14)
    at HTMLUnknownElement.callTheUserObjectsOperation (/workspaces/indigenous-rising-ai/node_modules/jsdom/lib/jsdom/living/generated/EventListener.js:26:30)
    at innerInvokeEventListeners (/workspaces/indigenous-rising-ai/node_modules/jsdom/lib/jsdom/living/events/EventTarget-impl.js:360:16)
    at invokeEventListeners (/workspaces/indigenous-rising-ai/node_modules/jsdom/lib/jsdom/living/events/EventTarget-impl.js:296:3)
    at HTMLUnknownElementImpl._dispatch (/workspaces/indigenous-rising-ai/node_modules/jsdom/lib/jsdom/living/events/EventTarget-impl.js:243:9)
    at HTMLUnknownElementImpl.dispatchEvent (/workspaces/indigenous-rising-ai/node_modules/jsdom/lib/jsdom/living/events/EventTarget-impl.js:114:17)
Error: Test error
    at ThrowError (/workspaces/indigenous-rising-ai/src/components/ErrorBoundary.test.tsx:6:9)
    at renderWithHooks (/workspaces/indigenous-rising-ai/node_modules/react-dom/cjs/react-dom.development.js:15486:18)
    at mountIndeterminateComponent (/workspaces/indigenous-rising-ai/node_modules/react-dom/cjs/react-dom.development.js:20103:13)
    at beginWork (/workspaces/indigenous-rising-ai/node_modules/react-dom/cjs/react-dom.development.js:21626:16)
    at HTMLUnknownElement.callCallback (/workspaces/indigenous-rising-ai/node_modules/react-dom/cjs/react-dom.development.js:4164:14)
    at HTMLUnknownElement.callTheUserObjectsOperation (/workspaces/indigenous-rising-ai/node_modules/jsdom/lib/jsdom/living/generated/EventListener.js:26:30)
    at innerInvokeEventListeners (/workspaces/indigenous-rising-ai/node_modules/jsdom/lib/jsdom/living/events/EventTarget-impl.js:360:16)
    at invokeEventListeners (/workspaces/indigenous-rising-ai/node_modules/jsdom/lib/jsdom/living/events/EventTarget-impl.js:296:3)
    at HTMLUnknownElementImpl._dispatch (/workspaces/indigenous-rising-ai/node_modules/jsdom/lib/jsdom/living/events/EventTarget-impl.js:243:9)
    at HTMLUnknownElementImpl.dispatchEvent (/workspaces/indigenous-rising-ai/node_modules/jsdom/lib/jsdom/living/events/EventTarget-impl.js:114:17)
Error: Test error
    at ThrowError (/workspaces/indigenous-rising-ai/src/components/ErrorBoundary.test.tsx:6:9)
    at renderWithHooks (/workspaces/indigenous-rising-ai/node_modules/react-dom/cjs/react-dom.development.js:15486:18)
    at mountIndeterminateComponent (/workspaces/indigenous-rising-ai/node_modules/react-dom/cjs/react-dom.development.js:20103:13)
    at beginWork (/workspaces/indigenous-rising-ai/node_modules/react-dom/cjs/react-dom.development.js:21626:16)
    at HTMLUnknownElement.callCallback (/workspaces/indigenous-rising-ai/node_modules/react-dom/cjs/react-dom.development.js:4164:14)
    at HTMLUnknownElement.callTheUserObjectsOperation (/workspaces/indigenous-rising-ai/node_modules/jsdom/lib/jsdom/living/generated/EventListener.js:26:30)
    at innerInvokeEventListeners (/workspaces/indigenous-rising-ai/node_modules/jsdom/lib/jsdom/living/events/EventTarget-impl.js:360:16)
    at invokeEventListeners (/workspaces/indigenous-rising-ai/node_modules/jsdom/lib/jsdom/living/events/EventTarget-impl.js:296:3)
    at HTMLUnknownElementImpl._dispatch (/workspaces/indigenous-rising-ai/node_modules/jsdom/lib/jsdom/living/events/EventTarget-impl.js:243:9)
    at HTMLUnknownElementImpl.dispatchEvent (/workspaces/indigenous-rising-ai/node_modules/jsdom/lib/jsdom/living/events/EventTarget-impl.js:114:17)
 [32m✓[39m src/components/ErrorBoundary.test.tsx[2m > [22mErrorBoundary[2m > [22mshould render children when no error[32m 22[2mms[22m[39m
 [32m✓[39m src/components/ErrorBoundary.test.tsx[2m > [22mErrorBoundary[2m > [22mshould render error UI when error occurs[32m 39[2mms[22m[39m
 [32m✓[39m src/components/ErrorBoundary.test.tsx[2m > [22mErrorBoundary[2m > [22mshould display error details in development mode[32m 21[2mms[22m[39m
 [32m✓[39m src/components/__tests__/JourneyCard.test.tsx[2m > [22mJourneyCard[2m > [22mrenders stage, actions and progress[32m 46[2mms[22m[39m
 [32m✓[39m src/lib/sanitize.test.ts[2m > [22msanitizeHtml[2m > [22mshould remove all HTML tags[32m 10[2mms[22m[39m
 [32m✓[39m src/lib/sanitize.test.ts[2m > [22msanitizeHtml[2m > [22mshould remove dangerous attributes[32m 4[2mms[22m[39m
 [32m✓[39m src/lib/sanitize.test.ts[2m > [22msanitizeInput[2m > [22mshould trim whitespace[32m 0[2mms[22m[39m
 [32m✓[39m src/lib/sanitize.test.ts[2m > [22msanitizeInput[2m > [22mshould remove angle brackets[32m 0[2mms[22m[39m
 [32m✓[39m src/lib/sanitize.test.ts[2m > [22msanitizeInput[2m > [22mshould limit length[32m 0[2mms[22m[39m
 [32m✓[39m src/lib/sanitize.test.ts[2m > [22msanitizeEmail[2m > [22mshould lowercase email[32m 0[2mms[22m[39m
 [32m✓[39m src/lib/sanitize.test.ts[2m > [22msanitizeEmail[2m > [22mshould remove invalid characters[32m 0[2mms[22m[39m
 [32m✓[39m src/lib/sanitize.test.ts[2m > [22msanitizeEmail[2m > [22mshould trim whitespace[32m 0[2mms[22m[39m
 [32m✓[39m src/lib/sanitize.test.ts[2m > [22msanitizePhone[2m > [22mshould keep valid phone characters[32m 0[2mms[22m[39m
 [32m✓[39m src/lib/sanitize.test.ts[2m > [22msanitizePhone[2m > [22mshould remove invalid characters[32m 0[2mms[22m[39m
 [32m✓[39m src/lib/validation-schemas.test.ts[2m > [22mNewsletter Schema[2m > [22mvalidates correct email and consent[32m 2[2mms[22m[39m
 [32m✓[39m src/lib/validation-schemas.test.ts[2m > [22mNewsletter Schema[2m > [22mrejects invalid email format[32m 1[2mms[22m[39m
 [32m✓[39m src/lib/validation-schemas.test.ts[2m > [22mNewsletter Schema[2m > [22mrejects emails with plus-addressing[32m 1[2mms[22m[39m
 [32m✓[39m src/lib/validation-schemas.test.ts[2m > [22mNewsletter Schema[2m > [22mrequires consent to be true[32m 0[2mms[22m[39m
 [32m✓[39m src/lib/validation-schemas.test.ts[2m > [22mNewsletter Schema[2m > [22mrejects emails shorter than 5 characters[32m 0[2mms[22m[39m
 [32m✓[39m src/lib/validation-schemas.test.ts[2m > [22mNewsletter Schema[2m > [22mrejects emails longer than 100 characters[32m 0[2mms[22m[39m
 [32m✓[39m src/lib/validation-schemas.test.ts[2m > [22mData Request Schema[2m > [22mvalidates complete valid data[32m 0[2mms[22m[39m
 [32m✓[39m src/lib/validation-schemas.test.ts[2m > [22mData Request Schema[2m > [22mrejects names shorter than 2 characters[32m 0[2mms[22m[39m
 [32m✓[39m src/lib/validation-schemas.test.ts[2m > [22mData Request Schema[2m > [22mrejects names with invalid characters[32m 0[2mms[22m[39m
 [32m✓[39m src/lib/validation-schemas.test.ts[2m > [22mData Request Schema[2m > [22maccepts names with hyphens and apostrophes[32m 0[2mms[22m[39m
 [32m✓[39m src/lib/validation-schemas.test.ts[2m > [22mData Request Schema[2m > [22mrejects invalid email[32m 0[2mms[22m[39m
 [32m✓[39m src/lib/validation-schemas.test.ts[2m > [22mData Request Schema[2m > [22mvalidates all request types[32m 0[2mms[22m[39m
 [32m✓[39m src/lib/validation-schemas.test.ts[2m > [22mData Request Schema[2m > [22mrejects invalid request type[32m 0[2mms[22m[39m
 [32m✓[39m src/lib/validation-schemas.test.ts[2m > [22mData Request Schema[2m > [22mrequires details with minimum length[32m 0[2mms[22m[39m
 [32m✓[39m src/lib/validation-schemas.test.ts[2m > [22mData Request Schema[2m > [22mrejects details longer than 2000 characters[32m 0[2mms[22m[39m
 [32m✓[39m src/lib/validation-schemas.test.ts[2m > [22mData Request Schema[2m > [22mallows optional phone number[32m 0[2mms[22m[39m
 [32m✓[39m src/lib/validation-schemas.test.ts[2m > [22mContact Schema[2m > [22mvalidates complete valid contact data[32m 0[2mms[22m[39m
 [32m✓[39m src/lib/validation-schemas.test.ts[2m > [22mContact Schema[2m > [22mrejects names shorter than 2 characters[32m 0[2mms[22m[39m
 [32m✓[39m src/lib/validation-schemas.test.ts[2m > [22mContact Schema[2m > [22mrejects names longer than 100 characters[32m 0[2mms[22m[39m
 [32m✓[39m src/lib/validation-schemas.test.ts[2m > [22mContact Schema[2m > [22mrejects names with invalid characters[32m 0[2mms[22m[39m
 [32m✓[39m src/lib/validation-schemas.test.ts[2m > [22mContact Schema[2m > [22mvalidates email format[32m 0[2mms[22m[39m
 [32m✓[39m src/lib/validation-schemas.test.ts[2m > [22mContact Schema[2m > [22mrejects emails longer than 255 characters[32m 0[2mms[22m[39m
 [32m✓[39m src/lib/validation-schemas.test.ts[2m > [22mContact Schema[2m > [22mvalidates subject length constraints[32m 0[2mms[22m[39m
 [32m✓[39m src/lib/validation-schemas.test.ts[2m > [22mContact Schema[2m > [22mvalidates message length constraints[32m 0[2mms[22m[39m
 [32m✓[39m src/lib/validation-schemas.test.ts[2m > [22mContact Schema[2m > [22mallows optional phone number[32m 0[2mms[22m[39m
 [32m✓[39m src/lib/validation-schemas.test.ts[2m > [22mContact Schema[2m > [22maccepts valid international phone formats[32m 0[2mms[22m[39m
 [32m✓[39m src/lib/validation-schemas.test.ts[2m > [22mContact Schema[2m > [22mprovides meaningful error messages[32m 0[2mms[22m[39m

[31m⎯⎯⎯⎯⎯⎯[39m[1m[41m Failed Tests 25 [49m[22m[31m⎯⎯⎯⎯⎯⎯⎯[39m

[41m[1m FAIL [22m[49m src/components/DataRequestForm.test.tsx[2m > [22mDataRequestForm[2m > [22mrenders data request form with all fields
[41m[1m FAIL [22m[49m src/components/DataRequestForm.test.tsx[2m > [22mDataRequestForm[2m > [22mrenders all request type options
[41m[1m FAIL [22m[49m src/components/DataRequestForm.test.tsx[2m > [22mDataRequestForm[2m > [22mvalidates full name field
[41m[1m FAIL [22m[49m src/components/DataRequestForm.test.tsx[2m > [22mDataRequestForm[2m > [22mvalidates email format
[41m[1m FAIL [22m[49m src/components/DataRequestForm.test.tsx[2m > [22mDataRequestForm[2m > [22mvalidates request details minimum length
[41m[1m FAIL [22m[49m src/components/DataRequestForm.test.tsx[2m > [22mDataRequestForm[2m > [22mshows character count for details field
[41m[1m FAIL [22m[49m src/components/DataRequestForm.test.tsx[2m > [22mDataRequestForm[2m > [22mallows selecting different request types
[41m[1m FAIL [22m[49m src/components/DataRequestForm.test.tsx[2m > [22mDataRequestForm[2m > [22mhandles file upload with validation
[41m[1m FAIL [22m[49m src/components/DataRequestForm.test.tsx[2m > [22mDataRequestForm[2m > [22mrejects invalid file types
[41m[1m FAIL [22m[49m src/components/DataRequestForm.test.tsx[2m > [22mDataRequestForm[2m > [22msubmits form with valid data
[41m[1m FAIL [22m[49m src/components/DataRequestForm.test.tsx[2m > [22mDataRequestForm[2m > [22mdisplays success screen with tracking number
[41m[1m FAIL [22m[49m src/components/DataRequestForm.test.tsx[2m > [22mDataRequestForm[2m > [22mshows 30-day response timeframe
[41m[1m FAIL [22m[49m src/components/DataRequestForm.test.tsx[2m > [22mDataRequestForm[2m > [22mincludes privacy officer contact information
[41m[1m FAIL [22m[49m src/components/NewsletterSignup.test.tsx[2m > [22mNewsletterSignup[2m > [22mrenders newsletter signup form
[41m[1m FAIL [22m[49m src/components/NewsletterSignup.test.tsx[2m > [22mNewsletterSignup[2m > [22mvalidates email format
[41m[1m FAIL [22m[49m src/components/NewsletterSignup.test.tsx[2m > [22mNewsletterSignup[2m > [22mrequires consent checkbox to be checked
[41m[1m FAIL [22m[49m src/components/NewsletterSignup.test.tsx[2m > [22mNewsletterSignup[2m > [22menables submit button when form is valid and consent is given
[41m[1m FAIL [22m[49m src/components/NewsletterSignup.test.tsx[2m > [22mNewsletterSignup[2m > [22mrejects emails with plus-addressing
[41m[1m FAIL [22m[49m src/components/NewsletterSignup.test.tsx[2m > [22mNewsletterSignup[2m > [22mdisplays success message after successful submission
[41m[1m FAIL [22m[49m src/components/NewsletterSignup.test.tsx[2m > [22mNewsletterSignup[2m > [22mdisplays loading state during submission
[41m[1m FAIL [22m[49m src/components/NewsletterSignup.test.tsx[2m > [22mNewsletterSignup[2m > [22mshows privacy policy link
[41m[1m FAIL [22m[49m src/components/NewsletterSignup.test.tsx[2m > [22mNewsletterSignup[2m > [22mdisplays PIPEDA compliance message
[31m[1mReferenceError[22m: ResizeObserver is not defined[39m
[90m [2m❯[22m node_modules/@radix-ui/react-use-size/dist/index.mjs:[2m9:30[22m[39m
[90m [2m❯[22m commitHookEffectListMount node_modules/react-dom/cjs/react-dom.development.js:[2m23189:26[22m[39m
[90m [2m❯[22m commitLayoutEffectOnFiber node_modules/react-dom/cjs/react-dom.development.js:[2m23312:15[22m[39m
[90m [2m❯[22m commitLayoutMountEffects_complete node_modules/react-dom/cjs/react-dom.development.js:[2m24727:9[22m[39m
[90m [2m❯[22m commitLayoutEffects_begin node_modules/react-dom/cjs/react-dom.development.js:[2m24713:7[22m[39m
[90m [2m❯[22m commitLayoutEffects node_modules/react-dom/cjs/react-dom.development.js:[2m24651:3[22m[39m
[90m [2m❯[22m commitRootImpl node_modules/react-dom/cjs/react-dom.development.js:[2m26862:5[22m[39m
[90m [2m❯[22m commitRoot node_modules/react-dom/cjs/react-dom.development.js:[2m26721:5[22m[39m
[90m [2m❯[22m performSyncWorkOnRoot node_modules/react-dom/cjs/react-dom.development.js:[2m26156:3[22m[39m
[90m [2m❯[22m flushSyncCallbacks node_modules/react-dom/cjs/react-dom.development.js:[2m12042:22[22m[39m

[31m[2m⎯⎯⎯⎯⎯⎯⎯⎯⎯⎯⎯⎯⎯⎯⎯⎯⎯⎯⎯⎯⎯⎯⎯[1/25]⎯[22m[39m

[41m[1m FAIL [22m[49m src/components/DataRequestForm.test.tsx[2m > [22mDataRequestForm[2m > [22mrejects files larger than 5MB
[31m[1mError[22m: [vitest] No "toast" export is defined on the "@/hooks/use-toast" mock. Did you forget to return it from "vi.mock"?
If you need to partially mock a module, you can use "importOriginal" helper inside:
[39m
vi.mock(import("@/hooks/use-toast"), async (importOriginal) => {
  const actual = await importOriginal()
  return {
    ...actual,
    // your mocked methods
  }
})

[36m [2m❯[22m src/components/DataRequestForm.test.tsx:[2m149:13[22m[39m
    [90m147| [39m  [34mit[39m([32m'rejects files larger than 5MB'[39m[33m,[39m [35masync[39m () [33m=>[39m {
    [90m148| [39m    [35mconst[39m user [33m=[39m userEvent[33m.[39m[34msetup[39m()[33m;[39m
    [90m149| [39m    [35mconst[39m { toast } [33m=[39m [35mawait[39m [35mimport[39m([32m'@/hooks/use-toast'[39m)[33m;[39m
    [90m   | [39m            [31m^[39m
    [90m150| [39m    
    [90m151| [39m    [34mrenderComponent[39m()[33m;[39m

[31m[2m⎯⎯⎯⎯⎯⎯⎯⎯⎯⎯⎯⎯⎯⎯⎯⎯⎯⎯⎯⎯⎯⎯⎯[2/25]⎯[22m[39m

[41m[1m FAIL [22m[49m src/pages/Index.test.tsx[2m > [22mIndex Page[2m > [22mrenders all main sections in correct order
[31m[1mTestingLibraryElementError[22m[39m: Unable to find an element by: [data-testid="faq"]

Ignored nodes: comments, script, style
[36m<body>[39m
  [36m<div>[39m
    [36m<div[39m
      [33mclass[39m=[32m"min-h-screen bg-background"[39m
    [36m>[39m
      [36m<div[39m
        [33mdata-testid[39m=[32m"meta-tags"[39m
      [36m>[39m
        [0mMeta Tags[0m
      [36m</div>[39m
      [36m<div[39m
        [33mdata-testid[39m=[32m"progress-bar"[39m
      [36m>[39m
        [0mProgress Bar[0m
      [36m</div>[39m
      [36m<a[39m
        [33mclass[39m=[32m"skip-link"[39m
        [33mhref[39m=[32m"#main-content"[39m
      [36m>[39m
        [0mSkip to main content[0m
      [36m</a>[39m
      [36m<nav[39m
        [33mdata-testid[39m=[32m"navigation"[39m
      [36m>[39m
        [0mNavigation[0m
      [36m</nav>[39m
      [36m<main[39m
        [33mid[39m=[32m"main-content"[39m
        [33mrole[39m=[32m"main"[39m
      [36m>[39m
        [36m<section[39m
          [33mdata-testid[39m=[32m"hero"[39m
        [36m>[39m
          [0mHero Section[0m
        [36m</section>[39m
        [36m<section[39m
          [33mclass[39m=[32m"py-16 bg-card/30 border-y border-border/30"[39m
        [36m>[39m
          [36m<div[39m
            [33mclass[39m=[32m"container mx-auto px-4"[39m
          [36m>[39m
            [36m<div[39m
              [33mclass[39m=[32m"text-center mb-10"[39m
            [36m>[39m
              [36m<p[39m
                [33mclass[39m=[32m"text-sm font-medium text-muted-foreground uppercase tracking-wider"[39m
              [36m>[39m
                [0mTrusted by Leading Indigenous Organizations[0m
              [36m</p>[39m
            [36m</div>[39m
            [36m<div[39m
              [33mclass[39m=[32m"grid grid-cols-2 md:grid-cols-3 lg:grid-cols-6 gap-8 items-center justify-items-center"[39m
            [36m>[39m
              [36m<div[39m
                [33mclass[39m=[32m"group flex flex-col items-center gap-3 animate-fade-in-up"[39m
                [33mstyle[39m=[32m"animation-delay: 0s;"[39m
              [36m>[39m
                [36m<div[39m
                  [33mclass[39m=[32m"relative w-20 h-20 md:w-24 md:h-24 rounded-xl bg-background p-3 border border-border/50 shadow-sm group-hover:shadow-natural group-hover:border-primary/30 transition-all duration-300"[39m
                [36m>[39m
                  [36m<img[39m
                    [33malt[39m=[32m"National Aboriginal Capital Corporations Association logo"[39m
                    [33mclass[39m=[32m"w-full h-full object-contain filter grayscale group-hover:grayscale-0 transition-all duration-300"[39m
                    [33mloading[39m=[32m"lazy"[39m
                    [33msrc[39m=[32m"/src/assets/logo-nacca.png"[39m
                  [36m/>[39m
                [36m</div>[39m
                [36m<div[39m
                  [33mclass[39m=[32m"text-center"[39m
                [36m>[39m
                  [36m<p[39m
                    [33mclass[39m=[32m"text-xs font-semibold text-foreground/80 group-hover:text-primary transition-colors"[39m
                  [36m>[39m
                    [0mNACCA[0m
                  [36m</p>[39m
                  [36m<p[39m
                    [33mclass[39m=[32m"text-[10px] text-muted-foreground max-w-[120px] leading-tight hidden md:block"[39m
                  [36m>[39m
                    [0mNational Aboriginal Capital Corporations Association[0m
                  [36m</p>[39m
                [36m</div>[39m
              [36m</div>[39m
              [36m<div[39m
                [33mclass[39m=[32m"group flex flex-col items-center gap-3 animate-fade-in-up"[39m
                [33mstyle[39m=[32m"animation-delay: 0.1s;"[39m
              [36m>[39m
                [36m<div[39m
                  [33mclass[39m=[32m"relative w-20 h-20 md:w-24 md:h-24 rounded-xl bg-background p-3 border border-border/50 shadow-sm group-hover:shadow-natural group-hover:border-primary/30 transition-all duration-300"[39m
                [36m>[39m
                  [36m<img[39m
                    [33malt[39m=[32m"Canadian Council for Indigenous Business logo"[39m
                    [33mclass[39m=[32m"w-full h-full object-contain filter grayscale group-hover:grayscale-0 transition-all duration-300"[39m
                    [33mloading[39m=[32m"lazy"[39m
                    [33msrc[39m=[32m"/src/assets/logo-ccib.png"[39m
                  [36m/>[39m
                [36m</div>[39m
                [36m<div[39m
                  [33mclass[39m=[32m"text-center"[39m
                [36m>[39m
                  [36m<p[39m
                    [33mclass[39m=[32m"text-xs font-semibold text-foreground/80 group-hover:text-primary transition-colors"[39m
                  [36m>[39m
                    [0mCCIB[0m
                  [36m</p>[39m
                  [36m<p[39m
                    [33mclass[39m=[32m"text-[10px] text-muted-foreground max-w-[120px] leading-tight hidden md:block"[39m
                  [36m>[39m
                    [0mCanadian Council for Indigenous Business[0m
                  [36m</p>[39m
                [36m</div>[39m
              [36m</div>[39m
              [36m<div[39m
                [33mclass[39m=[32m"group flex flex-col items-center gap-3 animate-fade-in-up"[39m
                [33mstyle[39m=[32m"animation-delay: 0.2s;"[39m
              [36m>[39m
                [36m<div[39m
                  [33mclass[39m=[32m"relative w-20 h-20 md:w-24 md:h-24 rounded-xl bg-background p-3 border border-border/50 shadow-sm group-hover:shadow-natural group-hover:border-primary/30 transition-all duration-300"[39m
                [36m>[39m
                  [36m<img[39m
                    [33malt[39m=[32m"Assembly of First Nations logo"[39m
                    [33mclass[39m=[32m"w-full h-full object-contain filter grayscale group-hover:grayscale-0 transition-all duration-300"[39m
                    [33mloading[39m=[32m"lazy"[39m
                    [33msrc[39m=[32m"/src/assets/logo-afn.png"[39m
                  [36m/>[39m
                [36m</div>[39m
                [36m<div[39m
                  [33mclass[39m=[32m"text-center"[39m
                [36m>[39m
                  [36m<p[39m
                    [33mclass[39m=[32m"text-xs font-semibold text-foreground/80 group-hover:text-primary transition-colors"[39m
                  [36m>[39m
                    [0mAFN[0m
                  [36m</p>[39m
                  [36m<p[39m
                    [33mclass[39m=[32m"text-[10px] text-muted-foreground max-w-[120px] leading-tight hidden md:block"[39m
                  [36m>[39m
                    [0mAssembly of First Nations[0m
                  [36m</p>[39m
                [36m</div>[39m
              [36m</div>[39m
              [36m<div[39m
                [33...
[90m [2m❯[22m Object.getElementError node_modules/@testing-library/dom/dist/config.js:[2m37:19[22m[39m
[90m [2m❯[22m node_modules/@testing-library/dom/dist/query-helpers.js:[2m76:38[22m[39m
[90m [2m❯[22m node_modules/@testing-library/dom/dist/query-helpers.js:[2m52:17[22m[39m
[90m [2m❯[22m getByTestId node_modules/@testing-library/dom/dist/query-helpers.js:[2m95:19[22m[39m
[36m [2m❯[22m forEach src/pages/Index.test.tsx:[2m123:21[22m[39m
    [90m121| [39m    
    [90m122| [39m    sections[33m.[39m[34mforEach[39m(sectionId [33m=>[39m {
    [90m123| [39m      [34mexpect[39m(screen[33m.[39m[34mgetByTestId[39m(sectionId))[33m.[39m[34mtoBeInTheDocument[39m()[33m;[39m
    [90m   | [39m                    [31m^[39m
    [90m124| [39m    })[33m;[39m
    [90m125| [39m  })[33m;[39m
[90m [2m❯[22m src/pages/Index.test.tsx:[2m122:14[22m[39m

[31m[2m⎯⎯⎯⎯⎯⎯⎯⎯⎯⎯⎯⎯⎯⎯⎯⎯⎯⎯⎯⎯⎯⎯⎯[3/25]⎯[22m[39m

[41m[1m FAIL [22m[49m src/components/__tests__/PlanStepper.test.tsx[2m > [22mPlanStepper[2m > [22muses AI co-pilot and records progress event
[31m[1mError[22m: [2mexpect([22m[31melement[31m[2m).toHaveValue([22m[32mStringContaining[31m[2m)[22m

Expected the element to have value:
[32m  StringContaining "Edited by AI co-pilot"[31m
Received:
[31m  My vision statement

  (Edited by AI co-pilot for clarity and alignment with Indigenous values)[31m

Ignored nodes: comments, script, style
[36m<html>[31m
  [36m<head />[31m
  [36m<body>[31m
    [36m<div>[31m
      [36m<div[31m
        [33mclass[31m=[32m"bg-white/4 p-6 rounded-lg space-y-4"[31m
      [36m>[31m
        [36m<div[31m
          [33mclass[31m=[32m"flex items-center justify-between"[31m
        [36m>[31m
          [36m<div>[31m
            [36m<p[31m
              [33mclass[31m=[32m"text-sm text-white/70"[31m
            [36m>[31m
              [0mStep [0m
              [0m1[0m
              [0m of [0m
              [0m6[0m
            [36m</p>[31m
            [36m<h2[31m
              [33mclass[31m=[32m"text-xl font-semibold"[31m
            [36m>[31m
              [0mVision[0m
            [36m</h2>[31m
          [36m</div>[31m
          [36m<div[31m
            [33mclass[31m=[32m"text-sm text-white/70"[31m
          [36m>[31m
            [0mProgress: [0m
            [0m17[0m
            [0m%[0m
          [36m</div>[31m
        [36m</div>[31m
        [36m<textarea[31m
          [33mclass[31m=[32m"w-full bg-transparent border border-white/10 rounded-md p-3 min-h-[120px] text-white"[31m
          [33mplaceholder[31m=[32m"Write your vision..."[31m
        [36m>[31m
          [0mMy vision statement

(Edited by AI co-pilot for clarity and alignment with Indigenous values)[0m
        [36m</textarea>[31m
        [36m<div[31m
          [33mclass[31m=[32m"flex items-center gap-3"[31m
        [36m>[31m
          [36m<button[31m
            [33mclass[31m=[32m"px-3 py-2 bg-emerald-500 rounded-md text-white text-sm"[31m
          [36m>[31m
            [0mUse AI co-pilot[0m
          [36m</button>[31m
          [36m<button[31m
            [33mclass[31m=[32m"px-3 py-2 bg-indigo-600 rounded-md text-white text-sm"[31m
          [36m>[31m
            [0mExport bank-ready PDF[0m
          [36m</button>[31m
          [36m<div[31m
            [33mclass[31m=[32m"ml-auto flex items-center gap-2"[31m
          [36m>[31m
            [36m<button[31m
              [33mclass[31m=[32m"px-3 py-2 bg-white/6 rounded-md text-white/90 text-sm disabled:opacity-50"[31m
              [33mdisabled[31m=[32m""[31m
            [36m>[31m
              [0mBack[0m
            [36m</button>[31m
            [36m<button[31m
              [33mclass[31m=[32m"px-3 py-2 bg-white/8 rounded-md text-white text-sm"[31m
            [36m>[31m
              [0mNext[0m
            [36m</button>[31m
          [36m</div>[31m
        [36m</div>[31m
      [36m</div>[31m
    [36m</div>[31m
  [36m</body>[31m
[36m</html>[31m[39m
[36m [2m❯[22m src/components/__tests__/PlanStepper.test.tsx:[2m18:42[22m[39m
    [90m 16| [39m    fireEvent[33m.[39m[34mclick[39m(aiButton)[33m;[39m
    [90m 17| [39m
    [90m 18| [39m    await waitFor(() => expect(textarea).toHaveValue(expect.stringCont…
    [90m   | [39m                                         [31m^[39m
    [90m 19| [39m
    [90m 20| [39m    [90m// click Next to complete section (should record analytics)[39m
[90m [2m❯[22m runWithExpensiveErrorDiagnosticsDisabled node_modules/@testing-library/dom/dist/config.js:[2m47:12[22m[39m
[90m [2m❯[22m checkCallback node_modules/@testing-library/dom/dist/wait-for.js:[2m124:77[22m[39m
[90m [2m❯[22m Timeout.checkRealTimersCallback node_modules/@testing-library/dom/dist/wait-for.js:[2m118:16[22m[39m

[31m[2m⎯⎯⎯⎯⎯⎯⎯⎯⎯⎯⎯⎯⎯⎯⎯⎯⎯⎯⎯⎯⎯⎯⎯[4/25]⎯[22m[39m


[2m Test Files [22m [1m[31m4 failed[39m[22m[2m | [22m[1m[32m6 passed[39m[22m[90m (10)[39m
[2m      Tests [22m [1m[31m25 failed[39m[22m[2m | [22m[1m[32m51 passed[39m[22m[90m (76)[39m
[2m   Start at [22m 08:42:19
[2m   Duration [22m 14.36s[2m (transform 958ms, setup 1.80s, collect 1.88s, tests 3.42s, environment 5.45s, prepare 100ms)[22m

